10-06 14:34:22.823  1921  6242 D CompatibilityChangeReporter: Compat change id reported: 177438394; UID 10144; state: DISABLED
10-06 14:34:22.823  1921  6242 D CompatibilityChangeReporter: Compat change id reported: 135772972; UID 10144; state: DISABLED
10-06 14:34:22.823  1921  6242 D CompatibilityChangeReporter: Compat change id reported: 135754954; UID 10144; state: ENABLED
10-06 14:34:22.824  1921  2039 D CompatibilityChangeReporter: Compat change id reported: 143937733; UID 10144; state: ENABLED
10-06 14:34:22.837  1921  2039 I ActivityManager: Start proc 22408:com.google.android.videos/u0a144 for broadcast {com.google.android.videos/com.google.android.libraries.social.peoplekit.thirdparty.viewcontrollers.ThirdPartyReceiver}
10-06 14:34:22.871  1921  2625 D CompatibilityChangeReporter: Compat change id reported: 168419799; UID 10144; state: DISABLED
10-06 14:34:23.195  1921  2505 W NotificationService: Toast already killed. pkg=com.google.android.packageinstaller token=android.os.BinderProxy@6dcb6b4
10-06 14:34:23.538  2492 10856 D PowerUI : can't show warning due to - plugged: true status unknown: false
10-06 14:34:23.538  1921  2932 D CompatibilityChangeReporter: Compat change id reported: 135634846; UID 10054; state: DISABLED
10-06 14:34:23.538  1921  2932 D CompatibilityChangeReporter: Compat change id reported: 177438394; UID 10054; state: DISABLED
10-06 14:34:23.538  1921  2932 D CompatibilityChangeReporter: Compat change id reported: 135772972; UID 10054; state: DISABLED
10-06 14:34:23.539  1921  2932 D CompatibilityChangeReporter: Compat change id reported: 135754954; UID 10054; state: ENABLED
10-06 14:34:23.540  1921  2039 D CompatibilityChangeReporter: Compat change id reported: 143937733; UID 10054; state: ENABLED
10-06 14:34:23.555  1921  2039 I ActivityManager: Start proc 22468:android.process.media/u0a54 for broadcast {com.android.providers.downloads/com.android.providers.downloads.DownloadReceiver}
10-06 14:34:23.611  1921  2505 D CompatibilityChangeReporter: Compat change id reported: 168419799; UID 10054; state: DISABLED
10-06 14:34:23.937  1921  2505 W BroadcastQueue: Background execution not allowed: receiving Intent { act=android.intent.action.PACKAGE_ADDED dat=package:org.my_organization.test flg=0x4000010 (has extras) } to com.google.android.packageinstaller/com.android.packageinstaller.PackageInstalledReceiver
10-06 14:34:23.938  1921  2038 W BroadcastQueue: Background execution not allowed: receiving Intent { act=android.intent.action.PACKAGE_ADDED dat=package:org.my_organization.test flg=0x4000010 (has extras) } to com.android.vending/com.google.android.finsky.packagemonitor.impl.PackageMonitorReceiverImpl$RegisteredReceiver
10-06 14:34:23.938  1921  2038 W BroadcastQueue: Background execution not allowed: receiving Intent { act=android.intent.action.PACKAGE_ADDED dat=package:org.my_organization.test flg=0x4000010 (has extras) } to com.android.vending/com.google.android.finsky.packagemonitor.backgroundimpl.BackgroundPackageMonitorReceiverImpl$RegisteredReceiver
10-06 14:34:23.938  1921  2038 W BroadcastQueue: Background execution not allowed: receiving Intent { act=android.intent.action.PACKAGE_ADDED dat=package:org.my_organization.test flg=0x4000010 (has extras) } to com.google.android.apps.nbu.files/.documentbrowser.browselanding.rootcontainerlist.receiver.PackageChangeReceiver_Receiver
10-06 14:34:23.938  1921  2038 W BroadcastQueue: Background execution not allowed: receiving Intent { act=android.intent.action.PACKAGE_ADDED dat=package:org.my_organization.test flg=0x4000010 (has extras) } to com.google.android.ext.services/com.android.adservices.service.common.PackageChangedReceiver
10-06 14:34:23.939  1921  2038 W BroadcastQueue: Background execution not allowed: receiving Intent { act=android.intent.action.PACKAGE_ADDED dat=package:org.my_organization.test flg=0x4000010 (has extras) } to com.google.android.gms/.chimera.GmsIntentOperationService$PersistentTrustedReceiver
10-06 14:34:23.939  1921  2038 W BroadcastQueue: Background execution not allowed: receiving Intent { act=android.intent.action.PACKAGE_ADDED dat=package:org.my_organization.test flg=0x4000010 (has extras) } to com.google.android.gms/.gass.chimera.PackageChangeBroadcastReceiver
10-06 14:34:24.000  1921  2505 D CompatibilityChangeReporter: Compat change id reported: 168419799; UID 10109; state: DISABLED
10-06 14:34:33.931  1921  1921 W WindowManager: removeWindowToken: Attempted to remove non-existing token: android.os.Binder@b6ec321
10-06 14:34:34.579  1921  3677 I ActivityTaskManager: START u0 {act=android.intent.action.MAIN cat=[android.intent.category.LAUNCHER] flg=0x10200000 cmp=org.my_organization.test/android.app.NativeActivity bnds=[540,1478][800,1808]} from uid 10238
10-06 14:34:34.583  1921  3677 W ActivityTaskManager: Can't find TaskDisplayArea to determine support for multi window. Task id=448 attached=false
10-06 14:34:34.586  1921  3677 D CompatibilityChangeReporter: Compat change id reported: 174042980; UID 10252; state: DISABLED
10-06 14:34:34.587  1921  3677 D CompatibilityChangeReporter: Compat change id reported: 184838306; UID 10252; state: DISABLED
10-06 14:34:34.588  1921  3677 D CompatibilityChangeReporter: Compat change id reported: 185004937; UID 10252; state: DISABLED
10-06 14:34:34.588  1921  3677 D CompatibilityChangeReporter: Compat change id reported: 181136395; UID 10252; state: DISABLED
10-06 14:34:34.588  1921  3677 D CompatibilityChangeReporter: Compat change id reported: 174042936; UID 10252; state: DISABLED
10-06 14:34:34.590  1921  3677 D CompatibilityChangeReporter: Compat change id reported: 197654537; UID 10252; state: ENABLED
10-06 14:34:34.606  1921  2027 D CompatibilityChangeReporter: Compat change id reported: 135634846; UID 10252; state: DISABLED
10-06 14:34:34.606  1921  2027 D CompatibilityChangeReporter: Compat change id reported: 177438394; UID 10252; state: DISABLED
10-06 14:34:34.606  1921  2027 D CompatibilityChangeReporter: Compat change id reported: 135772972; UID 10252; state: DISABLED
10-06 14:34:34.606  1921  2027 D CompatibilityChangeReporter: Compat change id reported: 135754954; UID 10252; state: ENABLED
10-06 14:34:34.606  1921  2039 D CompatibilityChangeReporter: Compat change id reported: 143937733; UID 10252; state: ENABLED
10-06 14:34:34.620  1921  2039 I ActivityManager: Start proc 22500:org.my_organization.test/u0a252 for pre-top-activity {org.my_organization.test/android.app.NativeActivity}
10-06 14:34:34.736 22500 22500 E AndroidRuntime: FATAL EXCEPTION: main
10-06 14:34:34.736 22500 22500 E AndroidRuntime: Process: org.my_organization.test, PID: 22500
10-06 14:34:34.736 22500 22500 E AndroidRuntime: java.lang.UnsatisfiedLinkError: Unable to load native library "/data/app/~~ebKipFf-LxB9QlFtTlKfLw==/org.my_organization.test-5nwDHif4fzDm_xVlZFHrYQ==/lib/arm64/libmain.so": dlopen failed: cannot locate symbol "getauxval" referenced by "/data/app/~~ebKipFf-LxB9QlFtTlKfLw==/org.my_organization.test-5nwDHif4fzDm_xVlZFHrYQ==/lib/arm64/libmain.so"...
10-06 14:34:34.736 22500 22500 E AndroidRuntime: 	at android.app.NativeActivity.onCreate(NativeActivity.java:178)
10-06 14:34:34.736 22500 22500 E AndroidRuntime: 	at android.app.Activity.performCreate(Activity.java:8054)
10-06 14:34:34.736 22500 22500 E AndroidRuntime: 	at android.app.Activity.performCreate(Activity.java:8034)
10-06 14:34:34.736 22500 22500 E AndroidRuntime: 	at android.app.Instrumentation.callActivityOnCreate(Instrumentation.java:1341)
10-06 14:34:34.736 22500 22500 E AndroidRuntime: 	at android.app.ActivityThread.performLaunchActivity(ActivityThread.java:3688)
10-06 14:34:34.736 22500 22500 E AndroidRuntime: 	at android.app.ActivityThread.handleLaunchActivity(ActivityThread.java:3864)
10-06 14:34:34.736 22500 22500 E AndroidRuntime: 	at android.app.servertransaction.LaunchActivityItem.execute(LaunchActivityItem.java:103)
10-06 14:34:34.736 22500 22500 E AndroidRuntime: 	at android.app.servertransaction.TransactionExecutor.executeCallbacks(TransactionExecutor.java:135)
10-06 14:34:34.736 22500 22500 E AndroidRuntime: 	at android.app.servertransaction.TransactionExecutor.execute(TransactionExecutor.java:95)
10-06 14:34:34.736 22500 22500 E AndroidRuntime: 	at android.app.ActivityThread$H.handleMessage(ActivityThread.java:2253)
10-06 14:34:34.736 22500 22500 E AndroidRuntime: 	at android.os.Handler.dispatchMessage(Handler.java:106)
10-06 14:34:34.736 22500 22500 E AndroidRuntime: 	at android.os.Looper.loopOnce(Looper.java:201)
10-06 14:34:34.736 22500 22500 E AndroidRuntime: 	at android.os.Looper.loop(Looper.java:288)
10-06 14:34:34.736 22500 22500 E AndroidRuntime: 	at android.app.ActivityThread.main(ActivityThread.java:7870)
10-06 14:34:34.736 22500 22500 E AndroidRuntime: 	at java.lang.reflect.Method.invoke(Native Method)
10-06 14:34:34.736 22500 22500 E AndroidRuntime: 	at com.android.internal.os.RuntimeInit$MethodAndArgsCaller.run(RuntimeInit.java:548)
10-06 14:34:34.736 22500 22500 E AndroidRuntime: 	at com.android.internal.os.ZygoteInit.main(ZygoteInit.java:1003)
10-06 14:34:34.739  1921 22515 I DropBoxManagerService: add tag=data_app_crash isTagEnabled=true flags=0x2
10-06 14:34:34.739  1921  3677 W ActivityTaskManager:   Force finishing activity org.my_organization.test/android.app.NativeActivity
10-06 14:34:34.758  1921  2038 W BroadcastQueue: Background execution not allowed: receiving Intent { act=android.intent.action.DROPBOX_ENTRY_ADDED flg=0x10 (has extras) } to com.google.android.gms/.stats.service.DropBoxEntryAddedReceiver
10-06 14:34:34.767  1921  2505 I ActivityManager: Process org.my_organization.test (pid 22500) has died: fg  TOP 
10-06 14:34:34.781  1921  7769 W ActivityTaskManager: Request to remove task ignored for non-existent task 447
10-06 14:34:35.022  1921  2028 W ActivityTaskManager: Can't find TaskDisplayArea to determine support for multi window. Task id=448 attached=false
10-06 14:34:35.022  1921  2028 W ActivityTaskManager: Can't find TaskDisplayArea to determine support for multi window. Task id=448 attached=false
10-06 14:34:35.139  1921  2288 W WindowManager: Failed looking up window session=Session{f7fe9f0 2492:u0a10191} callers=com.android.server.wm.WindowManagerService.windowForClientLocked:5747 com.android.server.wm.WindowManagerService.relayoutWindow:2227 com.android.server.wm.Session.relayout:235 
10-06 14:34:35.142  1921  6242 W WindowManager: Cannot find window which accessibility connection is added to
10-06 14:34:35.143  1921  6242 W WindowManager: Failed looking up window session=Session{f7fe9f0 2492:u0a10191} callers=com.android.server.wm.WindowManagerService.windowForClientLocked:5747 com.android.server.wm.WindowManagerService.removeWindow:2031 com.android.server.wm.Session.remove:218 
10-06 14:34:35.241  1921  2027 W ActivityTaskManager: Activity top resumed state loss timeout for ActivityRecord{d54dc38 u0 org.my_organization.test/android.app.NativeActivity t-1 f}}
10-06 14:35:23.570  2492  8442 D PowerUI : can't show warning due to - plugged: true status unknown: false
10-06 14:35:59.360  1921  8266 D CompatibilityChangeReporter: Compat change id reported: 171306433; UID 1000; state: ENABLED
10-06 14:36:15.050  1921  2037 I UsageStatsService: User[0] Flushing usage stats to disk
10-06 14:36:23.560  2492 11008 D PowerUI : can't show warning due to - plugged: true status unknown: false
10-06 14:37:23.559  2492 10923 D PowerUI : can't show warning due to - plugged: true status unknown: false
10-06 14:37:36.920  1921  2349 D NsdService: unregister service
10-06 14:37:36.920  1921  2349 D NsdService: mdnssd [stop-register, 1413]
10-06 14:37:37.132  1921  2349 D NsdService: Register service
10-06 14:37:37.132  1921  2349 D NsdService: registerService: 1414 name: I1hJV1L8n14AAA, type: _FC9F5ED42C8A._tcp, host: null, port: 53601, txtRecord: f=5200n=MqwqS-LSgvZO8c126T4SSp8IPv4=192.168.0.102
10-06 14:37:37.132  1921  2349 D NsdService: mdnssd [register, 1414, I1hJV1L8n14AAA, _FC9F5ED42C8A._tcp, 53601, BmY9NTIwMBluPU1xd3FTLUxTZ3ZaTzhjMTI2VDRTU3A4EklQdjQ9MTkyLjE2OC4wLjEwMg==]
10-06 14:37:37.134  1921  2349 D NsdService: Register 21 1414
10-06 14:37:37.808  1921  2349 D NsdService: Native daemon message SERVICE_REGISTERED: 606 1414 "I1hJV1L8n14AAA"
10-06 14:37:49.618  1921  2089 I PackageManager: Integrity check passed for file:///data/app/vmdl774927733.tmp
10-06 14:37:49.945  1921  7769 D CompatibilityChangeReporter: Compat change id reported: 135634846; UID 10103; state: DISABLED
10-06 14:37:49.945  1921  7769 D CompatibilityChangeReporter: Compat change id reported: 177438394; UID 10103; state: DISABLED
10-06 14:37:49.946  1921  7769 D CompatibilityChangeReporter: Compat change id reported: 135772972; UID 10103; state: DISABLED
10-06 14:37:49.946  1921  7769 D CompatibilityChangeReporter: Compat change id reported: 135754954; UID 10103; state: ENABLED
10-06 14:37:49.947  1921  2039 D CompatibilityChangeReporter: Compat change id reported: 143937733; UID 10103; state: ENABLED
10-06 14:37:49.962  1921  2039 I ActivityManager: Start proc 22581:com.android.vending:com.google.android.finsky.verifier.apkanalysis.service.ApkContentsScanService/u0i70 for service {com.android.vending/com.google.android.finsky.verifier.apkanalysis.service.ApkContentsScanService}
10-06 14:37:51.222  1921  8266 I ActivityManager: Killing 22581:com.android.vending:com.google.android.finsky.verifier.apkanalysis.service.ApkContentsScanService/u0a103i70 (adj 0): isolated not needed
10-06 14:37:51.264  1921  2038 I ActivityManager: Force stopping org.my_organization.test appid=10252 user=-1: installPackageLI
10-06 14:37:51.264  1921  2089 I PackageManager: Update package org.my_organization.test code path from /data/app/~~ebKipFf-LxB9QlFtTlKfLw==/org.my_organization.test-5nwDHif4fzDm_xVlZFHrYQ== to /data/app/~~w5FjnjDS7D5YTUR1n1zLlw==/org.my_organization.test-OOHBVuzFIcGvqxV3nfcyAw==; Retain data and using new
10-06 14:37:51.330  1921  2089 I ActivityManager: Force stopping org.my_organization.test appid=10252 user=0: pkg removed
10-06 14:37:51.363  1921  2038 W BroadcastQueue: Background execution not allowed: receiving Intent { act=android.intent.action.PACKAGE_REMOVED dat=package:org.my_organization.test flg=0x4000010 (has extras) } to com.android.vending/com.google.android.finsky.packagemonitor.impl.PackageMonitorReceiverImpl$RegisteredReceiver
10-06 14:37:51.363  1921  2038 W BroadcastQueue: Background execution not allowed: receiving Intent { act=android.intent.action.PACKAGE_REMOVED dat=package:org.my_organization.test flg=0x4000010 (has extras) } to com.android.vending/com.google.android.finsky.packagemonitor.backgroundimpl.BackgroundPackageMonitorReceiverImpl$RegisteredReceiver
10-06 14:37:51.365  1921  2038 W BroadcastQueue: Background execution not allowed: receiving Intent { act=android.intent.action.PACKAGE_REMOVED dat=package:org.my_organization.test flg=0x4000010 (has extras) } to com.android.vending/com.google.android.finsky.instantapps.appmanagement.InstantAppRemoveMonitor
10-06 14:37:51.365  1921  2038 W BroadcastQueue: Background execution not allowed: receiving Intent { act=android.intent.action.PACKAGE_REMOVED dat=package:org.my_organization.test flg=0x4000010 (has extras) } to com.google.android.gms/.chimera.GmsIntentOperationService$PersistentTrustedReceiver
10-06 14:37:51.407  1921  2038 W BroadcastQueue: Background execution not allowed: receiving Intent { act=android.intent.action.PACKAGE_REMOVED dat=package:org.my_organization.test flg=0x4000010 (has extras) } to com.google.android.videos/com.google.android.libraries.social.peoplekit.thirdparty.viewcontrollers.ThirdPartyReceiver
10-06 14:37:51.414  1921  2089 D CompatibilityChangeReporter: Compat change id reported: 168419799; UID 10252; state: DISABLED
10-06 14:37:51.422  1921  2038 W BroadcastQueue: Background execution not allowed: receiving Intent { act=android.intent.action.PACKAGE_ADDED dat=package:org.my_organization.test flg=0x4000010 (has extras) } to com.google.android.packageinstaller/com.android.packageinstaller.PackageInstalledReceiver
10-06 14:37:51.422  1921  2038 W BroadcastQueue: Background execution not allowed: receiving Intent { act=android.intent.action.PACKAGE_ADDED dat=package:org.my_organization.test flg=0x4000010 (has extras) } to com.android.vending/com.google.android.finsky.packagemonitor.impl.PackageMonitorReceiverImpl$RegisteredReceiver
10-06 14:37:51.422  1921  2038 W BroadcastQueue: Background execution not allowed: receiving Intent { act=android.intent.action.PACKAGE_ADDED dat=package:org.my_organization.test flg=0x4000010 (has extras) } to com.android.vending/com.google.android.finsky.packagemonitor.backgroundimpl.BackgroundPackageMonitorReceiverImpl$RegisteredReceiver
10-06 14:37:51.422  1921  2038 W BroadcastQueue: Background execution not allowed: receiving Intent { act=android.intent.action.PACKAGE_ADDED dat=package:org.my_organization.test flg=0x4000010 (has extras) } to com.google.android.apps.nbu.files/.documentbrowser.browselanding.rootcontainerlist.receiver.PackageChangeReceiver_Receiver
10-06 14:37:51.422  1921  2038 W BroadcastQueue: Background execution not allowed: receiving Intent { act=android.intent.action.PACKAGE_ADDED dat=package:org.my_organization.test flg=0x4000010 (has extras) } to com.google.android.ext.services/com.android.adservices.service.common.PackageChangedReceiver
10-06 14:37:51.422  1921  2038 W BroadcastQueue: Background execution not allowed: receiving Intent { act=android.intent.action.PACKAGE_ADDED dat=package:org.my_organization.test flg=0x4000010 (has extras) } to com.google.android.gms/.chimera.GmsIntentOperationService$PersistentTrustedReceiver
10-06 14:37:51.423  1921  2038 W BroadcastQueue: Background execution not allowed: receiving Intent { act=android.intent.action.PACKAGE_ADDED dat=package:org.my_organization.test flg=0x4000010 (has extras) } to com.google.android.gms/.gass.chimera.PackageChangeBroadcastReceiver
10-06 14:37:51.441  1921  1921 I Telecom : CarModeTracker: Package org.my_organization.test is not tracked.: SSH.oR@bKI
10-06 14:37:51.448  1921  1921 I Telecom : InCallController: updateCarModeForConnections: car mode apps: : SSH.oR@bKI
10-06 14:37:51.457  1921  1921 I Telecom : DefaultDialerCache: Refreshing default dialer for user 0: now com.google.android.dialer: DDC.oR@bKM
10-06 14:37:51.472  1921  2038 D CompatibilityChangeReporter: Compat change id reported: 168419799; UID 10103; state: DISABLED
10-06 14:37:51.580  1921  3677 W BroadcastQueue: Background execution not allowed: receiving Intent { act=android.intent.action.PACKAGE_REPLACED dat=package:org.my_organization.test flg=0x4000010 (has extras) } to com.google.android.apps.nbu.files/.documentbrowser.browselanding.rootcontainerlist.receiver.PackageChangeReceiver_Receiver
10-06 14:37:51.582  1921  2038 W BroadcastQueue: Background execution not allowed: receiving Intent { act=android.intent.action.PACKAGE_REPLACED dat=package:org.my_organization.test flg=0x4000010 (has extras) } to com.google.android.gms/.chimera.GmsIntentOperationService$PersistentTrustedReceiver
10-06 14:37:51.582  1921  2038 W BroadcastQueue: Background execution not allowed: receiving Intent { act=android.intent.action.PACKAGE_REPLACED dat=package:org.my_organization.test flg=0x4000010 (has extras) } to com.google.android.gms/.gass.chimera.PackageChangeBroadcastReceiver
10-06 14:37:51.603  1921  3690 D CompatibilityChangeReporter: Compat change id reported: 168419799; UID 10125; state: DISABLED
10-06 14:37:51.615  1921  2024 W Looper  : Slow delivery took 202ms android.fg h=android.os.Handler c=<recycled PooledLambda@c59a6d4> m=0
10-06 14:37:51.664  1921  2084 E VerityUtils: Failed to measure fs-verity, errno 1: /data/app/~~w5FjnjDS7D5YTUR1n1zLlw==/org.my_organization.test-OOHBVuzFIcGvqxV3nfcyAw==/base.apk
10-06 14:37:51.690  1921  2024 D CompanionDeviceManagerService: onPackageModified(packageName = org.my_organization.test)
10-06 14:37:51.796  1921  2084 E VerityUtils: Failed to measure fs-verity, errno 1: /data/app/~~w5FjnjDS7D5YTUR1n1zLlw==/org.my_organization.test-OOHBVuzFIcGvqxV3nfcyAw==/base.apk
10-06 14:37:53.690  1921  2580 I ActivityTaskManager: START u0 {act=android.intent.action.MAIN cat=[android.intent.category.LAUNCHER] flg=0x10200000 cmp=org.my_organization.test/android.app.NativeActivity bnds=[540,1478][800,1808]} from uid 10238
10-06 14:37:53.693  1921  2580 W ActivityTaskManager: Can't find TaskDisplayArea to determine support for multi window. Task id=449 attached=false
10-06 14:37:53.695  1921  2580 D CompatibilityChangeReporter: Compat change id reported: 174042980; UID 10252; state: DISABLED
10-06 14:37:53.696  1921  2580 D CompatibilityChangeReporter: Compat change id reported: 184838306; UID 10252; state: DISABLED
10-06 14:37:53.697  1921  2580 D CompatibilityChangeReporter: Compat change id reported: 185004937; UID 10252; state: DISABLED
10-06 14:37:53.697  1921  2580 D CompatibilityChangeReporter: Compat change id reported: 181136395; UID 10252; state: DISABLED
10-06 14:37:53.697  1921  2580 D CompatibilityChangeReporter: Compat change id reported: 174042936; UID 10252; state: DISABLED
10-06 14:37:53.699  1921  2580 D CompatibilityChangeReporter: Compat change id reported: 197654537; UID 10252; state: ENABLED
10-06 14:37:53.710  1921  2024 W Looper  : Drained
10-06 14:37:53.712  1921  2027 D CompatibilityChangeReporter: Compat change id reported: 135634846; UID 10252; state: DISABLED
10-06 14:37:53.713  1921  2027 D CompatibilityChangeReporter: Compat change id reported: 177438394; UID 10252; state: DISABLED
10-06 14:37:53.713  1921  2027 D CompatibilityChangeReporter: Compat change id reported: 135772972; UID 10252; state: DISABLED
10-06 14:37:53.713  1921  2027 D CompatibilityChangeReporter: Compat change id reported: 135754954; UID 10252; state: ENABLED
10-06 14:37:53.713  1921  2039 D CompatibilityChangeReporter: Compat change id reported: 143937733; UID 10252; state: ENABLED
10-06 14:37:53.726  1921  2039 I ActivityManager: Start proc 22645:org.my_organization.test/u0a252 for pre-top-activity {org.my_organization.test/android.app.NativeActivity}
10-06 14:37:56.278  1921  2027 V WindowManager: Unknown focus tokens, dropping reportFocusChanged
10-06 14:37:57.058  1921  2027 V WindowManager: Unknown focus tokens, dropping reportFocusChanged
10-06 14:37:57.155  1921  2027 I ActivityManager: Killing 22645:org.my_organization.test/u0a252 (adj 905): remove task
10-06 14:37:57.158  1921  2028 W ActivityTaskManager: Can't find TaskDisplayArea to determine support for multi window. Task id=449 attached=false
10-06 14:37:57.158  1921  2028 W ActivityTaskManager: Can't find TaskDisplayArea to determine support for multi window. Task id=449 attached=false
10-06 14:37:57.160  1921  2037 W UsageStatsService: Unexpected activity event reported! (org.my_organization.test/android.app.NativeActivity event : 23 instanceId : 156937630)
10-06 14:37:57.176  1921  2027 W ActivityManager: setHasOverlayUi called on unknown pid: 22645
10-06 14:37:57.695  1921  2027 I ActivityManager: Killing 20280:com.google.android.deskclock/u0a143 (adj 900): remove task
10-06 14:37:57.744  1921  8231 I WindowManager: WIN DEATH: Window{1adb84d u0 com.google.android.deskclock/com.android.deskclock.DeskClock}
10-06 14:37:57.750  1921  2028 W ActivityTaskManager: Can't find TaskDisplayArea to determine support for multi window. Task id=445 attached=false
10-06 14:37:57.750  1921  2028 W ActivityTaskManager: Can't find TaskDisplayArea to determine support for multi window. Task id=445 attached=false
10-06 14:37:57.750  1921  2027 W ActivityManager: setHasOverlayUi called on unknown pid: 20280
10-06 14:37:57.751  1921  2037 W UsageStatsService: Unexpected activity event reported! (com.google.android.deskclock/com.android.deskclock.DeskClock event : 23 instanceId : 86876638)
10-06 14:37:58.130  1921  2027 I ActivityManager: Killing 19139:org.mozilla.firefox:utility/u0a220 (adj 910): remove task
10-06 14:37:58.131  1921  2027 I ActivityManager: Killing 18866:org.mozilla.firefox:gpu/u0a220 (adj 980): remove task
10-06 14:37:58.131  1921  2027 I ActivityManager: Killing 18751:org.mozilla.firefox:tab11/u0a220 (adj 950): remove task
10-06 14:37:58.132  1921  2027 I ActivityManager: Killing 18963:org.mozilla.firefox:tab31/u0a220 (adj 960): remove task
10-06 14:37:58.132  1921  2027 I ActivityManager: Killing 18628:org.mozilla.firefox/u0a220 (adj 900): remove task
10-06 14:37:58.134  1921  2027 I ActivityManager: Killing 18663:org.mozilla.firefox:crashhelper/u0a220 (adj 940): remove task
10-06 14:37:58.178  1921  6242 W ActivityManager: Scheduling restart of crashed service org.mozilla.firefox/org.mozilla.gecko.process.GeckoChildProcessServices$utility in 1000ms for connection
10-06 14:37:58.271  1921  6242 W ActivityManager: Scheduling restart of crashed service org.mozilla.firefox/org.mozilla.gecko.crashhelper.CrashHelper in 10907ms for connection
10-06 14:37:58.308  1921  2287 W ActivityManager: Scheduling restart of crashed service org.mozilla.firefox/org.mozilla.gecko.process.GeckoChildProcessServices$tab11 in 20869ms for connection
10-06 14:37:58.310  1921  3690 W ActivityManager: Scheduling restart of crashed service org.mozilla.firefox/org.mozilla.gecko.process.GeckoChildProcessServices$tab31 in 30867ms for connection
10-06 14:37:58.313  1921  3698 W ActivityManager: Scheduling restart of crashed service org.mozilla.firefox/org.mozilla.gecko.process.GeckoChildProcessServices$gpu in 40865ms for connection
10-06 14:37:58.375  1921  2932 I WindowManager: WIN DEATH: Window{86cf999 u0 org.mozilla.firefox/org.mozilla.firefox.App}
10-06 14:37:58.384  1921  2028 W ActivityTaskManager: Can't find TaskDisplayArea to determine support for multi window. Task id=444 attached=false
10-06 14:37:58.385  1921  2028 W ActivityTaskManager: Can't find TaskDisplayArea to determine support for multi window. Task id=444 attached=false
10-06 14:37:58.385  1921  2027 W ActivityManager: setHasOverlayUi called on unknown pid: 18628
10-06 14:37:58.385  1921  2037 W UsageStatsService: Unexpected activity event reported! (org.mozilla.firefox/org.mozilla.fenix.HomeActivity event : 23 instanceId : 184597631)
10-06 14:37:59.131  1921  2027 I ActivityManager: Killing 10025:com.android.settings/1000 (adj 920): remove task
10-06 14:37:59.207  1921  2027 W ActivityManager: setHasOverlayUi called on unknown pid: 10025
10-06 14:37:59.622  1921  2932 I ActivityTaskManager: START u0 {act=android.intent.action.MAIN cat=[android.intent.category.HOME] flg=0x10000000 cmp=app.lawnchair.play/app.lawnchair.LawnchairLauncher} from uid 10186
10-06 14:37:59.652  1921  2625 D CompatibilityChangeReporter: Compat change id reported: 168419799; UID 10135; state: DISABLED
10-06 14:37:59.719  1921  2027 I ActivityManager: Killing 10776:net.miniy.android.amesh/u0a241 (adj 900): remove task
10-06 14:37:59.721  1921  2027 I ActivityManager: Killing 10864:com.google.android.webview:sandboxed_process0:org.chromium.content.app.SandboxedProcessService0:0/u0a241i64 (adj 910): remove task
10-06 14:37:59.767  1921  4062 W ActivityManager: Scheduling restart of crashed service net.miniy.android.amesh/org.chromium.content.app.SandboxedProcessService0:0 in 1000ms for connection
10-06 14:37:59.790  1921  2287 I WindowManager: WIN DEATH: Window{1cb0d0c u0 net.miniy.android.amesh/net.miniy.android.amesh.MainActivity}
10-06 14:37:59.800  1921  2028 W ActivityTaskManager: Can't find TaskDisplayArea to determine support for multi window. Task id=440 attached=false
10-06 14:37:59.801  1921  2027 W ActivityManager: setHasOverlayUi called on unknown pid: 10776
10-06 14:37:59.801  1921  2028 W ActivityTaskManager: Can't find TaskDisplayArea to determine support for multi window. Task id=440 attached=false
10-06 14:37:59.809  1921  2037 W UsageStatsService: Unexpected activity event reported! (net.miniy.android.amesh/net.miniy.android.amesh.MainActivity event : 23 instanceId : 265373581)
10-06 14:38:12.010  1921  2349 D NsdService: unregister service
10-06 14:38:12.011  1921  2349 D NsdService: mdnssd [stop-register, 1414]
10-06 14:38:12.190  1921  2349 D NsdService: Register service
10-06 14:38:12.190  1921  2349 D NsdService: registerService: 1415 name: I0tRUUj8n14AAA, type: _FC9F5ED42C8A._tcp, host: null, port: 53601, txtRecord: f=5200n=MhzF4WiUXWjDECJi1IXzBgUIPv4=192.168.0.102
10-06 14:38:12.190  1921  2349 D NsdService: mdnssd [register, 1415, I0tRUUj8n14AAA, _FC9F5ED42C8A._tcp, 53601, BmY9NTIwMBluPU1oekY0V2lVWFdqREVDSmkxSVh6QmdVEklQdjQ9MTkyLjE2OC4wLjEwMg==]
10-06 14:38:12.192  1921  2349 D NsdService: Register 22 1415
10-06 14:38:12.959  1921  2349 D NsdService: Native daemon message SERVICE_REGISTERED: 606 1415 "I0tRUUj8n14AAA"
10-06 14:38:17.618  1921  2337 W NetworkPolicy: shared quota unsupported; generating rule for each iface
10-06 14:38:23.557  2492  3077 D PowerUI : can't show warning due to - plugged: true status unknown: false
10-06 14:39:23.560  2492  3562 D PowerUI : can't show warning due to - plugged: true status unknown: false
10-06 14:40:20.491  1921  1936 I ContentCaptureManagerService: Data share request accepted by Content Capture service
10-06 14:40:20.524  1921  2933 I ContentCaptureManagerService: Data share request accepted by Content Capture service
10-06 14:40:23.561  2492  3565 D PowerUI : can't show warning due to - plugged: true status unknown: false
10-06 14:41:23.556  2492  5367 D PowerUI : can't show warning due to - plugged: true status unknown: false
10-06 14:42:23.560  2492 10856 D PowerUI : can't show warning due to - plugged: true status unknown: false
10-06 14:43:23.560  2492  8442 D PowerUI : can't show warning due to - plugged: true status unknown: false
10-06 14:44:00.563  1921  2054 E KernelCpuUidUserSysTimeReader: Negative user/sys time delta for UID=10241
10-06 14:44:00.563  1921  2054 E KernelCpuUidUserSysTimeReader: Prev times: u=2634094000 s=2031654000 Curr times: u=2106284000 s=1603504000
10-06 14:44:00.601  1921  2054 D KernelCpuUidUserSysTimeReader: Removing uids 99068-99068
10-06 14:44:00.602  1921  2054 D KernelCpuUidUserSysTimeReader: Removing uids 10251-10251
10-06 14:44:00.602  1921  2054 D KernelCpuUidUserSysTimeReader: Removing uids 99069-99069
10-06 14:44:00.602  1921  2054 D KernelCpuUidUserSysTimeReader: Removing uids 99070-99070
10-06 14:44:00.603  1921  2054 D KernelCpuUidUserSysTimeReader: Removing uids 99064-99064
10-06 14:44:19.667  1921  1936 I ActivityManager: Killing 21400:com.google.android.apps.youtube.music/u0a211 (adj 945): empty for 1800s
10-06 14:44:19.672  1921  1936 I ActivityManager: Killing 21371:com.google.android.projection.gearhead:car/u0a134 (adj 945): empty for 1802s
10-06 14:44:19.673  1921  1936 I ActivityManager: Killing 21326:com.google.android.apps.maps/u0a174 (adj 955): empty for 1803s
10-06 14:44:19.732  1921  1936 W ActivityManager: Scheduling restart of crashed service com.google.android.projection.gearhead/com.google.android.apps.auto.carservice.service.impl.GearheadCarStartupService in 1000ms for connection
10-06 14:44:19.785  1921  2338 D CompatibilityChangeReporter: Compat change id reported: 171306433; UID 10174; state: ENABLED
10-06 14:44:23.559  2492 11008 D PowerUI : can't show warning due to - plugged: true status unknown: false
10-06 14:45:20.494  1921  1921 I ContentCaptureManagerService: Content capture data sharing session terminated successfully for package 'com.google.android.googlequicksearchbox'
10-06 14:45:20.526  1921  1921 I ContentCaptureManagerService: Content capture data sharing session terminated successfully for package 'com.google.android.googlequicksearchbox'
10-06 14:45:23.165  1921  3700 I ActivityManager: Killing 19825:com.google.process.gapps/u0a110 (adj 975): empty for 1853s
10-06 14:45:23.166  1921  3700 I ActivityManager: Killing 21551:com.google.android.apps.turbo/u0a101 (adj 975): empty for 1859s
10-06 14:45:23.168  1921  3700 I ActivityManager: Killing 21570:com.google.android.turboadapter/u0a178 (adj 985): empty for 1859s
10-06 14:45:23.545  2492 10923 D PowerUI : can't show warning due to - plugged: true status unknown: false
10-06 14:46:23.563  2492  3077 D PowerUI : can't show warning due to - plugged: true status unknown: false
10-06 14:47:23.559  2492  3562 D PowerUI : can't show warning due to - plugged: true status unknown: false
10-06 14:47:52.177  1921  2070 V DisplayPowerController[0]: Brightness [0.05] reason changing to: 'automatic [ dim ]', previous reason: 'automatic'.
10-06 14:48:23.561  2492  3565 D PowerUI : can't show warning due to - plugged: true status unknown: false
10-06 14:49:23.555  2492  5367 D PowerUI : can't show warning due to - plugged: true status unknown: false
10-06 14:49:29.755  1921  3699 W ContextImpl: Calling a method in the system process without a qualified user: android.app.ContextImpl.sendBroadcastMultiplePermissions:1214 com.android.server.TelephonyRegistry.broadcastServiceStateChanged:2911 com.android.server.TelephonyRegistry.notifyServiceStateForPhoneId:1613 com.android.internal.telephony.ITelephonyRegistry$Stub.onTransact:455 android.os.Binder.execTransactInternal:1184 
10-06 14:49:29.756  1921  2038 W BroadcastQueue: Permission Denial: receiving Intent { act=android.intent.action.SERVICE_STATE flg=0x1000010 (has extras) } to ProcessRecord{7893229 2492:com.android.systemui/u0a191} (pid=2492, uid=10191) requires android.permission.READ_PHONE_STATE due to sender android (uid 1001)
10-06 14:49:29.756  1921  3699 W ContextImpl: Calling a method in the system process without a qualified user: android.app.ContextImpl.sendBroadcastMultiplePermissions:1264 android.content.Context.sendBroadcastMultiplePermissions:2215 com.android.server.TelephonyRegistry.broadcastServiceStateChanged:2915 com.android.server.TelephonyRegistry.notifyServiceStateForPhoneId:1613 com.android.internal.telephony.ITelephonyRegistry$Stub.onTransact:455 
10-06 14:49:29.757  1921  2038 W BroadcastQueue: Permission Denial: receiving Intent { act=android.intent.action.SERVICE_STATE flg=0x1000010 (has extras) } to com.google.android.cellbroadcastreceiver/com.android.cellbroadcastreceiver.CellBroadcastReceiver requires android.permission.READ_PHONE_STATE due to sender android (uid 1001)
10-06 14:49:29.758  1921  2038 W BroadcastQueue: Permission Denial: receiving Intent { act=android.intent.action.SERVICE_STATE flg=0x1000010 (has extras) } to ProcessRecord{7893229 2492:com.android.systemui/u0a191} (pid=2492, uid=10191) requires android.permission.ACCESS_FINE_LOCATION due to sender android (uid 1001)
10-06 14:49:29.758  1921  3699 W ContextImpl: Calling a method in the system process without a qualified user: android.app.ContextImpl.sendBroadcastMultiplePermissions:1264 android.content.Context.sendBroadcastMultiplePermissions:2215 com.android.server.TelephonyRegistry.broadcastServiceStateChanged:2922 com.android.server.TelephonyRegistry.notifyServiceStateForPhoneId:1613 com.android.internal.telephony.ITelephonyRegistry$Stub.onTransact:455 
10-06 14:49:29.759  1921  2038 W BroadcastQueue: Permission Denial: receiving Intent { act=android.intent.action.SERVICE_STATE flg=0x1000010 (has extras) } to com.google.android.cellbroadcastreceiver/com.android.cellbroadcastreceiver.CellBroadcastReceiver requires android.permission.ACCESS_FINE_LOCATION due to sender android (uid 1001)
10-06 14:49:29.759  1921  2038 W BroadcastQueue: Permission Denial: receiving Intent { act=android.intent.action.SERVICE_STATE flg=0x1000010 (has extras) } to ProcessRecord{7893229 2492:com.android.systemui/u0a191} (pid=2492, uid=10191) requires android.permission.READ_PHONE_STATE due to sender android (uid 1001)
10-06 14:49:29.760  1921  3699 W ContextImpl: Calling a method in the system process without a qualified user: android.app.ContextImpl.sendBroadcastMultiplePermissions:1264 android.content.Context.sendBroadcastMultiplePermissions:2215 com.android.server.TelephonyRegistry.broadcastServiceStateChanged:2926 com.android.server.TelephonyRegistry.notifyServiceStateForPhoneId:1613 com.android.internal.telephony.ITelephonyRegistry$Stub.onTransact:455 
10-06 14:49:29.760  1921  2038 W BroadcastQueue: Permission Denial: receiving Intent { act=android.intent.action.SERVICE_STATE flg=0x1000010 (has extras) } to com.google.android.cellbroadcastreceiver/com.android.cellbroadcastreceiver.CellBroadcastReceiver requires android.permission.READ_PHONE_STATE due to sender android (uid 1001)
10-06 14:49:29.762  1921  2038 D CompatibilityChangeReporter: Compat change id reported: 135634846; UID 10197; state: DISABLED
10-06 14:49:29.762  1921  2038 D CompatibilityChangeReporter: Compat change id reported: 177438394; UID 10197; state: DISABLED
10-06 14:49:29.762  1921  2038 D CompatibilityChangeReporter: Compat change id reported: 135772972; UID 10197; state: DISABLED
10-06 14:49:29.762  1921  2038 D CompatibilityChangeReporter: Compat change id reported: 135754954; UID 10197; state: ENABLED
10-06 14:49:29.763  1921  2039 D CompatibilityChangeReporter: Compat change id reported: 143937733; UID 10197; state: ENABLED
10-06 14:49:29.774  1921  2039 I ActivityManager: Start proc 22848:com.google.android.cellbroadcastreceiver/u0a197 for broadcast {com.google.android.cellbroadcastreceiver/com.android.cellbroadcastreceiver.CellBroadcastReceiver}
10-06 14:49:29.817  1921  4062 D CompatibilityChangeReporter: Compat change id reported: 168419799; UID 10197; state: DISABLED
10-06 14:49:31.143  1921  4062 W ContextImpl: Calling a method in the system process without a qualified user: android.app.ContextImpl.sendBroadcastMultiplePermissions:1214 com.android.server.TelephonyRegistry.broadcastServiceStateChanged:2911 com.android.server.TelephonyRegistry.notifyServiceStateForPhoneId:1613 com.android.internal.telephony.ITelephonyRegistry$Stub.onTransact:455 android.os.Binder.execTransactInternal:1184 
10-06 14:49:31.145  1921  2038 W BroadcastQueue: Permission Denial: receiving Intent { act=android.intent.action.SERVICE_STATE flg=0x1000010 (has extras) } to ProcessRecord{7893229 2492:com.android.systemui/u0a191} (pid=2492, uid=10191) requires android.permission.READ_PHONE_STATE due to sender android (uid 1001)
10-06 14:49:31.146  1921  4062 W ContextImpl: Calling a method in the system process without a qualified user: android.app.ContextImpl.sendBroadcastMultiplePermissions:1264 android.content.Context.sendBroadcastMultiplePermissions:2215 com.android.server.TelephonyRegistry.broadcastServiceStateChanged:2915 com.android.server.TelephonyRegistry.notifyServiceStateForPhoneId:1613 com.android.internal.telephony.ITelephonyRegistry$Stub.onTransact:455 
10-06 14:49:31.147  1921  2038 W BroadcastQueue: Permission Denial: receiving Intent { act=android.intent.action.SERVICE_STATE flg=0x1000010 (has extras) } to com.google.android.cellbroadcastreceiver/com.android.cellbroadcastreceiver.CellBroadcastReceiver requires android.permission.READ_PHONE_STATE due to sender android (uid 1001)
10-06 14:49:31.151  1921  2038 W BroadcastQueue: Permission Denial: receiving Intent { act=android.intent.action.SERVICE_STATE flg=0x1000010 (has extras) } to ProcessRecord{7893229 2492:com.android.systemui/u0a191} (pid=2492, uid=10191) requires android.permission.ACCESS_FINE_LOCATION due to sender android (uid 1001)
10-06 14:49:31.152  1921  4062 W ContextImpl: Calling a method in the system process without a qualified user: android.app.ContextImpl.sendBroadcastMultiplePermissions:1264 android.content.Context.sendBroadcastMultiplePermissions:2215 com.android.server.TelephonyRegistry.broadcastServiceStateChanged:2922 com.android.server.TelephonyRegistry.notifyServiceStateForPhoneId:1613 com.android.internal.telephony.ITelephonyRegistry$Stub.onTransact:455 
10-06 14:49:31.152  1921  2038 W BroadcastQueue: Permission Denial: receiving Intent { act=android.intent.action.SERVICE_STATE flg=0x1000010 (has extras) } to com.google.android.cellbroadcastreceiver/com.android.cellbroadcastreceiver.CellBroadcastReceiver requires android.permission.ACCESS_FINE_LOCATION due to sender android (uid 1001)
10-06 14:49:31.154  1921  2038 W BroadcastQueue: Permission Denial: receiving Intent { act=android.intent.action.SERVICE_STATE flg=0x1000010 (has extras) } to ProcessRecord{7893229 2492:com.android.systemui/u0a191} (pid=2492, uid=10191) requires android.permission.READ_PHONE_STATE due to sender android (uid 1001)
10-06 14:49:31.154  1921  4062 W ContextImpl: Calling a method in the system process without a qualified user: android.app.ContextImpl.sendBroadcastMultiplePermissions:1264 android.content.Context.sendBroadcastMultiplePermissions:2215 com.android.server.TelephonyRegistry.broadcastServiceStateChanged:2926 com.android.server.TelephonyRegistry.notifyServiceStateForPhoneId:1613 com.android.internal.telephony.ITelephonyRegistry$Stub.onTransact:455 
10-06 14:49:31.155  1921  2038 W BroadcastQueue: Permission Denial: receiving Intent { act=android.intent.action.SERVICE_STATE flg=0x1000010 (has extras) } to com.google.android.cellbroadcastreceiver/com.android.cellbroadcastreceiver.CellBroadcastReceiver requires android.permission.READ_PHONE_STATE due to sender android (uid 1001)
10-06 14:49:31.443  1921  4062 W ContextImpl: Calling a method in the system process without a qualified user: android.app.ContextImpl.sendBroadcastMultiplePermissions:1214 com.android.server.TelephonyRegistry.broadcastServiceStateChanged:2911 com.android.server.TelephonyRegistry.notifyServiceStateForPhoneId:1613 com.android.internal.telephony.ITelephonyRegistry$Stub.onTransact:455 android.os.Binder.execTransactInternal:1184 
10-06 14:49:31.445  1921  2038 W BroadcastQueue: Permission Denial: receiving Intent { act=android.intent.action.SERVICE_STATE flg=0x1000010 (has extras) } to ProcessRecord{7893229 2492:com.android.systemui/u0a191} (pid=2492, uid=10191) requires android.permission.READ_PHONE_STATE due to sender android (uid 1001)
10-06 14:49:31.445  1921  4062 W ContextImpl: Calling a method in the system process without a qualified user: android.app.ContextImpl.sendBroadcastMultiplePermissions:1264 android.content.Context.sendBroadcastMultiplePermissions:2215 com.android.server.TelephonyRegistry.broadcastServiceStateChanged:2915 com.android.server.TelephonyRegistry.notifyServiceStateForPhoneId:1613 com.android.internal.telephony.ITelephonyRegistry$Stub.onTransact:455 
10-06 14:49:31.446  1921  2038 W BroadcastQueue: Permission Denial: receiving Intent { act=android.intent.action.SERVICE_STATE flg=0x1000010 (has extras) } to com.google.android.cellbroadcastreceiver/com.android.cellbroadcastreceiver.CellBroadcastReceiver requires android.permission.READ_PHONE_STATE due to sender android (uid 1001)
10-06 14:49:31.447  1921  2038 W BroadcastQueue: Permission Denial: receiving Intent { act=android.intent.action.SERVICE_STATE flg=0x1000010 (has extras) } to ProcessRecord{7893229 2492:com.android.systemui/u0a191} (pid=2492, uid=10191) requires android.permission.ACCESS_FINE_LOCATION due to sender android (uid 1001)
10-06 14:49:31.448  1921  4062 W ContextImpl: Calling a method in the system process without a qualified user: android.app.ContextImpl.sendBroadcastMultiplePermissions:1264 android.content.Context.sendBroadcastMultiplePermissions:2215 com.android.server.TelephonyRegistry.broadcastServiceStateChanged:2922 com.android.server.TelephonyRegistry.notifyServiceStateForPhoneId:1613 com.android.internal.telephony.ITelephonyRegistry$Stub.onTransact:455 
10-06 14:49:31.448  1921  2038 W BroadcastQueue: Permission Denial: receiving Intent { act=android.intent.action.SERVICE_STATE flg=0x1000010 (has extras) } to com.google.android.cellbroadcastreceiver/com.android.cellbroadcastreceiver.CellBroadcastReceiver requires android.permission.ACCESS_FINE_LOCATION due to sender android (uid 1001)
10-06 14:49:31.449  1921  2038 W BroadcastQueue: Permission Denial: receiving Intent { act=android.intent.action.SERVICE_STATE flg=0x1000010 (has extras) } to ProcessRecord{7893229 2492:com.android.systemui/u0a191} (pid=2492, uid=10191) requires android.permission.READ_PHONE_STATE due to sender android (uid 1001)
10-06 14:49:31.449  1921  4062 W ContextImpl: Calling a method in the system process without a qualified user: android.app.ContextImpl.sendBroadcastMultiplePermissions:1264 android.content.Context.sendBroadcastMultiplePermissions:2215 com.android.server.TelephonyRegistry.broadcastServiceStateChanged:2926 com.android.server.TelephonyRegistry.notifyServiceStateForPhoneId:1613 com.android.internal.telephony.ITelephonyRegistry$Stub.onTransact:455 
10-06 14:49:31.450  1921  2038 W BroadcastQueue: Permission Denial: receiving Intent { act=android.intent.action.SERVICE_STATE flg=0x1000010 (has extras) } to com.google.android.cellbroadcastreceiver/com.android.cellbroadcastreceiver.CellBroadcastReceiver requires android.permission.READ_PHONE_STATE due to sender android (uid 1001)
10-06 14:50:23.562  2492 10856 D PowerUI : can't show warning due to - plugged: true status unknown: false
10-06 14:50:26.867  1921  1921 D CompatibilityChangeReporter: Compat change id reported: 135634846; UID 10101; state: DISABLED
10-06 14:50:26.868  1921  1921 D CompatibilityChangeReporter: Compat change id reported: 177438394; UID 10101; state: DISABLED
10-06 14:50:26.868  1921  1921 D CompatibilityChangeReporter: Compat change id reported: 135772972; UID 10101; state: DISABLED
10-06 14:50:26.868  1921  1921 D CompatibilityChangeReporter: Compat change id reported: 135754954; UID 10101; state: ENABLED
10-06 14:50:26.870  1921  2039 D CompatibilityChangeReporter: Compat change id reported: 143937733; UID 10101; state: ENABLED
10-06 14:50:26.878  1921  1921 D CompatibilityChangeReporter: Compat change id reported: 168419799; UID 10129; state: DISABLED
10-06 14:50:26.891  1921  2039 I ActivityManager: Start proc 22885:com.google.android.apps.turbo:aab/u0a101 for service {com.google.android.apps.turbo/com.google.android.libraries.smartbattery.appusage.library.InferAppBucketsJob}
10-06 14:50:26.938  1921  6533 D CompatibilityChangeReporter: Compat change id reported: 168419799; UID 10101; state: DISABLED
10-06 14:51:23.562  2492  8442 D PowerUI : can't show warning due to - plugged: true status unknown: false
10-06 14:52:23.555  1921  3699 I ActivityManager: Killing 20513:com.google.android.gms.unstable/u0a110 (adj 935): empty for 1821s
10-06 14:52:23.561  2492 11008 D PowerUI : can't show warning due to - plugged: true status unknown: false
10-06 14:52:43.948  1921  2349 D NsdService: unregister service
10-06 14:52:43.948  1921  2349 D NsdService: mdnssd [stop-register, 1415]
10-06 14:52:44.088  1921  2349 D NsdService: Register service
10-06 14:52:44.088  1921  2349 D NsdService: registerService: 1416 name: I0NZUDf8n14AAA, type: _FC9F5ED42C8A._tcp, host: null, port: 53601, txtRecord: f=5200n=MqcbW426bwTNaf6qsIg2VYIIPv4=192.168.0.102
10-06 14:52:44.088  1921  2349 D NsdService: mdnssd [register, 1416, I0NZUDf8n14AAA, _FC9F5ED42C8A._tcp, 53601, BmY9NTIwMBluPU1xY2JXNDI2YndUTmFmNnFzSWcyVllJEklQdjQ9MTkyLjE2OC4wLjEwMg==]
10-06 14:52:44.090  1921  2349 D NsdService: Register 23 1416
10-06 14:52:44.835  1921  2349 D NsdService: Native daemon message SERVICE_REGISTERED: 606 1416 "I0NZUDf8n14AAA"
10-06 14:53:23.558  2492 10923 D Power