10-06 10:32:17.845  9575  9575 E AndroidRuntime: 	at android.app.Activity.performCreate(Activity.java:8054)
10-06 10:32:17.845  9575  9575 E AndroidRuntime: 	at android.app.Activity.performCreate(Activity.java:8034)
10-06 10:32:17.845  9575  9575 E AndroidRuntime: 	at android.app.Instrumentation.callActivityOnCreate(Instrumentation.java:1341)
10-06 10:32:17.845  9575  9575 E AndroidRuntime: 	at android.app.ActivityThread.performLaunchActivity(ActivityThread.java:3688)
10-06 10:32:17.845  9575  9575 E AndroidRuntime: 	... 12 more
10-06 10:35:03.158  9777  9777 E AndroidRuntime: FATAL EXCEPTION: main
10-06 10:35:03.158  9777  9777 E AndroidRuntime: Process: org.my_organization.test, PID: 9777
10-06 10:35:03.158  9777  9777 E AndroidRuntime: java.lang.RuntimeException: Unable to start activity ComponentInfo{org.my_organization.test/android.app.NativeActivity}: android.content.res.Resources$NotFoundException: Resource ID #0x7f010000
10-06 10:35:03.158  9777  9777 E AndroidRuntime: 	at android.app.ActivityThread.performLaunchActivity(ActivityThread.java:3707)
10-06 10:35:03.158  9777  9777 E AndroidRuntime: 	at android.app.ActivityThread.handleLaunchActivity(ActivityThread.java:3864)
10-06 10:35:03.158  9777  9777 E AndroidRuntime: 	at android.app.servertransaction.LaunchActivityItem.execute(LaunchActivityItem.java:103)
10-06 10:35:03.158  9777  9777 E AndroidRuntime: 	at android.app.servertransaction.TransactionExecutor.executeCallbacks(TransactionExecutor.java:135)
10-06 10:35:03.158  9777  9777 E AndroidRuntime: 	at android.app.servertransaction.TransactionExecutor.execute(TransactionExecutor.java:95)
10-06 10:35:03.158  9777  9777 E AndroidRuntime: 	at android.app.ActivityThread$H.handleMessage(ActivityThread.java:2253)
10-06 10:35:03.158  9777  9777 E AndroidRuntime: 	at android.os.Handler.dispatchMessage(Handler.java:106)
10-06 10:35:03.158  9777  9777 E AndroidRuntime: 	at android.os.Looper.loopOnce(Looper.java:201)
10-06 10:35:03.158  9777  9777 E AndroidRuntime: 	at android.os.Looper.loop(Looper.java:288)
10-06 10:35:03.158  9777  9777 E AndroidRuntime: 	at android.app.ActivityThread.main(ActivityThread.java:7870)
10-06 10:35:03.158  9777  9777 E AndroidRuntime: 	at java.lang.reflect.Method.invoke(Native Method)
10-06 10:35:03.158  9777  9777 E AndroidRuntime: 	at com.android.internal.os.RuntimeInit$MethodAndArgsCaller.run(RuntimeInit.java:548)
10-06 10:35:03.158  9777  9777 E AndroidRuntime: 	at com.android.internal.os.ZygoteInit.main(ZygoteInit.java:1003)
10-06 10:35:03.158  9777  9777 E AndroidRuntime: Caused by: android.content.res.Resources$NotFoundException: Resource ID #0x7f010000
10-06 10:35:03.158  9777  9777 E AndroidRuntime: 	at android.content.res.ResourcesImpl.getValueForDensity(ResourcesImpl.java:234)
10-06 10:35:03.158  9777  9777 E AndroidRuntime: 	at android.content.res.Resources.getDrawableForDensity(Resources.java:982)
10-06 10:35:03.158  9777  9777 E AndroidRuntime: 	at android.content.res.Resources.getDrawable(Resources.java:922)
10-06 10:35:03.158  9777  9777 E AndroidRuntime: 	at android.content.Context.getDrawable(Context.java:753)
10-06 10:35:03.158  9777  9777 E AndroidRuntime: 	at com.android.internal.widget.ToolbarWidgetWrapper.setIcon(ToolbarWidgetWrapper.java:322)
10-06 10:35:03.158  9777  9777 E AndroidRuntime: 	at com.android.internal.widget.ActionBarOverlayLayout.setIcon(ActionBarOverlayLayout.java:755)
10-06 10:35:03.158  9777  9777 E AndroidRuntime: 	at com.android.internal.policy.PhoneWindow.setDefaultIcon(PhoneWindow.java:1812)
10-06 10:35:03.158  9777  9777 E AndroidRuntime: 	at android.app.Activity.initWindowDecorActionBar(Activity.java:3509)
10-06 10:35:03.158  9777  9777 E AndroidRuntime: 	at android.app.Activity.setContentView(Activity.java:3544)
10-06 10:35:03.158  9777  9777 E AndroidRuntime: 	at android.app.NativeActivity.onCreate(NativeActivity.java:142)
10-06 10:35:03.158  9777  9777 E AndroidRuntime: 	at android.app.Activity.performCreate(Activity.java:8054)
10-06 10:35:03.158  9777  9777 E AndroidRuntime: 	at android.app.Activity.performCreate(Activity.java:8034)
10-06 10:35:03.158  9777  9777 E AndroidRuntime: 	at android.app.Instrumentation.callActivityOnCreate(Instrumentation.java:1341)
10-06 10:35:03.158  9777  9777 E AndroidRuntime: 	at android.app.ActivityThread.performLaunchActivity(ActivityThread.java:3688)
10-06 10:35:03.158  9777  9777 E AndroidRuntime: 	... 12 more
10-06 10:35:37.613 10004 10004 E AndroidRuntime: FATAL EXCEPTION: main
10-06 10:35:37.613 10004 10004 E AndroidRuntime: Process: org.my_organization.test, PID: 10004
10-06 10:35:37.613 10004 10004 E AndroidRuntime: java.lang.RuntimeException: Unable to start activity ComponentInfo{org.my_organization.test/android.app.NativeActivity}: android.content.res.Resources$NotFoundException: Resource ID #0x7f010000
10-06 10:35:37.613 10004 10004 E AndroidRuntime: 	at android.app.ActivityThread.performLaunchActivity(ActivityThread.java:3707)
10-06 10:35:37.613 10004 10004 E AndroidRuntime: 	at android.app.ActivityThread.handleLaunchActivity(ActivityThread.java:3864)
10-06 10:35:37.613 10004 10004 E AndroidRuntime: 	at android.app.servertransaction.LaunchActivityItem.execute(LaunchActivityItem.java:103)
10-06 10:35:37.613 10004 10004 E AndroidRuntime: 	at android.app.servertransaction.TransactionExecutor.executeCallbacks(TransactionExecutor.java:135)
10-06 10:35:37.613 10004 10004 E AndroidRuntime: 	at android.app.servertransaction.TransactionExecutor.execute(TransactionExecutor.java:95)
10-06 10:35:37.613 10004 10004 E AndroidRuntime: 	at android.app.ActivityThread$H.handleMessage(ActivityThread.java:2253)
10-06 10:35:37.613 10004 10004 E AndroidRuntime: 	at android.os.Handler.dispatchMessage(Handler.java:106)
10-06 10:35:37.613 10004 10004 E AndroidRuntime: 	at android.os.Looper.loopOnce(Looper.java:201)
10-06 10:35:37.613 10004 10004 E AndroidRuntime: 	at android.os.Looper.loop(Looper.java:288)
10-06 10:35:37.613 10004 10004 E AndroidRuntime: 	at android.app.ActivityThread.main(ActivityThread.java:7870)
10-06 10:35:37.613 10004 10004 E AndroidRuntime: 	at java.lang.reflect.Method.invoke(Native Method)
10-06 10:35:37.613 10004 10004 E AndroidRuntime: 	at com.android.internal.os.RuntimeInit$MethodAndArgsCaller.run(RuntimeInit.java:548)
10-06 10:35:37.613 10004 10004 E AndroidRuntime: 	at com.android.internal.os.ZygoteInit.main(ZygoteInit.java:1003)
10-06 10:35:37.613 10004 10004 E AndroidRuntime: Caused by: android.content.res.Resources$NotFoundException: Resource ID #0x7f010000
10-06 10:35:37.613 10004 10004 E AndroidRuntime: 	at android.content.res.ResourcesImpl.getValueForDensity(ResourcesImpl.java:234)
10-06 10:35:37.613 10004 10004 E AndroidRuntime: 	at android.content.res.Resources.getDrawableForDensity(Resources.java:982)
10-06 10:35:37.613 10004 10004 E AndroidRuntime: 	at android.content.res.Resources.getDrawable(Resources.java:922)
10-06 10:35:37.613 10004 10004 E AndroidRuntime: 	at android.content.Context.getDrawable(Context.java:753)
10-06 10:35:37.613 10004 10004 E AndroidRuntime: 	at com.android.internal.widget.ToolbarWidgetWrapper.setIcon(ToolbarWidgetWrapper.java:322)
10-06 10:35:37.613 10004 10004 E AndroidRuntime: 	at com.android.internal.widget.ActionBarOverlayLayout.setIcon(ActionBarOverlayLayout.java:755)
10-06 10:35:37.613 10004 10004 E AndroidRuntime: 	at com.android.internal.policy.PhoneWindow.setDefaultIcon(PhoneWindow.java:1812)
10-06 10:35:37.613 10004 10004 E AndroidRuntime: 	at android.app.Activity.initWindowDecorActionBar(Activity.java:3509)
10-06 10:35:37.613 10004 10004 E AndroidRuntime: 	at android.app.Activity.setContentView(Activity.java:3544)
10-06 10:35:37.613 10004 10004 E AndroidRuntime: 	at android.app.NativeActivity.onCreate(NativeActivity.java:142)
10-06 10:35:37.613 10004 10004 E AndroidRuntime: 	at android.app.Activity.performCreate(Activity.java:8054)
10-06 10:35:37.613 10004 10004 E AndroidRuntime: 	at android.app.Activity.performCreate(Activity.java:8034)
10-06 10:35:37.613 10004 10004 E AndroidRuntime: 	at android.app.Instrumentation.callActivityOnCreate(Instrumentation.java:1341)
10-06 10:35:37.613 10004 10004 E AndroidRuntime: 	at android.app.ActivityThread.performLaunchActivity(ActivityThread.java:3688)
10-06 10:35:37.613 10004 10004 E AndroidRuntime: 	... 12 more
--------- beginning of system
10-06 10:41:12.669  1921  2038 W BroadcastQueue: Background execution not allowed: receiving Intent { act=android.intent.action.PACKAGE_REMOVED dat=package:org.my_organization.test flg=0x4000010 (has extras) } to com.android.vending/com.google.android.finsky.packagemonitor.backgroundimpl.BackgroundPackageMonitorReceiverImpl$RegisteredReceiver
10-06 10:41:12.670  1921  2038 W BroadcastQueue: Background execution not allowed: receiving Intent { act=android.intent.action.PACKAGE_REMOVED dat=package:org.my_organization.test flg=0x4000010 (has extras) } to com.android.vending/com.google.android.finsky.instantapps.appmanagement.InstantAppRemoveMonitor
10-06 10:41:12.684  1921  2038 W BroadcastQueue: Background execution not allowed: receiving Intent { act=android.intent.action.PACKAGE_REMOVED dat=package:org.my_organization.test flg=0x4000010 (has extras) } to com.google.android.gms/.chimera.GmsIntentOperationService$PersistentTrustedReceiver
10-06 10:41:12.691  1921  2580 D CompatibilityChangeReporter: Compat change id reported: 168419799; UID 10110; state: DISABLED
10-06 10:41:12.709  1921  1921 I GameManagerService: Disabling downscale for org.my_organization.test
10-06 10:41:12.710  1921  2038 W BroadcastQueue: Background execution not allowed: receiving Intent { act=android.intent.action.PACKAGE_REMOVED dat=package:org.my_organization.test flg=0x4000010 (has extras) } to com.google.android.videos/com.google.android.libraries.social.peoplekit.thirdparty.viewcontrollers.ThirdPartyReceiver
10-06 10:41:12.717  1921  2038 D CompatibilityChangeReporter: Compat change id reported: 168419799; UID 10155; state: DISABLED
10-06 10:41:12.719  1921  1921 I Telecom : CarModeTracker: Package org.my_organization.test is not tracked.: SSH.oR@YUY
10-06 10:41:12.719  1921  1921 I Telecom : InCallController: updateCarModeForConnections: car mode apps: : SSH.oR@YUY
10-06 10:41:12.721  1921  1921 I ConditionProviders: Disallowing condition provider org.my_organization.test (userSet: true)
10-06 10:41:12.758  1921  1921 D CompatibilityChangeReporter: Compat change id reported: 168419799; UID 10103; state: DISABLED
10-06 10:41:12.797  1921  3687 D CompatibilityChangeReporter: Compat change id reported: 168419799; UID 10127; state: DISABLED
10-06 10:41:12.821  1921  2337 W NetworkPolicy: shared quota unsupported; generating rule for each iface
10-06 10:41:12.871  1921  2037 I CompanionDeviceManagerService: Writing associations to disk: []
10-06 10:41:12.926  1921  2024 W Looper  : Slow delivery took 209ms android.fg h=android.os.Handler c=<recycled PooledLambda@c8d1e76> m=0
10-06 10:41:13.804  1921  2024 W Looper  : Drained
10-06 10:41:13.806  1921  2581 D CompatibilityChangeReporter: Compat change id reported: 168419799; UID 10057; state: DISABLED
10-06 10:41:13.890  1921  7175 D CompatibilityChangeReporter: Compat change id reported: 168419799; UID 10144; state: DISABLED
10-06 10:41:13.902  1921  8966 D CompatibilityChangeReporter: Compat change id reported: 168419799; UID 10054; state: DISABLED
10-06 10:41:13.906  1921  2024 D CompanionDeviceManagerService: onPackageModified(packageName = com.google.android.apps.carrier.carrierwifi)
10-06 10:41:13.915  1921  1921 I Telecom : DefaultDialerCache: Refreshing default dialer for user 0: now com.google.android.dialer: DDC.oR@YUg
10-06 10:41:15.250  1921  2089 I PackageManager: Integrity check passed for file:///data/app/vmdl106557658.tmp
10-06 10:41:15.429  1921  2625 D CompatibilityChangeReporter: Compat change id reported: 135634846; UID 10103; state: DISABLED
10-06 10:41:15.429  1921  2625 D CompatibilityChangeReporter: Compat change id reported: 177438394; UID 10103; state: DISABLED
10-06 10:41:15.429  1921  2625 D CompatibilityChangeReporter: Compat change id reported: 135772972; UID 10103; state: DISABLED
10-06 10:41:15.429  1921  2625 D CompatibilityChangeReporter: Compat change id reported: 135754954; UID 10103; state: ENABLED
10-06 10:41:15.430  1921  2039 D CompatibilityChangeReporter: Compat change id reported: 143937733; UID 10103; state: ENABLED
10-06 10:41:15.441  1921  2039 I ActivityManager: Start proc 10568:com.android.vending:com.google.android.finsky.verifier.apkanalysis.service.ApkContentsScanService/u0i63 for service {com.android.vending/com.google.android.finsky.verifier.apkanalysis.service.ApkContentsScanService}
10-06 10:41:16.605  1921  2625 I ActivityManager: Killing 10568:com.android.vending:com.google.android.finsky.verifier.apkanalysis.service.ApkContentsScanService/u0a103i63 (adj 0): isolated not needed
10-06 10:41:16.733  1921  1936 W NotificationService: Toast already killed. pkg=com.google.android.packageinstaller token=android.os.BinderProxy@7dc4e
10-06 10:41:16.742  1921  2089 V BackupManagerService: [UserID:0] restoreAtInstall pkg=org.my_organization.test token=4d restoreSet=0
10-06 10:41:16.743  1921  2089 V BackupManagerService: [UserID:0] Finishing install immediately
10-06 10:41:16.756  1921  2089 D CompatibilityChangeReporter: Compat change id reported: 168419799; UID 10250; state: DISABLED
10-06 10:41:16.767  1921  1935 W BroadcastQueue: Background execution not allowed: receiving Intent { act=android.intent.action.PACKAGE_ADDED dat=package:org.my_organization.test flg=0x4000010 (has extras) } to com.google.android.packageinstaller/com.android.packageinstaller.PackageInstalledReceiver
10-06 10:41:16.782  1921  2038 W BroadcastQueue: Background execution not allowed: receiving Intent { act=android.intent.action.PACKAGE_ADDED dat=package:org.my_organization.test flg=0x4000010 (has extras) } to com.android.vending/com.google.android.finsky.packagemonitor.impl.PackageMonitorReceiverImpl$RegisteredReceiver
10-06 10:41:16.782  1921  2038 W BroadcastQueue: Background execution not allowed: receiving Intent { act=android.intent.action.PACKAGE_ADDED dat=package:org.my_organization.test flg=0x4000010 (has extras) } to com.android.vending/com.google.android.finsky.packagemonitor.backgroundimpl.BackgroundPackageMonitorReceiverImpl$RegisteredReceiver
10-06 10:41:16.782  1921  2038 W BroadcastQueue: Background execution not allowed: receiving Intent { act=android.intent.action.PACKAGE_ADDED dat=package:org.my_organization.test flg=0x4000010 (has extras) } to com.google.android.apps.nbu.files/.documentbrowser.browselanding.rootcontainerlist.receiver.PackageChangeReceiver_Receiver
10-06 10:41:16.792  1921  2038 W BroadcastQueue: Background execution not allowed: receiving Intent { act=android.intent.action.PACKAGE_ADDED dat=package:org.my_organization.test flg=0x4000010 (has extras) } to com.google.android.ext.services/com.android.adservices.service.common.PackageChangedReceiver
10-06 10:41:16.792  1921  2038 W BroadcastQueue: Background execution not allowed: receiving Intent { act=android.intent.action.PACKAGE_ADDED dat=package:org.my_organization.test flg=0x4000010 (has extras) } to com.google.android.gms/.chimera.GmsIntentOperationService$PersistentTrustedReceiver
10-06 10:41:16.792  1921  2038 W BroadcastQueue: Background execution not allowed: receiving Intent { act=android.intent.action.PACKAGE_ADDED dat=package:org.my_organization.test flg=0x4000010 (has extras) } to com.google.android.gms/.gass.chimera.PackageChangeBroadcastReceiver
10-06 10:41:16.792  1921  1921 I Telecom : DefaultDialerCache: Refreshing default dialer for user 0: now com.google.android.dialer: DDC.oR@YUo
10-06 10:41:16.817  1921  1921 I Telecom : DefaultDialerCache: Refreshing default dialer for user 0: now com.google.android.dialer: DDC.oR@YUs
10-06 10:41:16.822  1921  2932 D CompatibilityChangeReporter: Compat change id reported: 168419799; UID 10103; state: DISABLED
10-06 10:41:16.836  1921  2084 E VerityUtils: Failed to measure fs-verity, errno 1: /data/app/~~YRraYITuKVLdR9QgBQBg_w==/org.my_organization.test-TRrquFKTNo9DnOo3_hSb1A==/base.apk
10-06 10:41:16.873  1921  2037 W PackageManager: Failed registering loading progress callback. Package is fully loaded.
10-06 10:41:17.026  1921  2024 W Looper  : Slow delivery took 211ms android.fg h=android.os.Handler c=<recycled PooledLambda@620e7f3> m=0
10-06 10:41:17.131  1921  2024 D CompanionDeviceManagerService: onPackageModified(packageName = org.my_organization.test)
10-06 10:41:17.407  1921  8966 I ActivityManager: Background started FGS: Allowed [callingPackage: com.google.android.apps.wellbeing; callingUid: 10124; uidState: BFGS; intent: Intent { cmp=com.google.android.apps.wellbeing/com.google.apps.tiktok.concurrent.InternalForegroundService (has extras) }; code:BACKGROUND_ACTIVITY_PERMISSION; tempAllowListReason:<null>; targetSdkVersion:36; callerTargetSdkVersion:36; startForegroundCount:0; bindFromPackage:null]
10-06 10:41:17.409  1921  2024 W Looper  : Drained
10-06 10:41:17.618  1921  1921 I NotificationService: Cannot find enqueued record for key: 0|com.google.android.apps.wellbeing|174344743|null|10124
10-06 10:41:18.772  1921  2932 I ActivityTaskManager: START u0 {act=android.intent.action.MAIN cat=[android.intent.category.LAUNCHER] flg=0x10200000 cmp=org.my_organization.test/android.app.NativeActivity bnds=[540,1419][800,1749]} from uid 10238
10-06 10:41:18.777  1921  2932 W ActivityTaskManager: Can't find TaskDisplayArea to determine support for multi window. Task id=439 attached=false
10-06 10:41:18.780  1921  2932 D CompatibilityChangeReporter: Compat change id reported: 174042980; UID 10250; state: DISABLED
10-06 10:41:18.781  1921  2932 D CompatibilityChangeReporter: Compat change id reported: 184838306; UID 10250; state: DISABLED
10-06 10:41:18.781  1921  2932 D CompatibilityChangeReporter: Compat change id reported: 185004937; UID 10250; state: DISABLED
10-06 10:41:18.781  1921  2932 D CompatibilityChangeReporter: Compat change id reported: 181136395; UID 10250; state: DISABLED
10-06 10:41:18.781  1921  2932 D CompatibilityChangeReporter: Compat change id reported: 174042936; UID 10250; state: DISABLED
10-06 10:41:18.783  1921  2932 D CompatibilityChangeReporter: Compat change id reported: 197654537; UID 10250; state: ENABLED
10-06 10:41:18.792  1921  2027 D CompatibilityChangeReporter: Compat change id reported: 135634846; UID 10250; state: DISABLED
10-06 10:41:18.792  1921  2027 D CompatibilityChangeReporter: Compat change id reported: 177438394; UID 10250; state: DISABLED
10-06 10:41:18.792  1921  2027 D CompatibilityChangeReporter: Compat change id reported: 135772972; UID 10250; state: DISABLED
10-06 10:41:18.792  1921  2027 D CompatibilityChangeReporter: Compat change id reported: 135754954; UID 10250; state: ENABLED
10-06 10:41:18.792  1921  2039 D CompatibilityChangeReporter: Compat change id reported: 143937733; UID 10250; state: ENABLED
10-06 10:41:18.805  1921  2039 I ActivityManager: Start proc 10590:org.my_organization.test/u0a250 for pre-top-activity {org.my_organization.test/android.app.NativeActivity}
10-06 10:41:18.880 10590 10590 E AndroidRuntime: FATAL EXCEPTION: main
10-06 10:41:18.880 10590 10590 E AndroidRuntime: Process: org.my_organization.test, PID: 10590
10-06 10:41:18.880 10590 10590 E AndroidRuntime: java.lang.RuntimeException: Unable to start activity ComponentInfo{org.my_organization.test/android.app.NativeActivity}: android.content.res.Resources$NotFoundException: Resource ID #0x7f010000
10-06 10:41:18.880 10590 10590 E AndroidRuntime: 	at android.app.ActivityThread.performLaunchActivity(ActivityThread.java:3707)
10-06 10:41:18.880 10590 10590 E AndroidRuntime: 	at android.app.ActivityThread.handleLaunchActivity(ActivityThread.java:3864)
10-06 10:41:18.880 10590 10590 E AndroidRuntime: 	at android.app.servertransaction.LaunchActivityItem.execute(LaunchActivityItem.java:103)
10-06 10:41:18.880 10590 10590 E AndroidRuntime: 	at android.app.servertransaction.TransactionExecutor.executeCallbacks(TransactionExecutor.java:135)
10-06 10:41:18.880 10590 10590 E AndroidRuntime: 	at android.app.servertransaction.TransactionExecutor.execute(TransactionExecutor.java:95)
10-06 10:41:18.880 10590 10590 E AndroidRuntime: 	at android.app.ActivityThread$H.handleMessage(ActivityThread.java:2253)
10-06 10:41:18.880 10590 10590 E AndroidRuntime: 	at android.os.Handler.dispatchMessage(Handler.java:106)
10-06 10:41:18.880 10590 10590 E AndroidRuntime: 	at android.os.Looper.loopOnce(Looper.java:201)
10-06 10:41:18.880 10590 10590 E AndroidRuntime: 	at android.os.Looper.loop(Looper.java:288)
10-06 10:41:18.880 10590 10590 E AndroidRuntime: 	at android.app.ActivityThread.main(ActivityThread.java:7870)
10-06 10:41:18.880 10590 10590 E AndroidRuntime: 	at java.lang.reflect.Method.invoke(Native Method)
10-06 10:41:18.880 10590 10590 E AndroidRuntime: 	at com.android.internal.os.RuntimeInit$MethodAndArgsCaller.run(RuntimeInit.java:548)
10-06 10:41:18.880 10590 10590 E AndroidRuntime: 	at com.android.internal.os.ZygoteInit.main(ZygoteInit.java:1003)
10-06 10:41:18.880 10590 10590 E AndroidRuntime: Caused by: android.content.res.Resources$NotFoundException: Resource ID #0x7f010000
10-06 10:41:18.880 10590 10590 E AndroidRuntime: 	at android.content.res.ResourcesImpl.getValueForDensity(ResourcesImpl.java:234)
10-06 10:41:18.880 10590 10590 E AndroidRuntime: 	at android.content.res.Resources.getDrawableForDensity(Resources.java:982)
10-06 10:41:18.880 10590 10590 E AndroidRuntime: 	at android.content.res.Resources.getDrawable(Resources.java:922)
10-06 10:41:18.880 10590 10590 E AndroidRuntime: 	at android.content.Context.getDrawable(Context.java:753)
10-06 10:41:18.880 10590 10590 E AndroidRuntime: 	at com.android.internal.widget.ToolbarWidgetWrapper.setIcon(ToolbarWidgetWrapper.java:322)
10-06 10:41:18.880 10590 10590 E AndroidRuntime: 	at com.android.internal.widget.ActionBarOverlayLayout.setIcon(ActionBarOverlayLayout.java:755)
10-06 10:41:18.880 10590 10590 E AndroidRuntime: 	at com.android.internal.policy.PhoneWindow.setDefaultIcon(PhoneWindow.java:1812)
10-06 10:41:18.880 10590 10590 E AndroidRuntime: 	at android.app.Activity.initWindowDecorActionBar(Activity.java:3509)
10-06 10:41:18.880 10590 10590 E AndroidRuntime: 	at android.app.Activity.setContentView(Activity.java:3544)
10-06 10:41:18.880 10590 10590 E AndroidRuntime: 	at android.app.NativeActivity.onCreate(NativeActivity.java:142)
10-06 10:41:18.880 10590 10590 E AndroidRuntime: 	at android.app.Activity.performCreate(Activity.java:8054)
10-06 10:41:18.880 10590 10590 E AndroidRuntime: 	at android.app.Activity.performCreate(Activity.java:8034)
10-06 10:41:18.880 10590 10590 E AndroidRuntime: 	at android.app.Instrumentation.callActivityOnCreate(Instrumentation.java:1341)
10-06 10:41:18.880 10590 10590 E AndroidRuntime: 	at android.app.ActivityThread.performLaunchActivity(ActivityThread.java:3688)
10-06 10:41:18.880 10590 10590 E AndroidRuntime: 	... 12 more
10-06 10:41:18.882  1921 10606 I DropBoxManagerService: add tag=data_app_crash isTagEnabled=true flags=0x2
10-06 10:41:18.882  1921  1936 W ActivityTaskManager:   Force finishing activity org.my_organization.test/android.app.NativeActivity
10-06 10:41:18.898  1921  2038 W BroadcastQueue: Background execution not allowed: receiving Intent { act=android.intent.action.DROPBOX_ENTRY_ADDED flg=0x10 (has extras) } to com.google.android.gms/.stats.service.DropBoxEntryAddedReceiver
10-06 10:41:18.911  1921  8966 I ActivityManager: Process org.my_organization.test (pid 10590) has died: fg  TOP 
10-06 10:41:18.921  1921  2933 W ActivityTaskManager: Request to remove task ignored for non-existent task 438
10-06 10:41:19.209  1921  2028 W ActivityTaskManager: Can't find TaskDisplayArea to determine support for multi window. Task id=439 attached=false
10-06 10:41:19.209  1921  2028 W ActivityTaskManager: Can't find TaskDisplayArea to determine support for multi window. Task id=439 attached=false
10-06 10:41:19.276  1921  2932 W WindowManager: Failed looking up window session=Session{f7fe9f0 2492:u0a10191} callers=com.android.server.wm.WindowManagerService.windowForClientLocked:5747 com.android.server.wm.WindowManagerService.relayoutWindow:2227 com.android.server.wm.Session.relayout:235 
10-06 10:41:19.279  1921  2932 W WindowManager: Cannot find window which accessibility connection is added to
10-06 10:41:19.280  1921  2932 W WindowManager: Failed looking up window session=Session{f7fe9f0 2492:u0a10191} callers=com.android.server.wm.WindowManagerService.windowForClientLocked:5747 com.android.server.wm.WindowManagerService.removeWindow:2031 com.android.server.wm.Session.remove:218 
10-06 10:41:19.384  1921  2027 W ActivityTaskManager: Activity top resumed state loss timeout for ActivityRecord{ed96c5a u0 org.my_organization.test/android.app.NativeActivity t-1 f}}
10-06 10:41:23.539  2492  3562 D PowerUI : can't show warning due to - plugged: true status unknown: false
10-06 10:41:27.411  1921  1921 W WindowManager: removeWindowToken: Attempted to remove non-existing token: android.os.Binder@3f58d7f
10-06 10:41:32.046  1921  2625 D CompatibilityChangeReporter: Compat change id reported: 171306433; UID 10110; state: ENABLED
10-06 10:42:22.709  1921  1921 D CompatibilityChangeReporter: Compat change id reported: 135634846; UID 10101; state: DISABLED
10-06 10:42:22.709  1921  1921 D CompatibilityChangeReporter: Compat change id reported: 177438394; UID 10101; state: DISABLED
10-06 10:42:22.709  1921  1921 D CompatibilityChangeReporter: Compat change id reported: 135772972; UID 10101; state: DISABLED
10-06 10:42:22.710  1921  1921 D CompatibilityChangeReporter: Compat change id reported: 135754954; UID 10101; state: ENABLED
10-06 10:42:22.711  1921  2039 D CompatibilityChangeReporter: Compat change id reported: 143937733; UID 10101; state: ENABLED
10-06 10:42:22.732  1921  2039 I ActivityManager: Start proc 10644:com.google.android.apps.turbo:aab/u0a101 for service {com.google.android.apps.turbo/com.google.android.libraries.smartbattery.appusage.library.InferAppBucketsJob}
10-06 10:42:23.167  1921  2625 D CompatibilityChangeReporter: Compat change id reported: 171306433; UID 10143; state: ENABLED
10-06 10:42:23.214  1921  8150 I ActivityManager: Killing 8147:com.google.android.webview:sandboxed_process0:org.chromium.content.app.SandboxedProcessService0:0/u0a135i55 (adj 995): empty #33
10-06 10:42:23.254  1921  8150 W ActivityManager: Scheduling restart of crashed service com.google.android.googlequicksearchbox/org.chromium.content.app.SandboxedProcessService0:0 in 1000ms for connection
10-06 10:42:23.267  1921  2054 D KernelCpuUidUserSysTimeReader: Removing uids 90000-90000
10-06 10:42:23.267  1921  2054 D KernelCpuUidUserSysTimeReader: Removing uids 90001-90001
10-06 10:42:23.268  1921  2054 D KernelCpuUidUserSysTimeReader: Removing uids 90002-90002
10-06 10:42:23.268  1921  2054 D KernelCpuUidUserSysTimeReader: Removing uids 90003-90003
10-06 10:42:23.268  1921  2054 D KernelCpuUidUserSysTimeReader: Removing uids 90004-90004
10-06 10:42:23.268  1921  2054 D KernelCpuUidUserSysTimeReader: Removing uids 99061-99061
10-06 10:42:23.553  2492  3565 D PowerUI : can't show warning due to - plugged: true status unknown: false
10-06 10:42:27.097  1921  1921 I ContentCaptureManagerService: Content capture data sharing session terminated successfully for package 'com.google.android.googlequicksearchbox'
10-06 10:42:27.127  1921  1921 I ContentCaptureManagerService: Content capture data sharing session terminated successfully for package 'com.google.android.googlequicksearchbox'
10-06 10:43:23.555  2492  5367 D PowerUI : can't show warning due to - plugged: true status unknown: false
10-06 10:44:23.559  2492 10856 D PowerUI : can't show warning due to - plugged: true status unknown: false
10-06 10:45:23.551  2492  8442 D PowerUI : can't show warning due to - plugged: true status unknown: false
10-06 10:46:23.558  2492 11008 D PowerUI : can't show warning due to - plugged: true status unknown: false
10-06 10:46:55.106  1921  2349 D NsdService: unregister service
10-06 10:46:55.106  1921  2349 D NsdService: mdnssd [stop-register, 1387]
10-06 10:46:55.268  1921  2349 D NsdService: Register service
10-06 10:46:55.269  1921  2349 D NsdService: registerService: 1388 name: IzlRN0j8n14AAA, type: _FC9F5ED42C8A._tcp, host: null, port: 53601, txtRecord: f=5200n=Mmv67cqhdSEton46hu8wnVUIPv4=192.168.0.102
10-06 10:46:55.269  1921  2349 D NsdService: mdnssd [register, 1388, IzlRN0j8n14AAA, _FC9F5ED42C8A._tcp, 53601, BmY9NTIwMBluPU1tdjY3Y3FoZFNFdG9uNDZodTh3blZVEklQdjQ9MTkyLjE2OC4wLjEwMg==]
10-06 10:46:55.271  1921  2349 D NsdService: Register 225 1388
10-06 10:46:56.033  1921  2349 D NsdService: Native daemon message SERVICE_REGISTERED: 606 1388 "IzlRN0j8n14AAA"
10-06 10:47:23.563  2492 10923 D PowerUI : can't show warning due to - plugged: true status unknown: false
10-06 10:48:23.555  2492  3077 D PowerUI : can't show warning due to - plugged: true status unknown: false
10-06 10:49:23.557  2492  3562 D PowerUI : can't show warning due to - plugged: true status unknown: false
10-06 10:50:23.061  1921  1921 D CompatibilityChangeReporter: Compat change id reported: 135634846; UID 10095; state: DISABLED
10-06 10:50:23.061  1921  1921 D CompatibilityChangeReporter: Compat change id reported: 177438394; UID 10095; state: DISABLED
10-06 10:50:23.061  1921  1921 D CompatibilityChangeReporter: Compat change id reported: 135772972; UID 10095; state: DISABLED
10-06 10:50:23.061  1921  1921 D CompatibilityChangeReporter: Compat change id reported: 135754954; UID 10095; state: ENABLED
10-06 10:50:23.063  1921  2039 D CompatibilityChangeReporter: Compat change id reported: 143937733; UID 10095; state: ENABLED
10-06 10:50:23.079  1921  1921 D CompatibilityChangeReporter: Compat change id reported: 168419799; UID 10161; state: DISABLED
10-06 10:50:23.084  1921  2039 I ActivityManager: Start proc 10695:com.google.android.apps.safetyhub/u0a95 for service {com.google.android.apps.safetyhub/com.google.android.libraries.notifications.entrypoints.scheduled.ScheduledTaskService}
10-06 10:50:23.122  1921  7175 D CompatibilityChangeReporter: Compat change id reported: 168419799; UID 10095; state: DISABLED
10-06 10:50:23.535  2492  3565 D PowerUI : can't show warning due to - plugged: true status unknown: false
10-06 10:51:11.727  1921  2070 V DisplayPowerController[0]: Brightness [0.05] reason changing to: 'automatic [ dim ]', previous reason: 'automatic'.
10-06 10:51:23.552  2492  5367 D PowerUI : can't show warning due to - plugged: true status unknown: false
10-06 10:51:57.992  1921  8160 I ActivityManager: Killing 8606:com.google.process.gapps/u0a110 (adj 975): empty for 1812s
10-06 10:52:23.559  2492 10856 D PowerUI : can't show warning due to - plugged: true status unknown: false
10-06 10:53:23.555  2492  8442 D PowerUI : can't show warning due to - plugged: true status unknown: false
10-06 10:54:23.556  2492 11008 D PowerUI : can't show warning due to - plugged: true status unknown: false
10-06 10:54:38.155  1921  2070 V DisplayPowerController[0]: Brightness [0.26163343] reason changing to: 'automatic', previous reason: 'automatic [ dim ]'.
10-06 10:54:38.200  1921  2025 I ActivityTaskManager: START u0 {act=android.intent.action.MAIN cat=[android.intent.category.HOME] flg=0x10000100 cmp=app.lawnchair.play/app.lawnchair.LawnchairLauncher (has extras)} from uid 0
10-06 10:54:39.193  1921  2932 I ActivityTaskManager: START u0 {act=android.intent.action.MAIN cat=[android.intent.category.LAUNCHER] flg=0x10200000 pkg=net.miniy.android.amesh cmp=net.miniy.android.amesh/.MainActivity bnds=[22,1768][281,2082]} from uid 10238
10-06 10:54:39.198  1921  2932 W ActivityTaskManager: Can't find TaskDisplayArea to determine support for multi window. Task id=440 attached=false
10-06 10:54:39.201  1921  2932 D CompatibilityChangeReporter: Compat change id reported: 174042980; UID 10241; state: DISABLED
10-06 10:54:39.201  1921  2932 D CompatibilityChangeReporter: Compat change id reported: 184838306; UID 10241; state: DISABLED
10-06 10:54:39.202  1921  2932 D CompatibilityChangeReporter: Compat change id reported: 185004937; UID 10241; state: DISABLED
10-06 10:54:39.203  1921  2932 D CompatibilityChangeReporter: Compat change id reported: 181136395; UID 10241; state: DISABLED
10-06 10:54:39.203  1921  2932 D CompatibilityChangeReporter: Compat change id reported: 174042936; UID 10241; state: DISABLED
10-06 10:54:39.205  1921  2932 D CompatibilityChangeReporter: Compat change id reported: 197654537; UID 10241; state: ENABLED
10-06 10:54:39.207  1921  2932 D CompatibilityChangeReporter: Compat change id reported: 168419799; UID 10241; state: DISABLED
10-06 10:54:39.217  1921  2027 D CompatibilityChangeReporter: Compat change id reported: 135634846; UID 10241; state: DISABLED
10-06 10:54:39.217  1921  2027 D CompatibilityChangeReporter: Compat change id reported: 177438394; UID 10241; state: DISABLED
10-06 10:54:39.217  1921  2027 D CompatibilityChangeReporter: Compat change id reported: 135772972; UID 10241; state: DISABLED
10-06 10:54:39.217  1921  2027 D CompatibilityChangeReporter: Compat change id reported: 135754954; UID 10241; state: ENABLED
10-06 10:54:39.217  1921  2039 D CompatibilityChangeReporter: Compat change id reported: 143937733; UID 10241; state: ENABLED
10-06 10:54:39.228  1921  2039 I ActivityManager: Start proc 10776:net.miniy.android.amesh/u0a241 for pre-top-activity {net.miniy.android.amesh/net.miniy.android.amesh.MainActivity}
10-06 10:54:39.629  1921  2932 D CompatibilityChangeReporter: Compat change id reported: 168419799; UID 10141; state: DISABLED
10-06 10:54:40.464  1921  2932 D CompatibilityChangeReporter: Compat change id reported: 135634846; UID 10241; state: DISABLED
10-06 10:54:40.464  1921  2932 D CompatibilityChangeReporter: Compat change id reported: 177438394; UID 10241; state: DISABLED
10-06 10:54:40.464  1921  2932 D CompatibilityChangeReporter: Compat change id reported: 135772972; UID 10241; state: DISABLED
10-06 10:54:40.464  1921  2932 D CompatibilityChangeReporter: Compat change id reported: 135754954; UID 10241; state: ENABLED
10-06 10:54:40.465  1921  2039 D CompatibilityChangeReporter: Compat change id reported: 143937733; UID 10241; state: ENABLED
10-06 10:54:40.476  1921  2039 I ActivityManager: Start proc 10864:com.google.android.webview:sandboxed_process0:org.chromium.content.app.SandboxedProcessService0:0/u0i64 for  {net.miniy.android.amesh/org.chromium.content.app.SandboxedProcessService0:0}
10-06 10:54:40.764  1921  2933 D CompatibilityChangeReporter: Compat change id reported: 319212206; UID 10241; state: DISABLED
10-06 10:54:41.015  1921  3698 D CompatibilityChangeReporter: Compat change id reported: 135634846; UID 10110; state: DISABLED
10-06 10:54:41.015  1921  3698 D CompatibilityChangeReporter: Compat change id reported: 177438394; UID 10110; state: DISABLED
10-06 10:54:41.015  1921  3698 D CompatibilityChangeReporter: Compat change id reported: 135772972; UID 10110; state: DISABLED
10-06 10:54:41.015  1921  3698 D CompatibilityChangeReporter: Compat change id reported: 135754954; UID 10110; state: ENABLED
10-06 10:54:41.015  1921  2039 D CompatibilityChangeReporter: Compat change id reported: 143937733; UID 10110; state: ENABLED
10-06 10:54:41.030  1921  2039 I ActivityManager: Start proc 10942:com.google.android.webview:sandboxed_process0:org.chromium.content.app.SandboxedProcessService0:0/u0i65 for  {com.google.android.gms/org.chromium.content.app.SandboxedProcessService0:0}
10-06 10:54:41.139  1921  2933 D CompatibilityChangeReporter: Compat change id reported: 319212206; UID 10110; state: ENABLED
10-06 10:54:41.139  1921  2933 D CompatibilityChangeReporter: Compat change id reported: 319212206; UID 10110; state: DISABLED
10-06 10:54:43.838  1921  2932 D CompatibilityChangeReporter: Compat change id reported: 135634846; UID 10155; state: DISABLED
10-06 10:54:43.839  1921  2039 D CompatibilityChangeReporter: Compat change id reported: 143937733; UID 10155; state: ENABLED
10-06 10:54:43.848  1921  2039 I ActivityManager: Start proc 11043:com.android.chrome:privileged_process0/u0a155 for service {com.android.chrome/org.chromium.content.app.PrivilegedProcessService0}
10-06 10:54:43.848  1921  2039 D CompatibilityChangeReporter: Compat change id reported: 207557677; UID 10155; state: ENABLED
10-06 10:54:44.009  1921  2039 W ActivityManager: Slow operation: 162ms so far, now at startProcess: returned from zygote!
10-06 10:54:44.009  1921  2039 W ActivityManager: Slow operation: 162ms so far, now at startProcess: done updating battery stats
10-06 10:54:44.009  1921  2039 W ActivityManager: Slow operation: 162ms so far, now at startProcess: building log message
10-06 10:54:44.009  1921  2039 I ActivityManager: Start proc 11073:com.android.chrome:sandboxed_process0:org.chromium.content.app.SandboxedProcessService0:5/u0ai0 for  {com.android.chrome/org.chromium.content.app.SandboxedProcessService0:5}
10-06 10:54:44.009  1921  2039 W ActivityManager: Slow operation: 162ms so far, now at startProcess: starting to update pids map
10-06 10:54:44.009  1921  2039 W ActivityManager: Slow operation: 163ms so far, now at startProcess: done updating pids map
10-06 10:54:44.443  1921  7175 W NotificationService: Toast already killed. pkg=net.miniy.android.amesh token=android.os.BinderProxy@422b594
10-06 10:54:55.186  1921  1921 W WindowManager: removeWindowToken: Attempted to remove non-existing token: android.os.Binder@38fe6e
10-06 10:55:23.554  2492 10923 D PowerUI : can't show warning due to - plugged: true status unknown: false
10-06 10:56:03.585  1921  3698 D CompatibilityChangeReporter: Compat change id reported: 171306433; UID 10110; state: ENABLED
10-06 10:56:14.038  1921  2037 I UsageStatsService: User[0] Flushing usage stats to disk
10-06 10:56:23.545  2492  3077 D PowerUI : can't show warning due to - plugged: true status unknown: false
10-06 10:57:06.703  1921  2337 W NetworkPolicy: shared quota unsupported; generating rule for each iface
10-06 10:57:23.557  2492  3562 D PowerUI : can't show warning due to - plugged: true status unknown: false
10-06 10:58:23.558  2492  3565 D PowerUI : can't show warning due to - plugged: true status unknown: false
10-06 10:58:59.524  2492  5367 D PowerUI : can't show warning due to - plugged: true status unknown: false
10-06 10:59:19.611  1921  2349 D NsdService: unregister service
10-06 10:59:19.612  1921  2349 D NsdService: mdnssd [stop-register, 1388]
10-06 10:59:19.804  1921  2349 D NsdService: Register service
10-06 10:59:19.805  1921  2349 D NsdService: registerService: 1389 name: IzlRN0j8n14AAA, type: _FC9F5ED42C8A._tcp, host: null, port: 53601, txtRecord: f=5200n=Mmv67cqhdSEton46hu8wnVUIPv4=192.168.0.102
10-06 10:59:19.805  1921  2349 D NsdService: mdnssd [register, 1389, IzlRN0j8n14AAA, _FC9F5ED42C8A._tcp, 53601, BmY9NTIwMBluPU1tdjY3Y3FoZFNFdG9uNDZodTh3blZVEklQdjQ9MTkyLjE2OC4wLjEwMg==]
10-06 10:59:19.807  1921  2349 D NsdService: Register 226 1389
10-06 10:59:20.562  1921  2349 D NsdService: Native daemon message SERVICE_REGISTERED: 606 1389 "IzlRN0j8n14AAA"
10-06 10:59:23.553  2492 10856 D PowerUI : can't show warning due to - plugged: true status unknown: false
10-06 10:59:27.751  1921  2349 D NsdService: unregister service
10-06 10:59:27.751  1921  2349 D NsdService: mdnssd [stop-register, 1389]
10-06 10:59:27.888  1921  2349 D NsdService: Register service
10-06 10:59:27.888  1921  2349 D NsdService: registerService: 1390 name: I1QzNVn8n14AAA, type: _FC9F5ED42C8A._tcp, host: null, port: 53601, txtRecord: f=5200n=MpChAQp6qhZRvuYTjapUeSIIPv4=192.168.0.102
10-06 10:59:27.888  1921  2349 D NsdService: mdnssd [register, 1390, I1QzNVn8n14AAA, _FC9F5ED42C8A._tcp, 53601, BmY9NTIwMBluPU1wQ2hBUXA2cWhaUnZ1WVRqYXBVZVNJEklQdjQ9MTkyLjE2OC4wLjEwMg==]
10-06 10:59:27.889  1921  2349 D NsdService: Register 227 1390
10-06 10:59:28.610  1921  2349 D NsdService: Native daemon message SERVICE_REGISTERED: 606 1390 "I1QzNVn8n14AAA"
10-06 11:00:00.016  1921  2038 D CompatibilityChangeReporter: Compat change id reported: 168419799; UID 10130; state: DISABLED
10-06 11:00:00.153  1921  2054 D KernelCpuUidUserSysTimeReader: Removing uids 99062-99062
10-06 11:00:00.154  1921  2054 D KernelCpuUidUserSysTimeReader: Removing uids 10249-10249
10-06 11:00:00.155  1921  2054 D KernelCpuUidUserSysTimeReader: Removing uids 99063-99063
10-06 11:00:00.155  1921  2054 D KernelCpuUidUserSysTimeReader: Removing uids 99055-99055
10-06 11:00:00.191 10025 10078 W PowerProfile: ambient.on is deprecated! Use ambient.on.display0 instead.
10-06 11:00:00.191 10025 10078 W PowerProfile: screen.on is deprecated! Use screen.on.display0 instead.
10-06 11:00:00.191 10025 10078 W PowerProfile: screen.full is deprecated! Use screen.full.display0 instead.
10-06 11:00:04.165  1921  7175 I ActivityManager: Killing 9408:com.google.android.deskclock/u0a143 (adj 935): empty for 1801s
10-06 11:00:23.544  2492  8442 D PowerUI : can't show warning due to - plugged: true status unknown: false
10-06 11:00:23.561  1921  2933 I ActivityManager: Process com.google.android.apps.safetyhub (pid 10695) has died: cch+25 CEM 
10-06 11:00:37.843  1921  2505 I ActivityManager: Killing 3429:com.google.android.apps.turbo/u0a101 (adj 995): empty for 1814s
10-06 11:00:37.844  1921  2505 I ActivityManager: Killing 9476:com.google.android.turboadapter/u0a178 (adj 995): empty for 1814s
10-06 11:01:10.044  1921  1921 D CompatibilityChangeReporter: Compat change id reported: 135634846; UID 10220; state: DISABLED
10-06 11:01:10.044  1921  1921 D CompatibilityChangeReporter: Compat change id reported: 177438394; UID 10220; state: DISABLED
10-06 11:01:10.044  1921  1921 D CompatibilityChangeReporter: Compat change id reported: 135772972; UID 10220; state: DISABLED
10-06 11:01:10.044  1921  1921 D CompatibilityChangeReporter: Compat change id reported: 135754954; UID 10220; state: ENABLED
10-06 11:01:10.045  1921  2039 D CompatibilityChangeReporter: Compat change id reported: 143937733; UID 10220; state: ENABLED
10-06 11:01:10.062  1921  2039 I ActivityManager: Start proc 11315:org.mozilla.firefox/u0a220 for service {org.mozilla.firefox/androidx.work.impl.background.systemjob.SystemJobService}
10-06 11:01:10.895  1921  2581 D CompatibilityChangeReporter: Compat change id reported: 135634846; UID 10220; state: DISABLED
10-06 11:01:10.896  1921  2581 D CompatibilityChangeReporter: Compat change id reported: 177438394; UID 10220; state: DISABLED
10-06 11:01:10.896  1921  2581 D CompatibilityChangeReporter: Compat change id reported: 135772972; UID 10220; state: DISABLED
10-06 11:01:10.896  1921  2581 D CompatibilityChangeReporter: Compat change id reported: 135754954; UID 10220; state: ENABLED
10-06 11:01:10.896  1921  2039 D CompatibilityChangeReporter: Compat change id reported: 143937733; UID 10220; state: ENABLED
10-06 11:01:10.909  1921  2039 I ActivityManager: Start proc 11349:org.mozilla.firefox:crashhelper/u0a220 for service {org.mozilla.firefox/org.mozilla.gecko.crashhelper.CrashHelper}
10-06 11:01:11.595  1921  2581 D CompatibilityChangeReporter: Compat change id reported: 135634846; UID 10220; state: DISABLED
10-06 11:01:11.596  1921  2581 D CompatibilityChangeReporter: Compat change id reported: 177438394; UID 10220; state: DISABLED
10-06 11:01:11.596  1921  2581 D CompatibilityChangeReporter: Compat change id reported: 135772972; UID 10220; state: DISABLED
10-06 11:01:11.596  1921  2581 D CompatibilityChangeReporter: Compat change id reported: 135754954; UID 10220; state: ENABLED
10-06 11:01:11.596  1921  2039 D CompatibilityChangeReporter: Compat change id reported: 143937733; UID 10220; state: ENABLED
10-06 11:01:11.609  1921  2039 I ActivityManager: Start proc 11437:org.mozilla.firefox:tab10/u0a220 for service {org.mozilla.firefox/org.mozilla.gecko.process.GeckoChildProcessServices$tab10}
10-06 11:01:23.538  2492 11008 D PowerUI : can't show warning due to - plugged: true status unknown: false
10-06 11:02:23.535  2492 10923 D PowerUI : can't show warning due to - plugged: true status unknown: false
10-06 11:02:42.810  1921  2934 I ActivityManager: Killing 9644:com.google.android.GoogleCamera/u0a158 (adj 995): empty for 1800s
10-06 11:03:23.556  1921  2038 D CompatibilityChangeReporter: Compat change id reported: 135634846; UID 10101; state: DISABLED
10-06 11:03:23.557  1921  2038 D CompatibilityChangeReporter: Compat change id reported: 177438394; UID 10101; state: DISABLED
10-06 11:03:23.557  1921  2038 D CompatibilityChangeReporter: Compat change id reported: 135772972; UID 10101; state: DISABLED
10-06 11:03:23.557  1921  2038 D CompatibilityChangeReporter: Compat change id reported: 135754954; UID 10101; state: ENABLED
10-06 11:03:23.559  1921  2039 D CompatibilityChangeReporter: Compat change id reported: 143937733; UID 10101; state: ENABLED
10-06 11:03:23.580  1921  2039 I ActivityManager: Start proc 11552:com.google.android.apps.turbo/u0a101 for broadcast {com.google.android.apps.turbo/com.google.android.apps.turbo.deadline.library.DeadlineUpdateReceiver}
10-06 11:03:23.624  1921  2934 D CompatibilityChangeReporter: Compat change id reported: 168419799; UID 10101; state: DISABLED
10-06 11:03:23.758  1921  2934 D CompatibilityChangeReporter: Compat change id reported: 135634846; UID 10178; state: DISABLED
10-06 11:03:23.758  1921  2934 D CompatibilityChangeReporter: Compat change id reported: 177438394; UID 10178; state: DISABLED
10-06 11:03:23.758  1921  2934 D CompatibilityChangeReporter: Compat change id reported: 135772972; UID 10178; state: DISABLED
10-06 11:03:23.758  1921  2934 D CompatibilityChangeReporter: Compat change id reported: 135754954; UID 10178; state: ENABLED
10-06 11:03:23.759  1921  2039 D CompatibilityChangeReporter: Compat change id reported: 143937733; UID 10178; state: ENABLED
10-06 11:03:23.768  1921  2039 I ActivityManager: Start proc 11571:com.google.android.turboadapter/u0a178 for service {com.google.android.turboadapter/com.google.android.turboadapter.GoogleBatteryService}
10-06 11:03:23.792  2492  3077 D PowerUI : can't show warning due to - plugged: true status unknown: false
10-06 11:03:23.795  1921  3698 D CompatibilityChangeReporter: Compat change id reported: 168419799; UID 10178; state: DISABLED
10-06 11:03:23.849  1317  1317 E vendor.google.google_battery@1.1-service-vendor: Couldn't write property or sysfs value: 1 to: /sys/devices/platform/google,charger/bd_temp_dry_run
10-06 11:03:23.852  1317  1317 E vendor.google.google_battery@1.1-service-vendor: Couldn't write property or sysfs value: 1 to: /sys/class/power_supply/battery/bd_trickle_enable
10-06 11:03:23.853  1317  1317 E vendor.google.google_battery@1.1-service-vendor: Couldn't write property or sysfs value: 0 to: /sys/class/power_supply/battery/bd_trickle_dry_run
10-06 11:04:23.539  2492  3562 D PowerUI : can't show warning due to - plugged: true status unknown: false
10-06 11:04:32.143  1921  2070 V DisplayPowerController[0]: Brightness [0.05] reason changing to: 'automatic [ dim ]', previous reason: 'automatic'.
10-06 11:05:23.553  2492  3565 D PowerUI : can't show warning due to - plugged: true status unknown: false
10-06 11:05:43.082  1921  1936 I ActivityManager: Killing 9803:com.google.android.apps.youtube.music/u0a211 (adj 935): empty for 1814s
10-06 11:06:19.266  1921  3699 I ActivityManager: Killing 31158:com.google.android.apps.messaging/u0a100 (adj 925): empty for 1800s
10-06 11:06:23.573  2492  5367 D PowerUI : can't show warning due to - plugged: true status unknown: false
10-06 11:06:49.022  1921  8160 D CompatibilityChangeReporter: Compat change id reported: 135634846; UID 10100; state: DISABLED
10-06 11:06:49.022  1921  8160 D CompatibilityChangeReporter: Compat change id reported: 177438394; UID 10100; state: DISABLED
10-06 11:06:49.022  1921  8160 D CompatibilityChangeReporter: Compat change id reported: 135772972; UID 10100; state: DISABLED
10-06 11:06:49.022  1921  8160 D CompatibilityChangeReporter: Compat change id reported: 135754954; UID 10100; state: ENABLED
10-06 11:06:49.023  1921  2039 D CompatibilityChangeReporter: Compat change id reported: 143937733; UID 10100; state: ENABLED
10-06 11:06:49.042  1921  2039 I ActivityManager: Start proc 11696:com.google.android.apps.messaging/u0a100 for content provider {com.google.android.apps.messaging/com.google.android.apps.messaging.shared.datamodel.provider.sharedstorage.SharedStorageProvider}
10-06 11:07:11.124  1921  2934 D CompatibilityChangeReporter: Compat change id reported: 135634846; UID 10055; state: DISABLED
10-06 11:07:11.124  1921  2934 D CompatibilityChangeReporter: Compat change id reported: 177438394; UID 10055; state: DISABLED
10-06 11:07:11.124  1921  2934 D CompatibilityChangeReporter: Compat change id reported: 135772972; UID 10055; state: DISABLED
10-06 11:07:11.124  1921  2934 D CompatibilityChangeReporter: Compat change id reported: 135754954; UID 10055; state: ENABLED
10-06 11:07:11.125  1921  2039 D CompatibilityChangeReporter: Compat change id reported: 143937733; UID 10055; state: ENABLED
10-06 11:07:11.146  1921  2039 I ActivityManager: Start proc 11771:android.process.acore/u0a55 for content provider {com.android.providers.contacts/com.android.providers.contacts.ContactsProvider2}
10-06 11:07:11.201  1921  2934 D CompatibilityChangeReporter: Compat change id reported: 168419799; UID 10055; state: DISABLED
10-06 11:07:11.377  1921  3699 D CountryDetector: The first listener is added
10-06 11:07:23.539  2492 10856 D PowerUI : can't show warning due to - plugged: true status unknown: false
10-06 11:07:30.144  1921  7175 I ActivityManager: Killing 8962:com.android.providers.calendar/u0a61 (adj 995): empty for 1803s
10-06 11:08:19.958  1921  7175 I ActivityManager: Killing 7054:com.google.android.googlequicksearchbox:search/u0a135 (adj 925): empty for 1807s
