10-06 14:02:23.560  2492  3565 D PowerUI : can't show warning due to - plugged: true status unknown: false
10-06 14:03:23.561  2492  5367 D PowerUI : can't show warning due to - plugged: true status unknown: false
10-06 14:04:23.563  2492 10856 D PowerUI : can't show warning due to - plugged: true status unknown: false
10-06 14:05:23.556  2492  8442 D PowerUI : can't show warning due to - plugged: true status unknown: false
10-06 14:06:23.554  2492 11008 D PowerUI : can't show warning due to - plugged: true status unknown: false
10-06 14:07:23.560  2492 10923 D PowerUI : can't show warning due to - plugged: true status unknown: false
10-06 14:08:16.446  1921  2349 D NsdService: unregister service
10-06 14:08:16.446  1921  2349 D NsdService: mdnssd [stop-register, 1409]
10-06 14:08:16.620  1921  2349 D NsdService: Register service
10-06 14:08:16.621  1921  2349 D NsdService: registerService: 1410 name: I1pVRDT8n14AAA, type: _FC9F5ED42C8A._tcp, host: null, port: 53601, txtRecord: f=5200n=Mj3Q0R96rtJJFeHBTm2uoQAIPv4=192.168.0.102
10-06 14:08:16.621  1921  2349 D NsdService: mdnssd [register, 1410, I1pVRDT8n14AAA, _FC9F5ED42C8A._tcp, 53601, BmY9NTIwMBluPU1qM1EwUjk2cnRKSkZlSEJUbTJ1b1FBEklQdjQ9MTkyLjE2OC4wLjEwMg==]
10-06 14:08:16.622  1921  2349 D NsdService: Register 17 1410
10-06 14:08:17.386  1921  2349 D NsdService: Native daemon message SERVICE_REGISTERED: 606 1410 "I1pVRDT8n14AAA"
10-06 14:08:23.557  2492  3077 D PowerUI : can't show warning due to - plugged: true status unknown: false
10-06 14:09:23.560  2492  3562 D PowerUI : can't show warning due to - plugged: true status unknown: false
10-06 14:10:21.573  1921  2349 D NsdService: unregister service
10-06 14:10:21.573  1921  2349 D NsdService: mdnssd [stop-register, 1410]
10-06 14:10:21.725  1921  2349 D NsdService: Register service
10-06 14:10:21.726  1921  2349 D NsdService: registerService: 1411 name: I0sxQTf8n14AAA, type: _FC9F5ED42C8A._tcp, host: null, port: 53601, txtRecord: f=5200n=MkOw3Jv2oCMIUqfCkLk3i4MIPv4=192.168.0.102
10-06 14:10:21.726  1921  2349 D NsdService: mdnssd [register, 1411, I0sxQTf8n14AAA, _FC9F5ED42C8A._tcp, 53601, BmY9NTIwMBluPU1rT3czSnYyb0NNSVVxZkNrTGszaTRNEklQdjQ9MTkyLjE2OC4wLjEwMg==]
10-06 14:10:21.727  1921  2349 D NsdService: Register 18 1411
10-06 14:10:22.415  1921  2349 D NsdService: Native daemon message SERVICE_REGISTERED: 606 1411 "I0sxQTf8n14AAA"
10-06 14:10:23.555  1921  2287 I ActivityManager: Killing 20060:com.google.android.googlequicksearchbox:search/u0a135 (adj 935): empty for 1811s
10-06 14:10:23.557  1921  2287 I ActivityManager: Killing 20420:com.android.providers.calendar/u0a61 (adj 955): empty for 1857s
10-06 14:10:23.561  2492  3565 D PowerUI : can't show warning due to - plugged: true status unknown: false
10-06 14:11:08.779  1921  2337 W NetworkPolicy: shared quota unsupported; generating rule for each iface
10-06 14:11:14.939  2492  5367 D PowerUI : can't show warning due to - plugged: true status unknown: false
10-06 14:11:15.163  2492 10856 D PowerUI : can't show warning due to - plugged: true status unknown: false
10-06 14:11:23.555  2492  8442 D PowerUI : can't show warning due to - plugged: true status unknown: false
10-06 14:11:40.764  1921  2038 D CompatibilityChangeReporter: Compat change id reported: 135634846; UID 10135; state: DISABLED
10-06 14:11:40.764  1921  2038 D CompatibilityChangeReporter: Compat change id reported: 177438394; UID 10135; state: DISABLED
10-06 14:11:40.764  1921  2038 D CompatibilityChangeReporter: Compat change id reported: 135772972; UID 10135; state: DISABLED
10-06 14:11:40.764  1921  2038 D CompatibilityChangeReporter: Compat change id reported: 135754954; UID 10135; state: ENABLED
10-06 14:11:40.765  1921  2039 D CompatibilityChangeReporter: Compat change id reported: 143937733; UID 10135; state: ENABLED
10-06 14:11:40.782  1921  2039 I ActivityManager: Start proc 21080:com.google.android.googlequicksearchbox:search/u0a135 for broadcast {com.google.android.googlequicksearchbox/com.google.android.apps.gsa.staticplugins.smartspace.widget.SmartspaceWidgetProvider}
10-06 14:11:41.946  1921  3705 D CompatibilityChangeReporter: Compat change id reported: 171306433; UID 10135; state: ENABLED
10-06 14:11:42.035  1921  2933 D CompatibilityChangeReporter: Compat change id reported: 135634846; UID 10061; state: DISABLED
10-06 14:11:42.035  1921  2933 D CompatibilityChangeReporter: Compat change id reported: 177438394; UID 10061; state: DISABLED
10-06 14:11:42.035  1921  2933 D CompatibilityChangeReporter: Compat change id reported: 135772972; UID 10061; state: DISABLED
10-06 14:11:42.035  1921  2933 D CompatibilityChangeReporter: Compat change id reported: 135754954; UID 10061; state: ENABLED
10-06 14:11:42.035  1921  2039 D CompatibilityChangeReporter: Compat change id reported: 143937733; UID 10061; state: ENABLED
10-06 14:11:42.049  1921  2039 I ActivityManager: Start proc 21199:com.android.providers.calendar/u0a61 for content provider {com.android.providers.calendar/com.android.providers.calendar.CalendarProvider2}
10-06 14:11:42.080  1921  6533 D CompatibilityChangeReporter: Compat change id reported: 168419799; UID 10061; state: DISABLED
10-06 14:11:42.162  1921  2580 D CompatibilityChangeReporter: Compat change id reported: 143231523; UID 10135; state: DISABLED
10-06 14:11:42.162  1921  8123 D CompatibilityChangeReporter: Compat change id reported: 143231523; UID 10135; state: DISABLED
10-06 14:11:42.178  1921  6533 D CompatibilityChangeReporter: Compat change id reported: 143231523; UID 10061; state: DISABLED
10-06 14:12:11.442  1921  2038 W BroadcastQueue: Background execution not allowed: receiving Intent { act=com.google.android.systemui.OPA_ENABLED flg=0x10000010 (has extras) } to com.google.android.apps.nexuslauncher/.qsb.OPAStatusReceiver
10-06 14:12:23.564  2492 11008 D PowerUI : can't show warning due to - plugged: true status unknown: false
10-06 14:13:23.562  2492 10923 D PowerUI : can't show warning due to - plugged: true status unknown: false
10-06 14:13:58.649  1921  3705 W ActivityManager: Unable to start service Intent { act=com.google.android.gms.mdocstore.service.MDOC_STORE pkg=com.google.android.gms } U=0: not found
10-06 14:13:58.650  1921  3705 W ActivityManager: Unbind failed: could not find connection for android.os.BinderProxy@e4efbec
10-06 14:13:58.670  1921  3705 W ActivityManager: Unable to start service Intent { act=com.google.android.gms.mdocstore.service.MDOC_STORE pkg=com.google.android.gms } U=0: not found
10-06 14:13:58.671  1921  3705 W ActivityManager: Unbind failed: could not find connection for android.os.BinderProxy@81995bb
10-06 14:13:58.686  1921  3705 W ActivityManager: Unable to start service Intent { act=com.google.android.gms.mdocstore.service.MDOC_STORE pkg=com.google.android.gms } U=0: not found
10-06 14:13:58.687  1921  3705 W ActivityManager: Unbind failed: could not find connection for android.os.BinderProxy@825ead8
10-06 14:13:58.704  1921  3705 W ActivityManager: Unable to start service Intent { act=com.google.android.gms.mdocstore.service.MDOC_STORE pkg=com.google.android.gms } U=0: not found
10-06 14:13:58.705  1921  3705 W ActivityManager: Unbind failed: could not find connection for android.os.BinderProxy@c2fe31
10-06 14:13:58.725  1921  3705 W ActivityManager: Unable to start service Intent { act=com.google.android.gms.mdocstore.service.MDOC_STORE pkg=com.google.android.gms } U=0: not found
10-06 14:13:58.727  1921  6533 W ActivityManager: Unbind failed: could not find connection for android.os.BinderProxy@75f5916
10-06 14:13:58.868  1921  2580 W ActivityManager: Unable to start service Intent { act=com.google.android.gms.mdocstore.service.MDOC_STORE pkg=com.google.android.gms } U=0: not found
10-06 14:13:58.869  1921  2580 W ActivityManager: Unbind failed: could not find connection for android.os.BinderProxy@5a68f87
10-06 14:14:00.728  1921  6533 D CompatibilityChangeReporter: Compat change id reported: 319212206; UID 10110; state: ENABLED
10-06 14:14:00.728  1921  6533 D CompatibilityChangeReporter: Compat change id reported: 319212206; UID 10110; state: DISABLED
10-06 14:14:07.270  3751 17966 W ActivityThread: ClassLoader.getResources: The class loader returned by Thread.getContextClassLoader() may fail for processes that host multiple applications. You should explicitly specify a context class loader. For example: Thread.setContextClassLoader(getClass().getClassLoader());
10-06 14:14:15.390  1921  1921 V BackupManagerService: [UserID:0] Scheduling immediate backup pass
10-06 14:14:15.462  1921  1921 I TransportClient: BackupTransportService#5505: Notifying [BH/MSG_RUN_BACKUP] transport = IBackupTransport
10-06 14:14:15.463  1921  3624 V BackupManagerService: Running a backup pass
10-06 14:14:15.464  1921  3624 V BackupManagerService: [UserID:0] Acquired wakelock:*backup*-0-3624
10-06 14:14:15.464  1921  3624 V BackupManagerService: clearing pending backups
10-06 14:14:15.467  1921  3624 D KeyValueBackupTask: Spinning thread key-value-backup-29
10-06 14:14:15.468  1921 21313 D PFTBT   : backupmanager pftbt token=409fd00e
10-06 14:14:15.468  1921 21313 V KeyValueBackupTask: Beginning backup of 7 targets
10-06 14:14:15.478  1921  8123 D BackupTransportManager: Transport com.google.android.gms/.backup.BackupTransportService updated its attributes
10-06 14:14:15.482  1921 21313 D KeyValueBackupTask: Starting key-value backup of @pm@
10-06 14:14:15.489  1921 21313 D KeyValueBackupTask: Invoking agent on @pm@
10-06 14:14:15.534  1921 21313 I BackupRestoreController: Getting widget state for user: 0
10-06 14:14:16.474  1921 21313 D KeyValueBackupTask: Starting key-value backup of com.google.android.apps.maps
10-06 14:14:16.477  1921 21313 D CompatibilityChangeReporter: Compat change id reported: 177438394; UID 10174; state: DISABLED
10-06 14:14:16.477  1921 21313 D CompatibilityChangeReporter: Compat change id reported: 135772972; UID 10174; state: DISABLED
10-06 14:14:16.477  1921 21313 D CompatibilityChangeReporter: Compat change id reported: 135754954; UID 10174; state: ENABLED
10-06 14:14:16.478  1921  2039 D CompatibilityChangeReporter: Compat change id reported: 143937733; UID 10174; state: ENABLED
10-06 14:14:16.478  1921 21313 D BackupManagerService: [UserID:0] awaiting agent for ApplicationInfo{fd5fcc0 com.google.android.apps.maps}
10-06 14:14:16.494  1921  2039 I ActivityManager: Start proc 21326:com.google.android.apps.maps/u0a174 for backup {com.google.android.apps.maps/com.google.android.apps.gmm.backup.GmmPersistentBackupAgentHelper}
10-06 14:14:16.544  1921  3705 D CompatibilityChangeReporter: Compat change id reported: 168419799; UID 10174; state: DISABLED
10-06 14:14:17.375  1921  3705 D BackupManagerService: [UserID:0] agentConnected pkg=com.google.android.apps.maps agent=android.os.BinderProxy@acaa11c
10-06 14:14:17.375  1921 21313 I BackupManagerService: [UserID:0] got agent android.app.IBackupAgent$Stub$Proxy@d055125
10-06 14:14:17.375  1921 21313 D KeyValueBackupTask: Invoking agent on com.google.android.apps.maps
10-06 14:14:17.392  1921 21313 W KeyValueBackupTask: Agent com.google.android.apps.maps error in onBackup()
10-06 14:14:17.399  1921 21313 V BackupManagerConstants: getKeyValueBackupIntervalMilliseconds(...) returns 43200000
10-06 14:14:17.399  1921 21313 V BackupManagerConstants: getKeyValueBackupFuzzMilliseconds(...) returns 600000
10-06 14:14:17.399  1921 21313 V BackupManagerConstants: getKeyValueBackupRequiredNetworkType(...) returns 1
10-06 14:14:17.399  1921 21313 V BackupManagerConstants: getKeyValueBackupRequireCharging(...) returns true
10-06 14:14:17.399  1921 21313 V KeyValueBackupJob: Scheduling k/v pass in 727 minutes
10-06 14:14:17.401  1921 21313 D KeyValueBackupTask: Starting key-value backup of com.google.android.apps.wellbeing
10-06 14:14:17.405  1921 21313 D BackupManagerService: [UserID:0] awaiting agent for ApplicationInfo{957f com.google.android.apps.wellbeing}
10-06 14:14:17.434  1921  3705 D BackupManagerService: [UserID:0] agentConnected pkg=com.google.android.apps.wellbeing agent=android.os.BinderProxy@3930a9b
10-06 14:14:17.434  1921 21313 I BackupManagerService: [UserID:0] got agent android.app.IBackupAgent$Stub$Proxy@1b8ee38
10-06 14:14:17.434  1921 21313 D KeyValueBackupTask: Invoking agent on com.google.android.apps.wellbeing
10-06 14:14:17.511  1921  7769 D CompatibilityChangeReporter: Compat change id reported: 177438394; UID 10134; state: DISABLED
10-06 14:14:17.511  1921  7769 D CompatibilityChangeReporter: Compat change id reported: 135772972; UID 10134; state: DISABLED
10-06 14:14:17.511  1921  7769 D CompatibilityChangeReporter: Compat change id reported: 135754954; UID 10134; state: ENABLED
10-06 14:14:17.512  1921  2039 D CompatibilityChangeReporter: Compat change id reported: 143937733; UID 10134; state: ENABLED
10-06 14:14:17.517  1921 21313 I BackupRestoreController: Getting widget state for user: 0
10-06 14:14:17.525  1921  2039 I ActivityManager: Start proc 21371:com.google.android.projection.gearhead:car/u0a134 for service {com.google.android.projection.gearhead/com.google.android.apps.auto.carservice.service.impl.GearheadCarStartupService}
10-06 14:14:17.578  1921  4062 D CompatibilityChangeReporter: Compat change id reported: 168419799; UID 10134; state: DISABLED
10-06 14:14:18.171  1921 21313 V BackupManagerConstants: getBackupFinishedNotificationReceivers(...) returns 
10-06 14:14:18.174  1921 21313 D KeyValueBackupTask: Starting key-value backup of com.google.android.apps.youtube.music
10-06 14:14:18.179  1921 21313 D CompatibilityChangeReporter: Compat change id reported: 177438394; UID 10211; state: DISABLED
10-06 14:14:18.179  1921 21313 D CompatibilityChangeReporter: Compat change id reported: 135772972; UID 10211; state: DISABLED
10-06 14:14:18.180  1921 21313 D CompatibilityChangeReporter: Compat change id reported: 135754954; UID 10211; state: ENABLED
10-06 14:14:18.180  1921 21313 D BackupManagerService: [UserID:0] awaiting agent for ApplicationInfo{cf70f70 com.google.android.apps.youtube.music}
10-06 14:14:18.180  1921  2039 D CompatibilityChangeReporter: Compat change id reported: 143937733; UID 10211; state: ENABLED
10-06 14:14:18.194  1921  2039 I ActivityManager: Start proc 21400:com.google.android.apps.youtube.music/u0a211 for backup {com.google.android.apps.youtube.music/com.google.android.apps.youtube.music.application.backup.MusicBackupAgent}
10-06 14:14:18.241  1921  3705 D CompatibilityChangeReporter: Compat change id reported: 168419799; UID 10211; state: DISABLED
10-06 14:14:18.928  1921  2038 W BroadcastQueue: Permission Denial: broadcasting Intent { act=android.net.conn.CONNECTIVITY_CHANGE flg=0x4200010 (has extras) } from null (pid=-1, uid=-1) requires com.google.android.apps.youtube.music.DYNAMIC_RECEIVER_NOT_EXPORTED_PERMISSION due to registered receiver BroadcastFilter{ae573da 10211/u0 ReceiverList{ee17985 21400 com.google.android.apps.youtube.music/10211/u0 remote:d16aefc}}
10-06 14:14:18.977  1921  3705 D CompatibilityChangeReporter: Compat change id reported: 319212206; UID 10211; state: ENABLED
10-06 14:14:19.011  1921  3705 D BackupManagerService: [UserID:0] agentConnected pkg=com.google.android.apps.youtube.music agent=android.os.BinderProxy@303e194
10-06 14:14:19.011  1921 21313 I BackupManagerService: [UserID:0] got agent android.app.IBackupAgent$Stub$Proxy@3da543d
10-06 14:14:19.011  1921 21313 D KeyValueBackupTask: Invoking agent on com.google.android.apps.youtube.music
10-06 14:14:19.037  1921 21313 I BackupRestoreController: Getting widget state for user: 0
10-06 14:14:19.037  1921 21313 V BackupManagerConstants: getBackupFinishedNotificationReceivers(...) returns 
10-06 14:14:19.041  1921 21313 D KeyValueBackupTask: Starting key-value backup of android
10-06 14:14:19.043  1921 21313 D BackupManagerService: [UserID:0] awaiting agent for ApplicationInfo{5cd20a9 android}
10-06 14:14:19.044  1921  1921 D BackupManagerService: [UserID:0] agentConnected pkg=android agent=android.app.backup.BackupAgent$BackupServiceBinder@e2e1e65
10-06 14:14:19.044  1921 21313 I BackupManagerService: [UserID:0] got agent android.app.backup.BackupAgent$BackupServiceBinder@e2e1e65
10-06 14:14:19.045  1921 21313 D KeyValueBackupTask: Invoking agent on android
10-06 14:14:19.083  1921  1921 D CompatibilityChangeReporter: Compat change id reported: 135634846; UID 10200; state: DISABLED
10-06 14:14:19.083  1921  1921 D CompatibilityChangeReporter: Compat change id reported: 177438394; UID 10200; state: DISABLED
10-06 14:14:19.083  1921  1921 D CompatibilityChangeReporter: Compat change id reported: 135772972; UID 10200; state: DISABLED
10-06 14:14:19.083  1921  1921 D CompatibilityChangeReporter: Compat change id reported: 135754954; UID 10200; state: ENABLED
10-06 14:14:19.084  1921  2039 D CompatibilityChangeReporter: Compat change id reported: 143937733; UID 10200; state: ENABLED
10-06 14:14:19.096  1921  2039 I ActivityManager: Start proc 21476:com.google.android.permissioncontroller/u0a200 for service {com.google.android.permissioncontroller/com.android.permissioncontroller.permission.service.PermissionControllerServiceImpl}
10-06 14:14:19.300  1921  2084 E VerityUtils: Failed to measure fs-verity, errno 1: /data/app/~~iLUAPT-D7-CnDGe-tEaKnw==/com.google.android.apps.youtube.music-qpi5yq2S8oc_0hJSJkricA==/base.apk
10-06 14:14:23.541  1921  2038 D CompatibilityChangeReporter: Compat change id reported: 135634846; UID 10101; state: DISABLED
10-06 14:14:23.542  1921  2038 D CompatibilityChangeReporter: Compat change id reported: 177438394; UID 10101; state: DISABLED
10-06 14:14:23.542  1921  2038 D CompatibilityChangeReporter: Compat change id reported: 135772972; UID 10101; state: DISABLED
10-06 14:14:23.542  1921  2038 D CompatibilityChangeReporter: Compat change id reported: 135754954; UID 10101; state: ENABLED
10-06 14:14:23.542  1921  2039 D CompatibilityChangeReporter: Compat change id reported: 143937733; UID 10101; state: ENABLED
10-06 14:14:23.554  1921  2039 I ActivityManager: Start proc 21551:com.google.android.apps.turbo/u0a101 for broadcast {com.google.android.apps.turbo/com.google.android.apps.turbo.deadline.library.DeadlineUpdateReceiver}
10-06 14:14:23.679  1921  2580 D CompatibilityChangeReporter: Compat change id reported: 135634846; UID 10178; state: DISABLED
10-06 14:14:23.679  1921  2580 D CompatibilityChangeReporter: Compat change id reported: 177438394; UID 10178; state: DISABLED
10-06 14:14:23.679  1921  2580 D CompatibilityChangeReporter: Compat change id reported: 135772972; UID 10178; state: DISABLED
10-06 14:14:23.679  1921  2580 D CompatibilityChangeReporter: Compat change id reported: 135754954; UID 10178; state: ENABLED
10-06 14:14:23.680  1921  2039 D CompatibilityChangeReporter: Compat change id reported: 143937733; UID 10178; state: ENABLED
10-06 14:14:23.691  1921  2039 I ActivityManager: Start proc 21570:com.google.android.turboadapter/u0a178 for service {com.google.android.turboadapter/com.google.android.turboadapter.GoogleBatteryService}
10-06 14:14:23.718  2492  3077 D PowerUI : can't show warning due to - plugged: true status unknown: false
10-06 14:14:23.789  1317  1317 E vendor.google.google_battery@1.1-service-vendor: Couldn't write property or sysfs value: 1 to: /sys/devices/platform/google,charger/bd_temp_dry_run
10-06 14:14:23.792  1317  1317 E vendor.google.google_battery@1.1-service-vendor: Couldn't write property or sysfs value: 1 to: /sys/class/power_supply/battery/bd_trickle_enable
10-06 14:14:23.793  1317  1317 E vendor.google.google_battery@1.1-service-vendor: Couldn't write property or sysfs value: 0 to: /sys/class/power_supply/battery/bd_trickle_dry_run
10-06 14:14:24.608  1921 21313 I UsageStatsService: User[0] Flushing usage stats to disk
10-06 14:14:24.631  1921 21313 D IntervalStats: Unable to parse usage stats packages: [269]
10-06 14:14:24.636  1921 21313 D IntervalStats: Unable to parse usage stats packages: [269]
10-06 14:14:24.642  1921 21313 D IntervalStats: Unable to parse usage stats packages: [269, 270, 271, 272, 273]
10-06 14:14:24.648  1921 21313 D IntervalStats: Unable to parse usage stats packages: [269]
10-06 14:14:24.654  1921 21313 D IntervalStats: Unable to parse usage stats packages: [256, 258, 259, 260, 262, 263, 264, 265, 268, 269, 276, 277, 280, 281]
10-06 14:14:24.674  1921 21313 D IntervalStats: Unable to parse usage stats packages: [269]
10-06 14:14:24.674  1921 21313 D IntervalStats: Unable to parse event packages: [269]
10-06 14:14:24.683  1921 21313 D IntervalStats: Unable to parse usage stats packages: [276]
10-06 14:14:24.683  1921 21313 D IntervalStats: Unable to parse event packages: [276]
10-06 14:14:24.686  1921 21313 D IntervalStats: Unable to parse usage stats packages: [276, 277, 280]
10-06 14:14:24.688  1921 21313 D IntervalStats: Unable to parse usage stats packages: [269]
10-06 14:14:24.691  1921 21313 D IntervalStats: Unable to parse usage stats packages: [269]
10-06 14:14:24.695  1921 21313 D IntervalStats: Unable to parse usage stats packages: [269]
10-06 14:14:24.698  1921 21313 D IntervalStats: Unable to parse usage stats packages: [269, 270, 271, 272, 273]
10-06 14:14:24.700  1921 21313 D IntervalStats: Unable to parse usage stats packages: [269]
10-06 14:14:24.703  1921 21313 D IntervalStats: Unable to parse usage stats packages: [256, 258, 259, 260, 262, 263, 264, 265, 268, 269, 276, 277, 280, 281]
10-06 14:14:24.711  1921 21313 I BackupRestoreController: Getting widget state for user: 0
10-06 14:14:24.784  1921 21313 D KeyValueBackupTask: Starting key-value backup of com.android.providers.settings
10-06 14:14:24.789  1921 21313 D BackupManagerService: [UserID:0] awaiting agent for ApplicationInfo{e3cefac com.android.providers.settings}
10-06 14:14:24.791  1921  1921 D BackupManagerService: [UserID:0] agentConnected pkg=com.android.providers.settings agent=android.app.backup.BackupAgent$BackupServiceBinder@c00a475
10-06 14:14:24.791  1921 21313 I BackupManagerService: [UserID:0] got agent android.app.backup.BackupAgent$BackupServiceBinder@c00a475
10-06 14:14:24.791  1921 21313 D KeyValueBackupTask: Invoking agent on com.android.providers.settings
10-06 14:14:24.905  1921 21313 I BackupRestoreController: Getting widget state for user: 0
10-06 14:14:24.905  1921 21313 V BackupManagerConstants: getBackupFinishedNotificationReceivers(...) returns 
10-06 14:14:24.907  1921 21313 D KeyValueBackupTask: Starting key-value backup of com.google.android.inputmethod.latin
10-06 14:14:24.910  1921 21313 D BackupManagerService: [UserID:0] awaiting agent for ApplicationInfo{a47e262 com.google.android.inputmethod.latin}
10-06 14:14:24.943  1921  2934 D BackupManagerService: [UserID:0] agentConnected pkg=com.google.android.inputmethod.latin agent=android.os.BinderProxy@f8ae4b0
10-06 14:14:24.943  1921 21313 I BackupManagerService: [UserID:0] got agent android.app.IBackupAgent$Stub$Proxy@ff12f29
10-06 14:14:24.943  1921 21313 D KeyValueBackupTask: Invoking agent on com.google.android.inputmethod.latin
10-06 14:14:25.493  1921 21313 I BackupRestoreController: Getting widget state for user: 0
10-06 14:14:25.603  1921 21313 I KeyValueBackupTask: K/V backup pass finished
10-06 14:14:25.606  1921 21313 V BackupManagerService: [UserID:0] Released wakelock:*backup*-0-3624
10-06 14:14:28.720  1921  7769 D CompatibilityChangeReporter: Compat change id reported: 319212206; UID 10135; state: ENABLED
10-06 14:15:01.098  1921  4062 I ActivityManager: Killing 20563:com.google.android.euicc/u0a125 (adj 955): empty for 1808s
10-06 14:15:23.554  2492  3562 D PowerUI : can't show warning due to - plugged: true status unknown: false
10-06 14:16:14.988  1921  2037 I UsageStatsService: User[0] Flushing usage stats to disk
10-06 14:16:23.629  2492  3565 D PowerUI : can't show warning due to - plugged: true status unknown: false
10-06 14:17:23.550  1921  3687 I ActivityManager: Killing 19678:com.google.android.apps.turbo:aab/u0a101 (adj 995): empty for 1807s
10-06 14:17:23.556  2492  5367 D PowerUI : can't show warning due to - plugged: true status unknown: false
10-06 14:18:23.563  2492 10856 D PowerUI : can't show warning due to - plugged: true status unknown: false
10-06 14:18:42.863  1921  3687 D CompatibilityChangeReporter: Compat change id reported: 171306433; UID 10110; state: ENABLED
10-06 14:19:23.559  2492  8442 D PowerUI : can't show warning due to - plugged: true status unknown: false
10-06 14:20:23.559  2492 11008 D PowerUI : can't show warning due to - plugged: true status unknown: false
10-06 14:21:20.416  1921  6533 I ActivityManager: Killing 20629:com.google.android.apps.walletnfcrel/u0a210 (adj 945): empty for 1838s
10-06 14:21:23.544  2492 10923 D PowerUI : can't show warning due to - plugged: true status unknown: false
10-06 14:21:57.421  1921  2580 D CompatibilityChangeReporter: Compat change id reported: 319212206; UID 10100; state: ENABLED
10-06 14:22:23.554  2492  3077 D PowerUI : can't show warning due to - plugged: true status unknown: false
10-06 14:22:46.849  1921  2349 D NsdService: unregister service
10-06 14:22:46.850  1921  2349 D NsdService: mdnssd [stop-register, 1411]
10-06 14:22:47.022  1921  2349 D NsdService: Register service
10-06 14:22:47.022  1921  2349 D NsdService: registerService: 1412 name: I0sxQTf8n14AAA, type: _FC9F5ED42C8A._tcp, host: null, port: 53601, txtRecord: f=5200n=MkOw3Jv2oCMIUqfCkLk3i4MIPv4=192.168.0.102
10-06 14:22:47.023  1921  2349 D NsdService: mdnssd [register, 1412, I0sxQTf8n14AAA, _FC9F5ED42C8A._tcp, 53601, BmY9NTIwMBluPU1rT3czSnYyb0NNSVVxZkNrTGszaTRNEklQdjQ9MTkyLjE2OC4wLjEwMg==]
10-06 14:22:47.024  1921  2349 D NsdService: Register 19 1412
10-06 14:22:47.713  1921  2349 D NsdService: Native daemon message SERVICE_REGISTERED: 606 1412 "I0sxQTf8n14AAA"
10-06 14:23:23.561  2492  3562 D PowerUI : can't show warning due to - plugged: true status unknown: false
10-06 14:24:23.564  2492  3565 D PowerUI : can't show warning due to - plugged: true status unknown: false
10-06 14:24:45.637  1921  3700 I ContentCaptureManagerService: Data share request accepted by Content Capture service
10-06 14:24:45.653  1921  3700 I ContentCaptureManagerService: Data share request accepted by Content Capture service
10-06 14:25:03.496  1921  2349 D NsdService: unregister service
10-06 14:25:03.496  1921  2349 D NsdService: mdnssd [stop-register, 1412]
10-06 14:25:03.703  1921  2349 D NsdService: Register service
10-06 14:25:03.703  1921  2349 D NsdService: registerService: 1413 name: I1hJV1L8n14AAA, type: _FC9F5ED42C8A._tcp, host: null, port: 53601, txtRecord: f=5200n=MqwqS-LSgvZO8c126T4SSp8IPv4=192.168.0.102
10-06 14:25:03.703  1921  2349 D NsdService: mdnssd [register, 1413, I1hJV1L8n14AAA, _FC9F5ED42C8A._tcp, 53601, BmY9NTIwMBluPU1xd3FTLUxTZ3ZaTzhjMTI2VDRTU3A4EklQdjQ9MTkyLjE2OC4wLjEwMg==]
10-06 14:25:03.705  1921  2349 D NsdService: Register 20 1413
10-06 14:25:04.385  1921  2349 D NsdService: Native daemon message SERVICE_REGISTERED: 606 1413 "I1hJV1L8n14AAA"
10-06 14:25:23.558  2492  5367 D PowerUI : can't show warning due to - plugged: true status unknown: false
10-06 14:26:23.559  2492 10856 D PowerUI : can't show warning due to - plugged: true status unknown: false
10-06 14:27:23.558  2492  8442 D PowerUI : can't show warning due to - plugged: true status unknown: false
10-06 14:27:26.807  1921  1921 D CompatibilityChangeReporter: Compat change id reported: 135634846; UID 10158; state: DISABLED
10-06 14:27:26.807  1921  1921 D CompatibilityChangeReporter: Compat change id reported: 177438394; UID 10158; state: DISABLED
10-06 14:27:26.808  1921  1921 D CompatibilityChangeReporter: Compat change id reported: 135772972; UID 10158; state: DISABLED
10-06 14:27:26.808  1921  1921 D CompatibilityChangeReporter: Compat change id reported: 135754954; UID 10158; state: ENABLED
10-06 14:27:26.810  1921  2039 D CompatibilityChangeReporter: Compat change id reported: 143937733; UID 10158; state: ENABLED
10-06 14:27:26.814  1921  1921 D CompatibilityChangeReporter: Compat change id reported: 177438394; UID 10150; state: DISABLED
10-06 14:27:26.814  1921  1921 D CompatibilityChangeReporter: Compat change id reported: 135772972; UID 10150; state: DISABLED
10-06 14:27:26.814  1921  1921 D CompatibilityChangeReporter: Compat change id reported: 135754954; UID 10150; state: ENABLED
10-06 14:27:26.818  1921  1921 D CompatibilityChangeReporter: Compat change id reported: 135634846; UID 10129; state: DISABLED
10-06 14:27:26.818  1921  1921 D CompatibilityChangeReporter: Compat change id reported: 177438394; UID 10129; state: DISABLED
10-06 14:27:26.819  1921  1921 D CompatibilityChangeReporter: Compat change id reported: 135772972; UID 10129; state: DISABLED
10-06 14:27:26.819  1921  1921 D CompatibilityChangeReporter: Compat change id reported: 135754954; UID 10129; state: ENABLED
10-06 14:27:26.829  1921  2039 I ActivityManager: Start proc 21764:com.google.android.GoogleCamera/u0a158 for service {com.google.android.GoogleCamera/com.google.android.apps.camera.brella.examplestore.beholder.BeholderExampleStoreDataTtlService}
10-06 14:27:26.829  1921  2039 D CompatibilityChangeReporter: Compat change id reported: 143937733; UID 10150; state: ENABLED
10-06 14:27:26.846  1921  2039 I ActivityManager: Start proc 21765:com.google.android.gm/u0a150 for service {com.google.android.gm/com.google.android.libraries.notifications.entrypoints.scheduled.ScheduledTaskService}
10-06 14:27:26.847  1921  2039 D CompatibilityChangeReporter: Compat change id reported: 143937733; UID 10129; state: ENABLED
10-06 14:27:26.859  1921  2039 I ActivityManager: Start proc 21766:com.google.android.as.oss/u0a129 for service {com.google.android.as.oss/com.google.android.gms.learning.internal.training.InAppJobService}
10-06 14:27:26.891  1921  2934 D CompatibilityChangeReporter: Compat change id reported: 168419799; UID 10150; state: DISABLED
10-06 14:27:26.897  1921  3700 D CompatibilityChangeReporter: Compat change id reported: 168419799; UID 10129; state: DISABLED
10-06 14:27:26.903  1921  2934 D CompatibilityChangeReporter: Compat change id reported: 168419799; UID 10158; state: DISABLED
10-06 14:27:27.499  1921  2580 D CompatibilityChangeReporter: Compat change id reported: 182734110; UID 10158; state: ENABLED
10-06 14:27:38.649  1921  3699 D CompatibilityChangeReporter: Compat change id reported: 319212206; UID 10150; state: ENABLED
10-06 14:28:23.561  2492 11008 D PowerUI : can't show warning due to - plugged: true status unknown: false
10-06 14:29:23.564  2492 10923 D PowerUI : can't show warning due to - plugged: true status unknown: false
10-06 14:29:45.645  1921  1921 I ContentCaptureManagerService: Content capture data sharing session terminated successfully for package 'com.google.android.googlequicksearchbox'
10-06 14:29:45.654  1921  1921 I ContentCaptureManagerService: Content capture data sharing session terminated successfully for package 'com.google.android.googlequicksearchbox'
10-06 14:30:01.668  1921  2580 I ActivityManager: Killing 20818:com.google.android.settings.intelligence/u0a130 (adj 995): empty for 1801s
10-06 14:30:01.714  1921  2338 D CompatibilityChangeReporter: Compat change id reported: 171306433; UID 10130; state: ENABLED
10-06 14:30:23.560  2492  3077 D PowerUI : can't show warning due to - plugged: true status unknown: false
10-06 14:31:23.561  2492  3562 D PowerUI : can't show warning due to - plugged: true status unknown: false
10-06 14:32:23.559  2492  3565 D PowerUI : can't show warning due to - plugged: true status unknown: false
10-06 14:32:43.719  1921  7769 I ActivityManager: Killing 17982:com.android.vending:background/u0a103 (adj 965): empty for 1805s
10-06 14:33:23.561  2492  5367 D PowerUI : can't show warning due to - plugged: true status unknown: false
10-06 14:34:09.200  1921  2038 D CompatibilityChangeReporter: Compat change id reported: 168419799; UID 10103; state: DISABLED
10-06 14:34:09.217  1921  2089 I PackageManager: Integrity check passed for file:///data/app/vmdl1962176476.tmp
10-06 14:34:10.010  1921  3690 D CompatibilityChangeReporter: Compat change id reported: 135634846; UID 10103; state: DISABLED
10-06 14:34:10.010  1921  3690 D CompatibilityChangeReporter: Compat change id reported: 177438394; UID 10103; state: DISABLED
10-06 14:34:10.010  1921  3690 D CompatibilityChangeReporter: Compat change id reported: 135772972; UID 10103; state: DISABLED
10-06 14:34:10.011  1921  3690 D CompatibilityChangeReporter: Compat change id reported: 135754954; UID 10103; state: ENABLED
10-06 14:34:10.012  1921  2039 D CompatibilityChangeReporter: Compat change id reported: 143937733; UID 10103; state: ENABLED
10-06 14:34:10.027  1921  2039 I ActivityManager: Start proc 22030:com.android.vending:com.google.android.finsky.verifier.apkanalysis.service.ApkContentsScanService/u0i68 for service {com.android.vending/com.google.android.finsky.verifier.apkanalysis.service.ApkContentsScanService}
10-06 14:34:11.332  1921  3690 I ActivityManager: Killing 22030:com.android.vending:com.google.android.finsky.verifier.apkanalysis.service.ApkContentsScanService/u0a103i68 (adj 0): isolated not needed
10-06 14:34:11.378  1921  2089 W PackageManager: Package org.my_organization.test signatures do not match previously installed version; ignoring!
10-06 14:34:11.387  1921  2287 D PackageInstallerSession: Ignoring abandon after commit relinquished control
10-06 14:34:13.796  1921  2070 V DisplayPowerController[0]: Brightness [0.16756538] reason changing to: 'automatic', previous reason: 'automatic [ dim ]'.
10-06 14:34:13.823  1921  2025 I ActivityTaskManager: START u0 {act=android.intent.action.MAIN cat=[android.intent.category.HOME] flg=0x10000100 cmp=app.lawnchair.play/app.lawnchair.LawnchairLauncher (has extras)} from uid 0
10-06 14:34:13.841  1921  2025 D CompatibilityChangeReporter: Compat change id reported: 197654537; UID 10143; state: ENABLED
10-06 14:34:13.847  1921  3677 D CompatibilityChangeReporter: Compat change id reported: 197654537; UID 10220; state: ENABLED
10-06 14:34:16.868  1921  2608 I ActivityTaskManager: START u0 {act=android.intent.action.DELETE dat=package:org.my_organization.test flg=0x10800000 cmp=com.google.android.packageinstaller/com.android.packageinstaller.UninstallerActivity bnds=[148,1130][742,1273] (has extras)} from uid 10238
10-06 14:34:16.876  1921  2608 W ActivityTaskManager: Can't find TaskDisplayArea to determine support for multi window. Task id=447 attached=false
10-06 14:34:16.878  1921  2608 D CompatibilityChangeReporter: Compat change id reported: 174042980; UID 10069; state: DISABLED
10-06 14:34:16.879  1921  2608 D CompatibilityChangeReporter: Compat change id reported: 184838306; UID 10069; state: DISABLED
10-06 14:34:16.881  1921  2608 D CompatibilityChangeReporter: Compat change id reported: 185004937; UID 10069; state: DISABLED
10-06 14:34:16.882  1921  2608 D CompatibilityChangeReporter: Compat change id reported: 181136395; UID 10069; state: DISABLED
10-06 14:34:16.883  1921  2608 D CompatibilityChangeReporter: Compat change id reported: 174042936; UID 10069; state: DISABLED
10-06 14:34:16.885  1921  2608 D CompatibilityChangeReporter: Compat change id reported: 197654537; UID 10069; state: ENABLED
10-06 14:34:16.894  1921  2027 I ActivityManager: com.google.android.packageinstaller is exempt from freezer
10-06 14:34:16.894  1921  2027 D CompatibilityChangeReporter: Compat change id reported: 135634846; UID 10069; state: DISABLED
10-06 14:34:16.894  1921  2027 D CompatibilityChangeReporter: Compat change id reported: 177438394; UID 10069; state: DISABLED
10-06 14:34:16.894  1921  2027 D CompatibilityChangeReporter: Compat change id reported: 135772972; UID 10069; state: DISABLED
10-06 14:34:16.894  1921  2027 D CompatibilityChangeReporter: Compat change id reported: 135754954; UID 10069; state: ENABLED
10-06 14:34:16.895  1921  2039 D CompatibilityChangeReporter: Compat change id reported: 143937733; UID 10069; state: ENABLED
10-06 14:34:16.905  1921  2039 I ActivityManager: Start proc 22057:com.google.android.packageinstaller/u0a69 for pre-top-activity {com.google.android.packageinstaller/com.android.packageinstaller.UninstallerActivity}
10-06 14:34:18.510  1921  2038 I ActivityManager: Force stopping org.my_organization.test appid=10251 user=0: deletePackageX
10-06 14:34:18.549  1921  2027 V WindowManager: Unknown focus tokens, dropping reportFocusChanged
10-06 14:34:18.627  1921  2024 W Looper  : Slow dispatch took 100ms android.fg h=android.os.Handler c=<recycled PooledLambda@5c46f7d> m=0
10-06 14:34:18.714  1921  1921 W NotificationHistory: Attempted to add notif for locked/gone/disabled user 0
10-06 14:34:18.875  1921  2024 W Looper  : Slow delivery took 242ms android.fg h=android.os.Handler c=<recycled PooledLambda@b0fb1a5> m=0
10-06 14:34:18.915  1921  2028 W ActivityTaskManager: Can't find TaskDisplayArea to determine support for multi window. Task id=447 attached=false
10-06 14:34:18.915  1921  2028 W ActivityTaskManager: Can't find TaskDisplayArea to determine support for multi window. Task id=447 attached=false
10-06 14:34:19.072  1921  2024 W Looper  : Drained
10-06 14:34:19.073  1921  2038 D CompatibilityChangeReporter: Compat change id reported: 168419799; UID 10069; state: DISABLED
10-06 14:34:19.074  1921  2089 I ActivityManager: Force stopping org.my_organization.test appid=10251 user=0: pkg removed
10-06 14:34:19.159  1921  2024 D CompanionDeviceManagerService: onPackageRemoved(packageName = org.my_organization.test, uid = 10251)
10-06 14:34:19.160  1921  2024 I CompanionDeviceManagerService: Updating associations: []  -->  []
10-06 14:34:19.162  1921  2330 V StorageManagerService: Package org.my_organization.test does not have legacy storage
10-06 14:34:19.168  1921  2304 I RollbackManager: broadcast=ACTION_PACKAGE_FULLY_REMOVED pkg=org.my_organization.test
10-06 14:34:19.171  1921  2038 W BroadcastQueue: Background execution not allowed: receiving Intent { act=android.intent.action.PACKAGE_REMOVED dat=package:org.my_organization.test flg=0x4000010 (has extras) } to com.android.vending/com.google.android.finsky.packagemonitor.impl.PackageMonitorReceiverImpl$RegisteredReceiver
10-06 14:34:19.173  1921  2038 W BroadcastQueue: Background execution not allowed: receiving Intent { act=android.intent.action.PACKAGE_REMOVED dat=package:org.my_organization.test flg=0x4000010 (has extras) } to com.android.vending/com.google.android.finsky.packagemonitor.backgroundimpl.BackgroundPackageMonitorReceiverImpl$RegisteredReceiver
10-06 14:34:19.173  1921  2038 W BroadcastQueue: Background execution not allowed: receiving Intent { act=android.intent.action.PACKAGE_REMOVED dat=package:org.my_organization.test flg=0x4000010 (has extras) } to com.android.vending/com.google.android.finsky.instantapps.appmanagement.InstantAppRemoveMonitor
10-06 14:34:19.173  1921  2038 W BroadcastQueue: Background execution not allowed: receiving Intent { act=android.intent.action.PACKAGE_REMOVED dat=package:org.my_organization.test flg=0x4000010 (has extras) } to com.google.android.gms/.chimera.GmsIntentOperationService$PersistentTrustedReceiver
10-06 14:34:19.173  1921  2038 W BroadcastQueue: Background execution not allowed: receiving Intent { act=android.intent.action.PACKAGE_REMOVED dat=package:org.my_organization.test flg=0x4000010 (has extras) } to com.google.android.videos/com.google.android.libraries.social.peoplekit.thirdparty.viewcontrollers.ThirdPartyReceiver
10-06 14:34:19.187  1921  2310 D CompatibilityChangeReporter: Compat change id reported: 168419799; UID 10200; state: DISABLED
10-06 14:34:19.191  1921  1921 D CompatibilityChangeReporter: Compat change id reported: 135634846; UID 1000; state: DISABLED
10-06 14:34:19.191  1921  1921 D CompatibilityChangeReporter: Compat change id reported: 177438394; UID 1000; state: DISABLED
10-06 14:34:19.192  1921  1921 D CompatibilityChangeReporter: Compat change id reported: 135772972; UID 1000; state: DISABLED
10-06 14:34:19.192  1921  1921 D CompatibilityChangeReporter: Compat change id reported: 135754954; UID 1000; state: ENABLED
10-06 14:34:19.193  1921  1921 I GameManagerService: Disabling downscale for org.my_organization.test
10-06 14:34:19.204  1921  2039 I ActivityManager: Start proc 22090:com.android.keychain/1000 for service {com.android.keychain/com.android.keychain.KeyChainService}
10-06 14:34:19.244  1921  1921 I Telecom : CarModeTracker: Package org.my_organization.test is not tracked.: SSH.oR@bGo
10-06 14:34:19.258  1921  1921 I Telecom : InCallController: updateCarModeForConnections: car mode apps: : SSH.oR@bGo
10-06 14:34:19.272  1921  1921 I ConditionProviders: Disallowing condition provider org.my_organization.test (userSet: true)
10-06 14:34:19.306  1921  6242 D CompatibilityChangeReporter: Compat change id reported: 135634846; UID 10125; state: DISABLED
10-06 14:34:19.306  1921  6242 D CompatibilityChangeReporter: Compat change id reported: 177438394; UID 10125; state: DISABLED
10-06 14:34:19.306  1921  6242 D CompatibilityChangeReporter: Compat change id reported: 135772972; UID 10125; state: DISABLED
10-06 14:34:19.306  1921  6242 D CompatibilityChangeReporter: Compat change id reported: 135754954; UID 10125; state: ENABLED
10-06 14:34:19.307  1921  2039 D CompatibilityChangeReporter: Compat change id reported: 143937733; UID 10125; state: ENABLED
10-06 14:34:19.310  1921  3677 D CompatibilityChangeReporter: Compat change id reported: 168419799; UID 1000; state: DISABLED
10-06 14:34:19.327  1921  1921 D CompatibilityChangeReporter: Compat change id reported: 168419799; UID 10103; state: DISABLED
10-06 14:34:19.327  1921  2039 I ActivityManager: Start proc 22112:com.google.android.euicc/u0a125 for service {com.google.android.euicc/com.android.euicc.service.EuiccServiceImpl}
10-06 14:34:19.358  1921  3677 D CompatibilityChangeReporter: Compat change id reported: 168419799; UID 10125; state: DISABLED
10-06 14:34:19.506  1921  2351 D CompatibilityChangeReporter: Compat change id reported: 135634846; UID 10055; state: DISABLED
10-06 14:34:19.506  1921  2351 D CompatibilityChangeReporter: Compat change id reported: 177438394; UID 10055; state: DISABLED
10-06 14:34:19.506  1921  2351 D CompatibilityChangeReporter: Compat change id reported: 135772972; UID 10055; state: DISABLED
10-06 14:34:19.506  1921  2351 D CompatibilityChangeReporter: Compat change id reported: 135754954; UID 10055; state: ENABLED
10-06 14:34:19.507  1921  2039 D CompatibilityChangeReporter: Compat change id reported: 143937733; UID 10055; state: ENABLED
10-06 14:34:19.519  1921  2039 I ActivityManager: Start proc 22149:android.process.acore/u0a55 for content provider {com.android.providers.contacts/com.android.providers.contacts.ContactsProvider2}
10-06 14:34:19.521  1921  2337 W NetworkPolicy: shared quota unsupported; generating rule for each iface
10-06 14:34:19.560  1921  3690 D CompatibilityChangeReporter: Compat change id reported: 168419799; UID 10055; state: DISABLED
10-06 14:34:19.681  1921  3690 D CountryDetector: The first listener is added
10-06 14:34:19.724  1921  7769 I ActivityManager: com.android.vending is exempt from freezer
10-06 14:34:19.724  1921  7769 D CompatibilityChangeReporter: Compat change id reported: 135634846; UID 10103; state: DISABLED
10-06 14:34:19.724  1921  7769 D CompatibilityChangeReporter: Compat change id reported: 177438394; UID 10103; state: DISABLED
10-06 14:34:19.724  1921  7769 D CompatibilityChangeReporter: Compat change id reported: 135772972; UID 10103; state: DISABLED
10-06 14:34:19.724  1921  7769 D CompatibilityChangeReporter: Compat change id reported: 135754954; UID 10103; state: ENABLED
10-06 14:34:19.725  1921  2039 D CompatibilityChangeReporter: Compat change id reported: 143937733; UID 10103; state: ENABLED
10-06 14:34:19.736  1921  2039 I ActivityManager: Start proc 22203:com.android.vending:background/u0a103 for broadcast {com.android.vending/com.google.android.finsky.packagemonitor.backgroundimpl.BackgroundPackageMonitorReceiverImpl$RegisteredReceiver}
10-06 14:34:20.101  1921  2089 I PackageManager: Integrity check passed for file:///data/app/vmdl1212674801.tmp
10-06 14:34:20.291  1921  6242 D CompatibilityChangeReporter: Compat change id reported: 135634846; UID 10127; state: DISABLED
10-06 14:34:20.291  1921  6242 D CompatibilityChangeReporter: Compat change id reported: 177438394; UID 10127; state: DISABLED
10-06 14:34:20.291  1921  6242 D CompatibilityChangeReporter: Compat change id reported: 135772972; UID 10127; state: DISABLED
10-06 14:34:20.291  1921  6242 D CompatibilityChangeReporter: Compat change id reported: 135754954; UID 10127; state: ENABLED
10-06 14:34:20.292  1921  2039 D CompatibilityChangeReporter: Compat change id reported: 143937733; UID 10127; state: ENABLED
10-06 14:34:20.304  1921  2039 I ActivityManager: Start proc 22249:com.google.android.apps.carrier.carrierwifi/u0a127 for broadcast {com.google.android.apps.carrier.carrierwifi/com.google.android.apps.carrier.carrierwifi.CarrierWifiReceiver}
10-06 14:34:20.341  1921  6242 D CompatibilityChangeReporter: Compat change id reported: 168419799; UID 10127; state: DISABLED
10-06 14:34:20.426  1921  2037 I CompanionDeviceManagerService: Writing associations to disk: []
10-06 14:34:20.433  1921  6242 D CompatibilityChangeReporter: Compat change id reported: 135634846; UID 10103; state: DISABLED
10-06 14:34:20.433  1921  6242 D CompatibilityChangeReporter: Compat change id reported: 177438394; UID 10103; state: DISABLED
10-06 14:34:20.433  1921  6242 D CompatibilityChangeReporter: Compat change id reported: 135772972; UID 10103; state: DISABLED
10-06 14:34:20.433  1921  6242 D CompatibilityChangeReporter: Compat change id reported: 135754954; UID 10103; state: ENABLED
10-06 14:34:20.435  1921  2039 D CompatibilityChangeReporter: Compat change id reported: 143937733; UID 10103; state: ENABLED
10-06 14:34:20.450  1921  2039 I ActivityManager: Start proc 22266:com.android.vending:com.google.android.finsky.verifier.apkanalysis.service.ApkContentsScanService/u0i69 for service {com.android.vending/com.google.android.finsky.verifier.apkanalysis.service.ApkContentsScanService}
10-06 14:34:20.477  1921  3690 D CompatibilityChangeReporter: Compat change id reported: 177438394; UID 10109; state: DISABLED
10-06 14:34:20.477  1921  3690 D CompatibilityChangeReporter: Compat change id reported: 135772972; UID 10109; state: DISABLED
10-06 14:34:20.477  1921  3690 D CompatibilityChangeReporter: Compat change id reported: 135754954; UID 10109; state: ENABLED
10-06 14:34:20.477  1921  2039 D CompatibilityChangeReporter: Compat change id reported: 143937733; UID 10109; state: ENABLED
10-06 14:34:20.488  1921  2039 I ActivityManager: Start proc 22283:com.google.android.apps.nbu.files/u0a109 for broadcast {com.google.android.apps.nbu.files/com.google.android.apps.nbu.files.documentbrowser.browselanding.rootcontainerlist.receiver.PackageChangeReceiver_Receiver}
10-06 14:34:20.504  1921  3690 D CompatibilityChangeReporter: Compat change id reported: 319212206; UID 10103; state: ENABLED
10-06 14:34:21.762  1921  2024 D CompanionDeviceManagerService: onPackageModified(packageName = com.google.android.apps.carrier.carrierwifi)
10-06 14:34:21.773  1921  1921 I Telecom : DefaultDialerCache: Refreshing default dialer for user 0: now com.google.android.dialer: DDC.oR@bHA
10-06 14:34:22.068  1921  2608 I ActivityManager: Killing 22266:com.android.vending:com.google.android.finsky.verifier.apkanalysis.service.ApkContentsScanService/u0a103i69 (adj 0): isolated not needed
10-06 14:34:22.238  1921  3690 D CompatibilityChangeReporter: Compat change id reported: 135634846; UID 10057; state: DISABLED
10-06 14:34:22.239  1921  3690 D CompatibilityChangeReporter: Compat change id reported: 177438394; UID 10057; state: DISABLED
10-06 14:34:22.239  1921  3690 D CompatibilityChangeReporter: Compat change id reported: 135772972; UID 10057; state: DISABLED
10-06 14:34:22.239  1921  3690 D CompatibilityChangeReporter: Compat change id reported: 135754954; UID 10057; state: ENABLED
10-06 14:34:22.239  1921  2039 D CompatibilityChangeReporter: Compat change id reported: 143937733; UID 10057; state: ENABLED
10-06 14:34:22.252  1921  2039 I ActivityManager: Start proc 22352:com.google.android.documentsui/u0a57 for broadcast {com.google.android.documentsui/com.android.documentsui.PackageReceiver}
10-06 14:34:22.259  1921  2089 V BackupManagerService: [UserID:0] restoreAtInstall pkg=org.my_organization.test token=51 restoreSet=0
10-06 14:34:22.260  1921  2089 V BackupManagerService: [UserID:0] Finishing install immediately
10-06 14:34:22.268  1921  2089 D CompatibilityChangeReporter: Compat change id reported: 168419799; UID 10252; state: DISABLED
10-06 14:34:22.283  1921  1921 I Telecom : DefaultDialerCache: Refreshing default dialer for user 0: now com.google.android.dialer: DDC.oR@bHE
10-06 14:34:22.293  1921  6242 D CompatibilityChangeReporter: Compat change id reported: 168419799; UID 10057; state: DISABLED
10-06 14:34:22.326  1921  2084 E VerityUtils: Failed to measure fs-verity, errno 1: /data/app/~~ebKipFf-LxB9QlFtTlKfLw==/org.my_organization.test-5nwDHif4fzDm_xVlZFHrYQ==/base.apk
10-06 14:34:22.364  1921  1921 I Telecom : DefaultDialerCache: Refreshing default dialer for user 0: now com.google.android.dialer: DDC.oR@bHI
10-06 14:34:22.365  1921  2037 W PackageManager: Failed registering loading progress callback. Package is fully loaded.
10-06 14:34:22.519  1921  2024 W Looper  : Slow delivery took 201ms android.fg h=android.os.Handler c=<recycled PooledLambda@20cf940> m=0
10-06 14:34:22.552  1921  2625 D CompatibilityChangeReporter: Compat change id reported: 168419799; UID 10103; state: DISABLED
10-06 14:34:22.639  1921  2024 D CompanionDeviceManagerService: onPackageModified(packageName = org.my_organization.test)
10-06 14:34:22.749  1921  2024 W Looper  : Drained
