10-06 11:08:23.537  2492  8442 D PowerUI : can't show warning due to - plugged: true status unknown: false
10-06 11:09:23.536  2492 11008 D PowerUI : can't show warning due to - plugged: true status unknown: false
10-06 11:09:36.986  1921  6242 I ActivityManager: Killing 7028:com.google.android.cellbroadcastreceiver/u0a197 (adj 975): empty for 1809s
10-06 11:09:38.053  1921  1921 D CompatibilityChangeReporter: Compat change id reported: 135634846; UID 10154; state: DISABLED
10-06 11:09:38.053  1921  1921 D CompatibilityChangeReporter: Compat change id reported: 177438394; UID 10154; state: DISABLED
10-06 11:09:38.053  1921  1921 D CompatibilityChangeReporter: Compat change id reported: 135772972; UID 10154; state: DISABLED
10-06 11:09:38.053  1921  1921 D CompatibilityChangeReporter: Compat change id reported: 135754954; UID 10154; state: ENABLED
10-06 11:09:38.054  1921  2039 D CompatibilityChangeReporter: Compat change id reported: 143937733; UID 10154; state: ENABLED
10-06 11:09:38.057  1921  1921 D CompatibilityChangeReporter: Compat change id reported: 177438394; UID 10211; state: DISABLED
10-06 11:09:38.057  1921  1921 D CompatibilityChangeReporter: Compat change id reported: 135772972; UID 10211; state: DISABLED
10-06 11:09:38.057  1921  1921 D CompatibilityChangeReporter: Compat change id reported: 135754954; UID 10211; state: ENABLED
10-06 11:09:38.066  1921  2039 I ActivityManager: Start proc 11862:com.google.android.youtube/u0a154 for service {com.google.android.youtube/androidx.work.impl.background.systemjob.SystemJobService}
10-06 11:09:38.066  1921  2039 D CompatibilityChangeReporter: Compat change id reported: 143937733; UID 10211; state: ENABLED
10-06 11:09:38.078  1921  2039 I ActivityManager: Start proc 11863:com.google.android.apps.youtube.music/u0a211 for service {com.google.android.apps.youtube.music/androidx.work.impl.background.systemjob.SystemJobService}
10-06 11:09:38.105  1921  6242 D CompatibilityChangeReporter: Compat change id reported: 168419799; UID 10154; state: DISABLED
10-06 11:09:38.112  1921  7175 D CompatibilityChangeReporter: Compat change id reported: 168419799; UID 10211; state: DISABLED
10-06 11:09:38.881  1921  6242 D CompatibilityChangeReporter: Compat change id reported: 319212206; UID 10154; state: ENABLED
10-06 11:09:38.910  1921  2038 W BroadcastQueue: Permission Denial: broadcasting Intent { act=android.net.conn.CONNECTIVITY_CHANGE flg=0x4200010 (has extras) } from null (pid=-1, uid=-1) requires com.google.android.apps.youtube.music.DYNAMIC_RECEIVER_NOT_EXPORTED_PERMISSION due to registered receiver BroadcastFilter{9649811 10211/u0 ReceiverList{b084038 11863 com.google.android.apps.youtube.music/10211/u0 remote:224649b}}
10-06 11:09:38.942  1921  6242 D CompatibilityChangeReporter: Compat change id reported: 319212206; UID 10211; state: ENABLED
10-06 11:09:38.979  1921  1921 D CompatibilityChangeReporter: Compat change id reported: 135634846; UID 10135; state: DISABLED
10-06 11:09:38.979  1921  1921 D CompatibilityChangeReporter: Compat change id reported: 177438394; UID 10135; state: DISABLED
10-06 11:09:38.979  1921  1921 D CompatibilityChangeReporter: Compat change id reported: 135772972; UID 10135; state: DISABLED
10-06 11:09:38.979  1921  1921 D CompatibilityChangeReporter: Compat change id reported: 135754954; UID 10135; state: ENABLED
10-06 11:09:38.979  1921  2039 D CompatibilityChangeReporter: Compat change id reported: 143937733; UID 10135; state: ENABLED
10-06 11:09:38.992  1921  2039 I ActivityManager: Start proc 11978:com.google.android.googlequicksearchbox:search/u0a135 for service {com.google.android.googlequicksearchbox/androidx.work.impl.background.systemjob.SystemJobService}
10-06 11:09:40.181  1921  2084 E VerityUtils: Failed to measure fs-verity, errno 1: /data/app/~~iLUAPT-D7-CnDGe-tEaKnw==/com.google.android.apps.youtube.music-qpi5yq2S8oc_0hJSJkricA==/base.apk
10-06 11:09:40.369  1921  2038 W BroadcastQueue: Permission Denial: broadcasting Intent { act=android.net.conn.CONNECTIVITY_CHANGE flg=0x4200010 (has extras) } from null (pid=-1, uid=-1) requires com.google.android.youtube.DYNAMIC_RECEIVER_NOT_EXPORTED_PERMISSION due to registered receiver BroadcastFilter{d8ffa24 10154/u0 ReceiverList{ce862b7 11862 com.google.android.youtube/10154/u0 remote:f0395b6}}
10-06 11:09:41.348  1921  1921 D CompatibilityChangeReporter: Compat change id reported: 177438394; UID 10150; state: DISABLED
10-06 11:09:41.348  1921  1921 D CompatibilityChangeReporter: Compat change id reported: 135772972; UID 10150; state: DISABLED
10-06 11:09:41.348  1921  1921 D CompatibilityChangeReporter: Compat change id reported: 135754954; UID 10150; state: ENABLED
10-06 11:09:41.349  1921  2039 D CompatibilityChangeReporter: Compat change id reported: 143937733; UID 10150; state: ENABLED
10-06 11:09:41.374  1921  2039 I ActivityManager: Start proc 12149:com.google.android.gm/u0a150 for service {com.google.android.gm/com.google.android.libraries.notifications.entrypoints.scheduled.ScheduledTaskService}
10-06 11:09:41.427  1921  7175 D CompatibilityChangeReporter: Compat change id reported: 168419799; UID 10150; state: DISABLED
10-06 11:09:43.331  1921  7175 D CompatibilityChangeReporter: Compat change id reported: 319212206; UID 10150; state: ENABLED
10-06 11:09:47.756  1921  1921 W NotificationHistory: Attempted to add notif for locked/gone/disabled user 0
10-06 11:09:47.799  1921  1921 W NotificationHistory: Attempted to add notif for locked/gone/disabled user 0
10-06 11:09:47.852  1921  1921 W NotificationHistory: Attempted to add notif for locked/gone/disabled user 0
10-06 11:09:47.911  1921  1921 W NotificationHistory: Attempted to add notif for locked/gone/disabled user 0
10-06 11:09:47.956  1921  1921 W NotificationHistory: Attempted to add notif for locked/gone/disabled user 0
10-06 11:09:48.040  1921  1921 W NotificationHistory: Attempted to add notif for locked/gone/disabled user 0
10-06 11:09:48.076  1921  1921 W NotificationHistory: Attempted to add notif for locked/gone/disabled user 0
10-06 11:09:48.109  1921  1921 W NotificationHistory: Attempted to add notif for locked/gone/disabled user 0
10-06 11:09:48.147  1921  1921 W NotificationHistory: Attempted to add notif for locked/gone/disabled user 0
10-06 11:09:48.181  1921  1921 W NotificationHistory: Attempted to add notif for locked/gone/disabled user 0
10-06 11:09:48.214  1921  1921 W NotificationHistory: Attempted to add notif for locked/gone/disabled user 0
10-06 11:09:48.259  1921  1921 W NotificationHistory: Attempted to add notif for locked/gone/disabled user 0
10-06 11:09:48.296  1921  1921 W NotificationHistory: Attempted to add notif for locked/gone/disabled user 0
10-06 11:09:48.327  1921  1921 W NotificationHistory: Attempted to add notif for locked/gone/disabled user 0
10-06 11:09:48.371  1921  1921 W NotificationHistory: Attempted to add notif for locked/gone/disabled user 0
10-06 11:09:48.410  1921  1921 W NotificationHistory: Attempted to add notif for locked/gone/disabled user 0
10-06 11:09:48.449  1921  1921 W NotificationHistory: Attempted to add notif for locked/gone/disabled user 0
10-06 11:09:48.486  1921  1921 W NotificationHistory: Attempted to add notif for locked/gone/disabled user 0
10-06 11:09:48.518  1921  1921 W NotificationHistory: Attempted to add notif for locked/gone/disabled user 0
10-06 11:09:48.559  1921  1921 W NotificationHistory: Attempted to add notif for locked/gone/disabled user 0
10-06 11:09:48.600  1921  1921 W NotificationHistory: Attempted to add notif for locked/gone/disabled user 0
10-06 11:09:48.639  1921  1921 W NotificationHistory: Attempted to add notif for locked/gone/disabled user 0
10-06 11:09:48.684  1921  1921 W NotificationHistory: Attempted to add notif for locked/gone/disabled user 0
10-06 11:09:48.718  1921  1921 W NotificationHistory: Attempted to add notif for locked/gone/disabled user 0
10-06 11:09:48.754  1921  1921 W NotificationHistory: Attempted to add notif for locked/gone/disabled user 0
10-06 11:09:48.795  1921  1921 W NotificationHistory: Attempted to add notif for locked/gone/disabled user 0
10-06 11:09:48.835  1921  1921 W NotificationHistory: Attempted to add notif for locked/gone/disabled user 0
10-06 11:09:48.884  1921  1921 W NotificationHistory: Attempted to add notif for locked/gone/disabled user 0
10-06 11:09:48.918  1921  1921 W NotificationHistory: Attempted to add notif for locked/gone/disabled user 0
10-06 11:09:48.959  1921  1921 W NotificationHistory: Attempted to add notif for locked/gone/disabled user 0
10-06 11:09:49.005  1921  1921 W NotificationHistory: Attempted to add notif for locked/gone/disabled user 0
10-06 11:09:49.035  1921  1921 W NotificationHistory: Attempted to add notif for locked/gone/disabled user 0
10-06 11:09:49.083  1921  1921 W NotificationHistory: Attempted to add notif for locked/gone/disabled user 0
10-06 11:09:49.113  1921  1921 W NotificationHistory: Attempted to add notif for locked/gone/disabled user 0
10-06 11:09:49.155  1921  1921 W NotificationHistory: Attempted to add notif for locked/gone/disabled user 0
10-06 11:09:49.180  1921  1921 W NotificationHistory: Attempted to add notif for locked/gone/disabled user 0
10-06 11:09:49.221  1921  1921 W NotificationHistory: Attempted to add notif for locked/gone/disabled user 0
10-06 11:09:49.268  1921  1921 W NotificationHistory: Attempted to add notif for locked/gone/disabled user 0
10-06 11:09:49.321  1921  1921 W NotificationHistory: Attempted to add notif for locked/gone/disabled user 0
10-06 11:09:49.366  1921  1921 W NotificationHistory: Attempted to add notif for locked/gone/disabled user 0
10-06 11:09:49.428  1921  1921 W NotificationHistory: Attempted to add notif for locked/gone/disabled user 0
10-06 11:09:49.465  1921  1921 W NotificationHistory: Attempted to add notif for locked/gone/disabled user 0
10-06 11:09:49.509  1921  1921 W NotificationHistory: Attempted to add notif for locked/gone/disabled user 0
10-06 11:09:49.548  1921  1921 W NotificationHistory: Attempted to add notif for locked/gone/disabled user 0
10-06 11:09:49.587  1921  1921 W NotificationHistory: Attempted to add notif for locked/gone/disabled user 0
10-06 11:09:49.626  1921  1921 W NotificationHistory: Attempted to add notif for locked/gone/disabled user 0
10-06 11:09:49.661  1921  1921 W NotificationHistory: Attempted to add notif for locked/gone/disabled user 0
10-06 11:09:49.709  1921  1921 W NotificationHistory: Attempted to add notif for locked/gone/disabled user 0
10-06 11:09:49.734  1921  1921 W NotificationHistory: Attempted to add notif for locked/gone/disabled user 0
10-06 11:09:49.771  1921  1921 W NotificationHistory: Attempted to add notif for locked/gone/disabled user 0
10-06 11:10:09.789  1921  2038 W BroadcastQueue: Background execution not allowed: receiving Intent { act=com.google.android.systemui.OPA_ENABLED flg=0x10000010 (has extras) } to com.google.android.apps.nexuslauncher/.qsb.OPAStatusReceiver
10-06 11:10:22.513  1921  2608 I ActivityManager: Killing 10423:com.google.android.gms.unstable/u0a110 (adj 935): empty for 1803s
10-06 11:10:23.560  2492 10923 D PowerUI : can't show warning due to - plugged: true status unknown: false
10-06 11:10:48.079  1921  4062 D CompatibilityChangeReporter: Compat change id reported: 197654537; UID 10241; state: ENABLED
10-06 11:10:49.049  1921  7175 I ActivityManager: Killing 8472:com.android.keychain/1000 (adj 975): empty #33
10-06 11:11:23.102  1921  3698 I ActivityManager: Killing 8756:com.google.android.apps.nbu.files/u0a109 (adj 925): empty for 1806s
10-06 11:11:23.104  1921  3698 I ActivityManager: Killing 8672:com.android.vending:background/u0a103 (adj 965): empty for 1806s
10-06 11:11:23.107  1921  3698 I ActivityManager: Killing 8421:com.google.android.packageinstaller/u0a69 (adj 965): empty for 1806s
10-06 11:11:23.108  1921  3698 I ActivityManager: Killing 8902:android.process.media/u0a54 (adj 965): empty for 1809s
10-06 11:11:23.109  1921  3698 I ActivityManager: Killing 8843:com.google.android.videos/u0a144 (adj 925): empty for 1809s
10-06 11:11:23.112  1921  3698 I ActivityManager: Killing 8810:com.google.android.documentsui/u0a57 (adj 975): empty for 1809s
10-06 11:11:23.114  1921  3698 I ActivityManager: Killing 8727:com.google.android.apps.carrier.carrierwifi/u0a127 (adj 935): empty for 1810s
10-06 11:11:23.235  1921  2027 W ActivityManager: setHasOverlayUi called on unknown pid: 8421
10-06 11:11:23.561  2492  3077 D PowerUI : can't show warning due to - plugged: true status unknown: false
10-06 11:11:29.757  1921  8160 I ActivityManager: Killing 8455:com.google.android.permissioncontroller/u0a200 (adj 975): empty for 1802s
10-06 11:11:29.765  2492  3562 D PowerUI : can't show warning due to - plugged: true status unknown: false
10-06 11:11:29.798  1921  7211 W ActivityManager: Scheduling restart of crashed service com.google.android.permissioncontroller/com.android.role.controller.service.RoleControllerServiceImpl in 1000ms for connection
10-06 11:11:51.921  1921  2349 D NsdService: unregister service
10-06 11:11:51.921  1921  2349 D NsdService: mdnssd [stop-register, 1390]
10-06 11:11:52.110  1921  2349 D NsdService: Register service
10-06 11:11:52.110  1921  2349 D NsdService: registerService: 1391 name: I0dIRUn8n14AAA, type: _FC9F5ED42C8A._tcp, host: null, port: 53601, txtRecord: f=5200n=MjBsAwzj5r9_sgj20ruKlRgIPv4=192.168.0.102
10-06 11:11:52.110  1921  2349 D NsdService: mdnssd [register, 1391, I0dIRUn8n14AAA, _FC9F5ED42C8A._tcp, 53601, BmY9NTIwMBluPU1qQnNBd3pqNXI5X3NnajIwcnVLbFJnEklQdjQ9MTkyLjE2OC4wLjEwMg==]
10-06 11:11:52.112  1921  2349 D NsdService: Register 228 1391
10-06 11:11:52.759  1921  2349 D NsdService: Native daemon message SERVICE_REGISTERED: 606 1391 "I0dIRUn8n14AAA"
10-06 11:12:14.172  1921  3690 I ActivityManager: Killing 8483:com.google.android.euicc/u0a125 (adj 935): empty for 1801s
10-06 11:12:23.536  1921  2625 I ActivityManager: Killing 10644:com.google.android.apps.turbo:aab/u0a101 (adj 975): empty for 1800s
10-06 11:12:23.541  2492  3565 D PowerUI : can't show warning due to - plugged: true status unknown: false
10-06 11:13:11.694  1921  2337 W NetworkPolicy: shared quota unsupported; generating rule for each iface
10-06 11:13:23.557  2492  5367 D PowerUI : can't show warning due to - plugged: true status unknown: false
10-06 11:14:23.559  2492 10856 D PowerUI : can't show warning due to - plugged: true status unknown: false
10-06 11:15:23.557  1921  2038 D CompatibilityChangeReporter: Compat change id reported: 168419799; UID 10101; state: DISABLED
10-06 11:15:23.578  2492  8442 D PowerUI : can't show warning due to - plugged: true status unknown: false
10-06 11:15:23.584  1921  2288 D CompatibilityChangeReporter: Compat change id reported: 168419799; UID 10178; state: DISABLED
10-06 11:15:23.605  1317  1317 E vendor.google.google_battery@1.1-service-vendor: Couldn't write property or sysfs value: 1 to: /sys/devices/platform/google,charger/bd_temp_dry_run
10-06 11:15:23.608  1317  1317 E vendor.google.google_battery@1.1-service-vendor: Couldn't write property or sysfs value: 1 to: /sys/class/power_supply/battery/bd_trickle_enable
10-06 11:15:23.608  1317  1317 E vendor.google.google_battery@1.1-service-vendor: Couldn't write property or sysfs value: 0 to: /sys/class/power_supply/battery/bd_trickle_dry_run
10-06 11:15:47.259  1921  4062 I ActivityManager: Killing 7451:com.google.android.apps.wellbeing/u0a124 (adj 945): empty for 1801s
10-06 11:16:14.156  1921  2037 I UsageStatsService: User[0] Flushing usage stats to disk
10-06 11:16:23.557  2492 11008 D PowerUI : can't show warning due to - plugged: true status unknown: false
10-06 11:17:07.986  1921  2337 W NetworkPolicy: shared quota unsupported; generating rule for each iface
10-06 11:17:23.538  2492 10923 D PowerUI : can't show warning due to - plugged: true status unknown: false
10-06 11:18:23.553  2492  3077 D PowerUI : can't show warning due to - plugged: true status unknown: false
10-06 11:19:23.544  2492  3562 D PowerUI : can't show warning due to - plugged: true status unknown: false
10-06 11:20:23.536  1921  2288 I ActivityManager: Killing 8939:com.google.android.calendar/u0a166 (adj 935): empty for 1800s
10-06 11:20:23.542  2492  3565 D PowerUI : can't show warning due to - plugged: true status unknown: false
10-06 11:21:23.541  2492  5367 D PowerUI : can't show warning due to - plugged: true status unknown: false
10-06 11:22:23.538  2492 10856 D PowerUI : can't show warning due to - plugged: true status unknown: false
10-06 11:23:23.537  2492  8442 D PowerUI : can't show warning due to - plugged: true status unknown: false
10-06 11:24:23.538  2492 11008 D PowerUI : can't show warning due to - plugged: true status unknown: false
10-06 11:24:43.163  1921  2349 D NsdService: unregister service
10-06 11:24:43.164  1921  2349 D NsdService: mdnssd [stop-register, 1391]
10-06 11:24:43.176  1921  2287 I ActivityManager: Killing 8133:com.google.android.webview:webview_service/u0a141 (adj 995): empty for 1801s
10-06 11:24:43.177  1921  2287 I ActivityManager: Killing 9315:com.google.android.webview:webview_apk/u0a141 (adj 995): empty for 1802s
10-06 11:24:43.201  1921  2287 W ActivityManager: Scheduling restart of crashed service com.google.android.webview/org.chromium.android_webview.services.MetricsBridgeService in 1000ms for connection
10-06 11:24:43.274  1921  2349 D NsdService: Register service
10-06 11:24:43.274  1921  2349 D NsdService: registerService: 1392 name: I0dIRUn8n14AAA, type: _FC9F5ED42C8A._tcp, host: null, port: 53601, txtRecord: f=5200n=MjBsAwzj5r9_sgj20ruKlRgIPv4=192.168.0.102
10-06 11:24:43.275  1921  2349 D NsdService: mdnssd [register, 1392, I0dIRUn8n14AAA, _FC9F5ED42C8A._tcp, 53601, BmY9NTIwMBluPU1qQnNBd3pqNXI5X3NnajIwcnVLbFJnEklQdjQ9MTkyLjE2OC4wLjEwMg==]
10-06 11:24:43.276  1921  2349 D NsdService: Register 229 1392
10-06 11:24:43.987  1921  2349 D NsdService: Native daemon message SERVICE_REGISTERED: 606 1392 "I0dIRUn8n14AAA"
10-06 11:24:55.476  1921  3698 I ActivityManager: Killing 9604:com.google.android.apps.photos/u0a161 (adj 935): empty for 1807s
10-06 11:24:55.478  1921  3698 I ActivityManager: Killing 11073:com.android.chrome:sandboxed_process0:org.chromium.content.app.SandboxedProcessService0:5/u0a155i-9000 (adj 985): empty for 1811s
10-06 11:24:55.479  1921  3698 I ActivityManager: Killing 11043:com.android.chrome:privileged_process0/u0a155 (adj 985): empty for 1811s
10-06 11:24:55.522  1921  3698 W ActivityManager: Scheduling restart of crashed service com.android.chrome/org.chromium.content.app.SandboxedProcessService0:5 in 1000ms for connection
10-06 11:24:55.526  1921  2054 E KernelCpuUidUserSysTimeReader: Negative user/sys time delta for UID=10166
10-06 11:24:55.526  1921  2054 E KernelCpuUidUserSysTimeReader: Prev times: u=74750000 s=25247000 Curr times: u=74587000 s=25094000
10-06 11:24:55.550  1921  3698 W ActivityManager: Scheduling restart of crashed service com.android.chrome/org.chromium.content.app.PrivilegedProcessService0 in 1000ms for connection
10-06 11:25:21.908  1921  2349 D NsdService: unregister service
10-06 11:25:21.908  1921  2349 D NsdService: mdnssd [stop-register, 1392]
10-06 11:25:22.059  1921  2349 D NsdService: Register service
10-06 11:25:22.059  1921  2349 D NsdService: registerService: 1393 name: IzVXVjD8n14AAA, type: _FC9F5ED42C8A._tcp, host: null, port: 53601, txtRecord: f=5200n=Mt-CH9VNhBZXpVgrfxBZcfUIPv4=192.168.0.102
10-06 11:25:22.059  1921  2349 D NsdService: mdnssd [register, 1393, IzVXVjD8n14AAA, _FC9F5ED42C8A._tcp, 53601, BmY9NTIwMBluPU10LUNIOVZOaEJaWHBWZ3JmeEJaY2ZVEklQdjQ9MTkyLjE2OC4wLjEwMg==]
10-06 11:25:22.060  1921  2349 D NsdService: Register 230 1393
10-06 11:25:22.716  1921  2349 D NsdService: Native daemon message SERVICE_REGISTERED: 606 1393 "IzVXVjD8n14AAA"
10-06 11:25:23.540  2492 10923 D PowerUI : can't show warning due to - plugged: true status unknown: false
10-06 11:25:55.321  2492  3077 D PowerUI : can't show warning due to - plugged: true status unknown: false
10-06 11:25:55.536  2492  3562 D PowerUI : can't show warning due to - plugged: true status unknown: false
10-06 11:26:23.556  2492  3565 D PowerUI : can't show warning due to - plugged: true status unknown: false
10-06 11:27:23.539  2492  5367 D PowerUI : can't show warning due to - plugged: true status unknown: false
10-06 11:28:23.538  2492 10856 D PowerUI : can't show warning due to - plugged: true status unknown: false
10-06 11:28:26.265  1921  2625 I ActivityManager: Killing 8067:com.google.android.googlequicksearchbox:googleapp/u0a135 (adj 925): empty for 1800s
10-06 11:28:32.610  1921  7211 D CompatibilityChangeReporter: Compat change id reported: 135634846; UID 10135; state: DISABLED
10-06 11:28:32.610  1921  7211 D CompatibilityChangeReporter: Compat change id reported: 177438394; UID 10135; state: DISABLED
10-06 11:28:32.610  1921  7211 D CompatibilityChangeReporter: Compat change id reported: 135772972; UID 10135; state: DISABLED
10-06 11:28:32.610  1921  7211 D CompatibilityChangeReporter: Compat change id reported: 135754954; UID 10135; state: ENABLED
10-06 11:28:32.611  1921  2039 D CompatibilityChangeReporter: Compat change id reported: 143937733; UID 10135; state: ENABLED
10-06 11:28:32.631  1921  2039 I ActivityManager: Start proc 12969:com.google.android.googlequicksearchbox:googleapp/u0a135 for service {com.google.android.googlequicksearchbox/com.google.android.libraries.search.integrations.tiktok.RemoteWorkerService_googleapp}
10-06 11:28:32.660  1921  7211 D CompatibilityChangeReporter: Compat change id reported: 181136395; UID 10241; state: DISABLED
10-06 11:28:32.661  1921  7211 D CompatibilityChangeReporter: Compat change id reported: 174042936; UID 10241; state: DISABLED
10-06 11:29:23.561  2492  8442 D PowerUI : can't show warning due to - plugged: true status unknown: false
10-06 11:30:00.352  1921  2580 I ActivityManager: Killing 10047:com.google.android.settings.intelligence/u0a130 (adj 965): empty for 1800s
10-06 11:30:23.554  2492 11008 D PowerUI : can't show warning due to - plugged: true status unknown: false
10-06 11:30:58.845  1921  1921 D CompatibilityChangeReporter: Compat change id reported: 168419799; UID 10100; state: DISABLED
10-06 11:31:14.003  1921  2580 I ActivityManager: Killing 11315:org.mozilla.firefox/u0a220 (adj 955): empty for 1800s
10-06 11:31:14.008  1921  2580 I ActivityManager: Killing 11437:org.mozilla.firefox:tab10/u0a220 (adj 955): empty for 1800s
10-06 11:31:14.009  1921  2580 I ActivityManager: Killing 11349:org.mozilla.firefox:crashhelper/u0a220 (adj 965): empty for 1800s
10-06 11:31:14.063  1921  2580 W ActivityManager: Scheduling restart of crashed service org.mozilla.firefox/org.mozilla.gecko.crashhelper.CrashHelper in 1000ms for connection
10-06 11:31:14.083  1921  2580 W ActivityManager: Scheduling restart of crashed service org.mozilla.firefox/org.mozilla.gecko.process.GeckoChildProcessServices$tab10 in 10980ms for connection
10-06 11:31:23.560  2492 10923 D PowerUI : can't show warning due to - plugged: true status unknown: false
10-06 11:31:37.691  1921  3699 W ContextImpl: Calling a method in the system process without a qualified user: android.app.ContextImpl.sendBroadcastMultiplePermissions:1214 com.android.server.TelephonyRegistry.broadcastServiceStateChanged:2911 com.android.server.TelephonyRegistry.notifyServiceStateForPhoneId:1613 com.android.internal.telephony.ITelephonyRegistry$Stub.onTransact:455 android.os.Binder.execTransactInternal:1184 
10-06 11:31:37.692  1921  3699 W ContextImpl: Calling a method in the system process without a qualified user: android.app.ContextImpl.sendBroadcastMultiplePermissions:1264 android.content.Context.sendBroadcastMultiplePermissions:2215 com.android.server.TelephonyRegistry.broadcastServiceStateChanged:2915 com.android.server.TelephonyRegistry.notifyServiceStateForPhoneId:1613 com.android.internal.telephony.ITelephonyRegistry$Stub.onTransact:455 
10-06 11:31:37.693  1921  2038 W BroadcastQueue: Permission Denial: receiving Intent { act=android.intent.action.SERVICE_STATE flg=0x1000010 (has extras) } to ProcessRecord{7893229 2492:com.android.systemui/u0a191} (pid=2492, uid=10191) requires android.permission.READ_PHONE_STATE due to sender android (uid 1001)
10-06 11:31:37.693  1921  3699 W ContextImpl: Calling a method in the system process without a qualified user: android.app.ContextImpl.sendBroadcastMultiplePermissions:1264 android.content.Context.sendBroadcastMultiplePermissions:2215 com.android.server.TelephonyRegistry.broadcastServiceStateChanged:2922 com.android.server.TelephonyRegistry.notifyServiceStateForPhoneId:1613 com.android.internal.telephony.ITelephonyRegistry$Stub.onTransact:455 
10-06 11:31:37.694  1921  2038 W BroadcastQueue: Permission Denial: receiving Intent { act=android.intent.action.SERVICE_STATE flg=0x1000010 (has extras) } to ProcessRecord{7893229 2492:com.android.systemui/u0a191} (pid=2492, uid=10191) requires android.permission.ACCESS_FINE_LOCATION due to sender android (uid 1001)
10-06 11:31:37.694  1921  2038 W BroadcastQueue: Permission Denial: receiving Intent { act=android.intent.action.SERVICE_STATE flg=0x1000010 (has extras) } to com.google.android.cellbroadcastreceiver/com.android.cellbroadcastreceiver.CellBroadcastReceiver requires android.permission.READ_PHONE_STATE due to sender android (uid 1001)
10-06 11:31:37.695  1921  2038 W BroadcastQueue: Permission Denial: receiving Intent { act=android.intent.action.SERVICE_STATE flg=0x1000010 (has extras) } to ProcessRecord{7893229 2492:com.android.systemui/u0a191} (pid=2492, uid=10191) requires android.permission.READ_PHONE_STATE due to sender android (uid 1001)
10-06 11:31:37.695  1921  3699 W ContextImpl: Calling a method in the system process without a qualified user: android.app.ContextImpl.sendBroadcastMultiplePermissions:1264 android.content.Context.sendBroadcastMultiplePermissions:2215 com.android.server.TelephonyRegistry.broadcastServiceStateChanged:2926 com.android.server.TelephonyRegistry.notifyServiceStateForPhoneId:1613 com.android.internal.telephony.ITelephonyRegistry$Stub.onTransact:455 
10-06 11:31:37.696  1921  2038 W BroadcastQueue: Permission Denial: receiving Intent { act=android.intent.action.SERVICE_STATE flg=0x1000010 (has extras) } to com.google.android.cellbroadcastreceiver/com.android.cellbroadcastreceiver.CellBroadcastReceiver requires android.permission.ACCESS_FINE_LOCATION due to sender android (uid 1001)
10-06 11:31:37.697  1921  2038 W BroadcastQueue: Permission Denial: receiving Intent { act=android.intent.action.SERVICE_STATE flg=0x1000010 (has extras) } to com.google.android.cellbroadcastreceiver/com.android.cellbroadcastreceiver.CellBroadcastReceiver requires android.permission.READ_PHONE_STATE due to sender android (uid 1001)
10-06 11:31:37.698  1921  2038 D CompatibilityChangeReporter: Compat change id reported: 135634846; UID 10197; state: DISABLED
10-06 11:31:37.698  1921  2038 D CompatibilityChangeReporter: Compat change id reported: 177438394; UID 10197; state: DISABLED
10-06 11:31:37.699  1921  2038 D CompatibilityChangeReporter: Compat change id reported: 135772972; UID 10197; state: DISABLED
10-06 11:31:37.699  1921  2038 D CompatibilityChangeReporter: Compat change id reported: 135754954; UID 10197; state: ENABLED
10-06 11:31:37.700  1921  2039 D CompatibilityChangeReporter: Compat change id reported: 143937733; UID 10197; state: ENABLED
10-06 11:31:37.708  1921  2039 I ActivityManager: Start proc 13246:com.google.android.cellbroadcastreceiver/u0a197 for broadcast {com.google.android.cellbroadcastreceiver/com.android.cellbroadcastreceiver.CellBroadcastReceiver}
10-06 11:31:38.844  1921  3699 W ContextImpl: Calling a method in the system process without a qualified user: android.app.ContextImpl.sendBroadcastMultiplePermissions:1214 com.android.server.TelephonyRegistry.broadcastServiceStateChanged:2911 com.android.server.TelephonyRegistry.notifyServiceStateForPhoneId:1613 com.android.internal.telephony.ITelephonyRegistry$Stub.onTransact:455 android.os.Binder.execTransactInternal:1184 
10-06 11:31:38.846  1921  3699 W ContextImpl: Calling a method in the system process without a qualified user: android.app.ContextImpl.sendBroadcastMultiplePermissions:1264 android.content.Context.sendBroadcastMultiplePermissions:2215 com.android.server.TelephonyRegistry.broadcastServiceStateChanged:2915 com.android.server.TelephonyRegistry.notifyServiceStateForPhoneId:1613 com.android.internal.telephony.ITelephonyRegistry$Stub.onTransact:455 
10-06 11:31:38.848  1921  2038 W BroadcastQueue: Permission Denial: receiving Intent { act=android.intent.action.SERVICE_STATE flg=0x1000010 (has extras) } to ProcessRecord{7893229 2492:com.android.systemui/u0a191} (pid=2492, uid=10191) requires android.permission.READ_PHONE_STATE due to sender android (uid 1001)
10-06 11:31:38.848  1921  3699 W ContextImpl: Calling a method in the system process without a qualified user: android.app.ContextImpl.sendBroadcastMultiplePermissions:1264 android.content.Context.sendBroadcastMultiplePermissions:2215 com.android.server.TelephonyRegistry.broadcastServiceStateChanged:2922 com.android.server.TelephonyRegistry.notifyServiceStateForPhoneId:1613 com.android.internal.telephony.ITelephonyRegistry$Stub.onTransact:455 
10-06 11:31:38.850  1921  2038 W BroadcastQueue: Permission Denial: receiving Intent { act=android.intent.action.SERVICE_STATE flg=0x1000010 (has extras) } to ProcessRecord{7893229 2492:com.android.systemui/u0a191} (pid=2492, uid=10191) requires android.permission.ACCESS_FINE_LOCATION due to sender android (uid 1001)
10-06 11:31:38.851  1921  2038 W BroadcastQueue: Permission Denial: receiving Intent { act=android.intent.action.SERVICE_STATE flg=0x1000010 (has extras) } to com.google.android.cellbroadcastreceiver/com.android.cellbroadcastreceiver.CellBroadcastReceiver requires android.permission.READ_PHONE_STATE due to sender android (uid 1001)
10-06 11:31:38.852  1921  3699 W ContextImpl: Calling a method in the system process without a qualified user: android.app.ContextImpl.sendBroadcastMultiplePermissions:1264 android.content.Context.sendBroadcastMultiplePermissions:2215 com.android.server.TelephonyRegistry.broadcastServiceStateChanged:2926 com.android.server.TelephonyRegistry.notifyServiceStateForPhoneId:1613 com.android.internal.telephony.ITelephonyRegistry$Stub.onTransact:455 
10-06 11:31:38.854  1921  2038 W BroadcastQueue: Permission Denial: receiving Intent { act=android.intent.action.SERVICE_STATE flg=0x1000010 (has extras) } to ProcessRecord{7893229 2492:com.android.systemui/u0a191} (pid=2492, uid=10191) requires android.permission.READ_PHONE_STATE due to sender android (uid 1001)
10-06 11:31:38.855  1921  2038 W BroadcastQueue: Permission Denial: receiving Intent { act=android.intent.action.SERVICE_STATE flg=0x1000010 (has extras) } to com.google.android.cellbroadcastreceiver/com.android.cellbroadcastreceiver.CellBroadcastReceiver requires android.permission.ACCESS_FINE_LOCATION due to sender android (uid 1001)
10-06 11:31:38.856  1921  2038 W BroadcastQueue: Permission Denial: receiving Intent { act=android.intent.action.SERVICE_STATE flg=0x1000010 (has extras) } to com.google.android.cellbroadcastreceiver/com.android.cellbroadcastreceiver.CellBroadcastReceiver requires android.permission.READ_PHONE_STATE due to sender android (uid 1001)
10-06 11:31:39.137  1921  2580 W ContextImpl: Calling a method in the system process without a qualified user: android.app.ContextImpl.sendBroadcastMultiplePermissions:1214 com.android.server.TelephonyRegistry.broadcastServiceStateChanged:2911 com.android.server.TelephonyRegistry.notifyServiceStateForPhoneId:1613 com.android.internal.telephony.ITelephonyRegistry$Stub.onTransact:455 android.os.Binder.execTransactInternal:1184 
10-06 11:31:39.139  1921  2038 W BroadcastQueue: Permission Denial: receiving Intent { act=android.intent.action.SERVICE_STATE flg=0x1000010 (has extras) } to ProcessRecord{7893229 2492:com.android.systemui/u0a191} (pid=2492, uid=10191) requires android.permission.READ_PHONE_STATE due to sender android (uid 1001)
10-06 11:31:39.139  1921  2580 W ContextImpl: Calling a method in the system process without a qualified user: android.app.ContextImpl.sendBroadcastMultiplePermissions:1264 android.content.Context.sendBroadcastMultiplePermissions:2215 com.android.server.TelephonyRegistry.broadcastServiceStateChanged:2915 com.android.server.TelephonyRegistry.notifyServiceStateForPhoneId:1613 com.android.internal.telephony.ITelephonyRegistry$Stub.onTransact:455 
10-06 11:31:39.141  1921  2038 W BroadcastQueue: Permission Denial: receiving Intent { act=android.intent.action.SERVICE_STATE flg=0x1000010 (has extras) } to com.google.android.cellbroadcastreceiver/com.android.cellbroadcastreceiver.CellBroadcastReceiver requires android.permission.READ_PHONE_STATE due to sender android (uid 1001)
10-06 11:31:39.142  1921  2038 W BroadcastQueue: Permission Denial: receiving Intent { act=android.intent.action.SERVICE_STATE flg=0x1000010 (has extras) } to ProcessRecord{7893229 2492:com.android.systemui/u0a191} (pid=2492, uid=10191) requires android.permission.ACCESS_FINE_LOCATION due to sender android (uid 1001)
10-06 11:31:39.143  1921  2580 W ContextImpl: Calling a method in the system process without a qualified user: android.app.ContextImpl.sendBroadcastMultiplePermissions:1264 android.content.Context.sendBroadcastMultiplePermissions:2215 com.android.server.TelephonyRegistry.broadcastServiceStateChanged:2922 com.android.server.TelephonyRegistry.notifyServiceStateForPhoneId:1613 com.android.internal.telephony.ITelephonyRegistry$Stub.onTransact:455 
10-06 11:31:39.143  1921  2038 W BroadcastQueue: Permission Denial: receiving Intent { act=android.intent.action.SERVICE_STATE flg=0x1000010 (has extras) } to com.google.android.cellbroadcastreceiver/com.android.cellbroadcastreceiver.CellBroadcastReceiver requires android.permission.ACCESS_FINE_LOCATION due to sender android (uid 1001)
10-06 11:31:39.144  1921  2038 W BroadcastQueue: Permission Denial: receiving Intent { act=android.intent.action.SERVICE_STATE flg=0x1000010 (has extras) } to ProcessRecord{7893229 2492:com.android.systemui/u0a191} (pid=2492, uid=10191) requires android.permission.READ_PHONE_STATE due to sender android (uid 1001)
10-06 11:31:39.144  1921  2580 W ContextImpl: Calling a method in the system process without a qualified user: android.app.ContextImpl.sendBroadcastMultiplePermissions:1264 android.content.Context.sendBroadcastMultiplePermissions:2215 com.android.server.TelephonyRegistry.broadcastServiceStateChanged:2926 com.android.server.TelephonyRegistry.notifyServiceStateForPhoneId:1613 com.android.internal.telephony.ITelephonyRegistry$Stub.onTransact:455 
10-06 11:31:39.145  1921  2038 W BroadcastQueue: Permission Denial: receiving Intent { act=android.intent.action.SERVICE_STATE flg=0x1000010 (has extras) } to com.google.android.cellbroadcastreceiver/com.android.cellbroadcastreceiver.CellBroadcastReceiver requires android.permission.READ_PHONE_STATE due to sender android (uid 1001)
10-06 11:32:07.999  1921  2581 W ContextImpl: Calling a method in the system process without a qualified user: android.app.ContextImpl.sendBroadcastMultiplePermissions:1214 com.android.server.TelephonyRegistry.broadcastServiceStateChanged:2911 com.android.server.TelephonyRegistry.notifyServiceStateForPhoneId:1613 com.android.internal.telephony.ITelephonyRegistry$Stub.onTransact:455 android.os.Binder.execTransactInternal:1184 
10-06 11:32:08.000  1921  2581 W ContextImpl: Calling a method in the system process without a qualified user: android.app.ContextImpl.sendBroadcastMultiplePermissions:1264 android.content.Context.sendBroadcastMultiplePermissions:2215 com.android.server.TelephonyRegistry.broadcastServiceStateChanged:2915 com.android.server.TelephonyRegistry.notifyServiceStateForPhoneId:1613 com.android.internal.telephony.ITelephonyRegistry$Stub.onTransact:455 
10-06 11:32:08.001  1921  2581 W ContextImpl: Calling a method in the system process without a qualified user: android.app.ContextImpl.sendBroadcastMultiplePermissions:1264 android.content.Context.sendBroadcastMultiplePermissions:2215 com.android.server.TelephonyRegistry.broadcastServiceStateChanged:2922 com.android.server.TelephonyRegistry.notifyServiceStateForPhoneId:1613 com.android.internal.telephony.ITelephonyRegistry$Stub.onTransact:455 
10-06 11:32:08.002  1921  2581 W ContextImpl: Calling a method in the system process without a qualified user: android.app.ContextImpl.sendBroadcastMultiplePermissions:1264 android.content.Context.sendBroadcastMultiplePermissions:2215 com.android.server.TelephonyRegistry.broadcastServiceStateChanged:2926 com.android.server.TelephonyRegistry.notifyServiceStateForPhoneId:1613 com.android.internal.telephony.ITelephonyRegistry$Stub.onTransact:455 
10-06 11:32:08.002  1921  2038 W BroadcastQueue: Permission Denial: receiving Intent { act=android.intent.action.SERVICE_STATE flg=0x1000010 (has extras) } to ProcessRecord{7893229 2492:com.android.systemui/u0a191} (pid=2492, uid=10191) requires android.permission.READ_PHONE_STATE due to sender android (uid 1001)
10-06 11:32:08.004  1921  2038 W BroadcastQueue: Permission Denial: receiving Intent { act=android.intent.action.SERVICE_STATE flg=0x1000010 (has extras) } to ProcessRecord{7893229 2492:com.android.systemui/u0a191} (pid=2492, uid=10191) requires android.permission.ACCESS_FINE_LOCATION due to sender android (uid 1001)
10-06 11:32:08.005  1921  2038 W BroadcastQueue: Permission Denial: receiving Intent { act=android.intent.action.SERVICE_STATE flg=0x1000010 (has extras) } to ProcessRecord{7893229 2492:com.android.systemui/u0a191} (pid=2492, uid=10191) requires android.permission.READ_PHONE_STATE due to sender android (uid 1001)
10-06 11:32:08.005  1921  2038 W BroadcastQueue: Permission Denial: receiving Intent { act=android.intent.action.SERVICE_STATE flg=0x1000010 (has extras) } to com.google.android.cellbroadcastreceiver/com.android.cellbroadcastreceiver.CellBroadcastReceiver requires android.permission.READ_PHONE_STATE due to sender android (uid 1001)
10-06 11:32:08.007  1921  2038 W BroadcastQueue: Permission Denial: receiving Intent { act=android.intent.action.SERVICE_STATE flg=0x1000010 (has extras) } to com.google.android.cellbroadcastreceiver/com.android.cellbroadcastreceiver.CellBroadcastReceiver requires android.permission.ACCESS_FINE_LOCATION due to sender android (uid 1001)
10-06 11:32:08.007  1921  2038 W BroadcastQueue: Permission Denial: receiving Intent { act=android.intent.action.SERVICE_STATE flg=0x1000010 (has extras) } to com.google.android.cellbroadcastreceiver/com.android.cellbroadcastreceiver.CellBroadcastReceiver requires android.permission.READ_PHONE_STATE due to sender android (uid 1001)
10-06 11:32:08.115  1921  2580 W ContextImpl: Calling a method in the system process without a qualified user: android.app.ContextImpl.sendBroadcastMultiplePermissions:1214 com.android.server.TelephonyRegistry.broadcastServiceStateChanged:2911 com.android.server.TelephonyRegistry.notifyServiceStateForPhoneId:1613 com.android.internal.telephony.ITelephonyRegistry$Stub.onTransact:455 android.os.Binder.execTransactInternal:1184 
10-06 11:32:08.116  1921  2038 W BroadcastQueue: Permission Denial: receiving Intent { act=android.intent.action.SERVICE_STATE flg=0x1000010 (has extras) } to ProcessRecord{7893229 2492:com.android.systemui/u0a191} (pid=2492, uid=10191) requires android.permission.READ_PHONE_STATE due to sender android (uid 1001)
10-06 11:32:08.116  1921  2580 W ContextImpl: Calling a method in the system process without a qualified user: android.app.ContextImpl.sendBroadcastMultiplePermissions:1264 android.content.Context.sendBroadcastMultiplePermissions:2215 com.android.server.TelephonyRegistry.broadcastServiceStateChanged:2915 com.android.server.TelephonyRegistry.notifyServiceStateForPhoneId:1613 com.android.internal.telephony.ITelephonyRegistry$Stub.onTransact:455 
10-06 11:32:08.116  1921  2038 W BroadcastQueue: Permission Denial: receiving Intent { act=android.intent.action.SERVICE_STATE flg=0x1000010 (has extras) } to com.google.android.cellbroadcastreceiver/com.android.cellbroadcastreceiver.CellBroadcastReceiver requires android.permission.READ_PHONE_STATE due to sender android (uid 1001)
10-06 11:32:08.117  1921  2038 W BroadcastQueue: Permission Denial: receiving Intent { act=android.intent.action.SERVICE_STATE flg=0x1000010 (has extras) } to ProcessRecord{7893229 2492:com.android.systemui/u0a191} (pid=2492, uid=10191) requires android.permission.ACCESS_FINE_LOCATION due to sender android (uid 1001)
10-06 11:32:08.118  1921  2038 W BroadcastQueue: Permission Denial: receiving Intent { act=android.intent.action.SERVICE_STATE flg=0x1000010 (has extras) } to com.google.android.cellbroadcastreceiver/com.android.cellbroadcastreceiver.CellBroadcastReceiver requires android.permission.ACCESS_FINE_LOCATION due to sender android (uid 1001)
10-06 11:32:08.118  1921  2580 W ContextImpl: Calling a method in the system process without a qualified user: android.app.ContextImpl.sendBroadcastMultiplePermissions:1264 android.content.Context.sendBroadcastMultiplePermissions:2215 com.android.server.TelephonyRegistry.broadcastServiceStateChanged:2922 com.android.server.TelephonyRegistry.notifyServiceStateForPhoneId:1613 com.android.internal.telephony.ITelephonyRegistry$Stub.onTransact:455 
10-06 11:32:08.118  1921  2038 W BroadcastQueue: Permission Denial: receiving Intent { act=android.intent.action.SERVICE_STATE flg=0x1000010 (has extras) } to ProcessRecord{7893229 2492:com.android.systemui/u0a191} (pid=2492, uid=10191) requires android.permission.READ_PHONE_STATE due to sender android (uid 1001)
10-06 11:32:08.119  1921  2580 W ContextImpl: Calling a method in the system process without a qualified user: android.app.ContextImpl.sendBroadcastMultiplePermissions:1264 android.content.Context.sendBroadcastMultiplePermissions:2215 com.android.server.TelephonyRegistry.broadcastServiceStateChanged:2926 com.android.server.TelephonyRegistry.notifyServiceStateForPhoneId:1613 com.android.internal.telephony.ITelephonyRegistry$Stub.onTransact:455 
10-06 11:32:08.119  1921  2038 W BroadcastQueue: Permission Denial: receiving Intent { act=android.intent.action.SERVICE_STATE flg=0x1000010 (has extras) } to com.google.android.cellbroadcastreceiver/com.android.cellbroadcastreceiver.CellBroadcastReceiver requires android.permission.READ_PHONE_STATE due to sender android (uid 1001)
10-06 11:32:08.159  1921  1935 W ContextImpl: Calling a method in the system process without a qualified user: android.app.ContextImpl.sendBroadcastMultiplePermissions:1214 com.android.server.TelephonyRegistry.broadcastServiceStateChanged:2911 com.android.server.TelephonyRegistry.notifyServiceStateForPhoneId:1613 com.android.internal.telephony.ITelephonyRegistry$Stub.onTransact:455 android.os.Binder.execTransactInternal:1184 
10-06 11:32:08.160  1921  2038 W BroadcastQueue: Permission Denial: receiving Intent { act=android.intent.action.SERVICE_STATE flg=0x1000010 (has extras) } to ProcessRecord{7893229 2492:com.android.systemui/u0a191} (pid=2492, uid=10191) requires android.permission.READ_PHONE_STATE due to sender android (uid 1001)
10-06 11:32:08.160  1921  1935 W ContextImpl: Calling a method in the system process without a qualified user: android.app.ContextImpl.sendBroadcastMultiplePermissions:1264 android.content.Context.sendBroadcastMultiplePermissions:2215 com.android.server.TelephonyRegistry.broadcastServiceStateChanged:2915 com.android.server.TelephonyRegistry.notifyServiceStateForPhoneId:1613 com.android.internal.telephony.ITelephonyRegistry$Stub.onTransact:455 
10-06 11:32:08.161  1921  2038 W BroadcastQueue: Permission Denial: receiving Intent { act=android.intent.action.SERVICE_STATE flg=0x1000010 (has extras) } to com.google.android.cellbroadcastreceiver/com.android.cellbroadcastreceiver.CellBroadcastReceiver requires android.permission.READ_PHONE_STATE due to sender android (uid 1001)
10-06 11:32:08.162  1921  2038 W BroadcastQueue: Permission Denial: receiving Intent { act=android.intent.action.SERVICE_STATE flg=0x1000010 (has extras) } to ProcessRecord{7893229 2492:com.android.systemui/u0a191} (pid=2492, uid=10191) requires android.permission.ACCESS_FINE_LOCATION due to sender android (uid 1001)
10-06 11:32:08.162  1921  1935 W ContextImpl: Calling a method in the system process without a qualified user: android.app.ContextImpl.sendBroadcastMultiplePermissions:1264 android.content.Context.sendBroadcastMultiplePermissions:2215 com.android.server.TelephonyRegistry.broadcastServiceStateChanged:2922 com.android.server.TelephonyRegistry.notifyServiceStateForPhoneId:1613 com.android.internal.telephony.ITelephonyRegistry$Stub.onTransact:455 
10-06 11:32:08.162  1921  2038 W BroadcastQueue: Permission Denial: receiving Intent { act=android.intent.action.SERVICE_STATE flg=0x1000010 (has extras) } to com.google.android.cellbroadcastreceiver/com.android.cellbroadcastreceiver.CellBroadcastReceiver requires android.permission.ACCESS_FINE_LOCATION due to sender android (uid 1001)
10-06 11:32:08.163  1921  2038 W BroadcastQueue: Permission Denial: receiving Intent { act=android.intent.action.SERVICE_STATE flg=0x1000010 (has extras) } to ProcessRecord{7893229 2492:com.android.systemui/u0a191} (pid=2492, uid=10191) requires android.permission.READ_PHONE_STATE due to sender android (uid 1001)
10-06 11:32:08.163  1921  1935 W ContextImpl: Calling a method in the system process without a qualified user: android.app.ContextImpl.sendBroadcastMultiplePermissions:1264 android.content.Context.sendBroadcastMultiplePermissions:2215 com.android.server.TelephonyRegistry.broadcastServiceStateChanged:2926 com.android.server.TelephonyRegistry.notifyServiceStateForPhoneId:1613 com.android.internal.telephony.ITelephonyRegistry$Stub.onTransact:455 
10-06 11:32:08.164  1921  2038 W BroadcastQueue: Permission Denial: receiving Intent { act=android.intent.action.SERVICE_STATE flg=0x1000010 (has extras) } to com.google.android.cellbroadcastreceiver/com.android.cellbroadcastreceiver.CellBroadcastReceiver requires android.permission.READ_PHONE_STATE due to sender android (uid 1001)
10-06 11:32:23.537  2492  3077 D PowerUI : can't show warning due to - plugged: true status unknown: false
10-06 11:33:23.535  2492  3562 D PowerUI : can't show warning due to - plugged: true status unknown: false
10-06 11:34:23.553  2492  3565 D PowerUI : can't show warning due to - plugged: true status unknown: false
10-06 11:35:23.564  2492  5367 D PowerUI : can't show warning due to - plugged: true status unknown: false
10-06 11:36:14.207  1921  2037 I UsageStatsService: User[0] Flushing usage stats to disk
10-06 11:36:23.538  2492 10856 D PowerUI : can't show warning due to - plugged: true status unknown: false
10-06 11:37:01.064  1921  2089 W PackageManager: Verification with id 72 not found. It may be invalid or overridden by integrity verification
10-06 11:37:23.539  2492  8442 D PowerUI : can't show warning due to - plugged: true status unknown: false
10-06 11:37:53.506  1921  2337 W NetworkPolicy: shared quota unsupported; generating rule for each iface
10-06 11:38:01.371  1921  2349 D NsdService: unregister service
10-06 11:38:01.371  1921  2349 D NsdService: mdnssd [stop-register, 1393]
10-06 11:38:01.528  1921  2349 D NsdService: Register service
10-06 11:38:01.529  1921  2349 D NsdService: registerService: 1394 name: I0sxRUb8n14AAA, type: _FC9F5ED42C8A._tcp, host: null, port: 53601, txtRecord: f=5200n=MjbjDkcOkAbQm_FNo2PT8EYIPv4=192.168.0.102
10-06 11:38:01.529  1921  2349 D NsdService: mdnssd [register, 1394, I0sxRUb8n14AAA, _FC9F5ED42C8A._tcp, 53601, BmY9NTIwMBluPU1qYmpEa2NPa0FiUW1fRk5vMlBUOEVZEklQdjQ9MTkyLjE2OC4wLjEwMg==]
10-06 11:38:01.530  1921  2349 D NsdService: Register 231 1394
10-06 11:38:02.249  1921  2349 D NsdService: Native daemon message SERVICE_REGISTERED: 606 1394 "I0sxRUb8n14AAA"
10-06 11:38:07.973  1921  2580 D CompatibilityChangeReporter: Compat change id reported: 171306433; UID 10135; state: ENABLED
10-06 11:38:08.084  1921  3700 D CompatibilityChangeReporter: Compat change id reported: 135634846; UID 10061; state: DISABLED
10-06 11:38:08.084  1921  3700 D CompatibilityChangeReporter: Compat change id reported: 177438394; UID 10061; state: DISABLED
10-06 11:38:08.085  1921  3700 D CompatibilityChangeReporter: Compat change id reported: 135772972; UID 10061; state: DISABLED
10-06 11:38:08.085  1921  3700 D CompatibilityChangeReporter: Compat change id reported: 135754954; UID 10061; state: ENABLED
10-06 11:38:08.085  1921  2039 D CompatibilityChangeReporter: Compat change id reported: 143937733; UID 10061; state: ENABLED
10-06 11:38:08.096  1921  2039 I ActivityManager: Start proc 13496:com.android.providers.calendar/u0a61 for content provider {com.android.providers.calendar/com.android.providers.calendar.CalendarProvider2}
10-06 11:38:08.131  1921  2581 D CompatibilityChangeReporter: Compat change id reported: 168419799; UID 10061; state: DISABLED
10-06 11:38:08.249  1921  2581 D CompatibilityChangeReporter: Compat change id reported: 143231523; UID 10135; state: DISABLED
10-06 11:38:08.249  1921  2580 D CompatibilityChangeReporter: Compat change id reported: 143231523; UID 10061; state: DISABLED
10-06 11:38:08.385  1921  3700 D CompatibilityChangeReporter: Compat change id reported: 319212206; UID 10135; state: ENABLED
10-06 11:38:10.161  1921  2581 I ContentCaptureManagerService: Data share request accepted by Content Capture service
10-06 11:38:10.182  1921  2581 I ContentCaptureManagerService: Data share request accepted by Content Capture service
10-06 11:38:23.548  2492 11008 D PowerUI : can't show warning due to - plugged: true status unknown: false
